Archive member included to satisfy reference by file (symbol)

c:/program files (x86)/atmel/studio/7.0/toolchain/arm/arm-gnu-toolchain/bin/../lib/gcc/arm-none-eabi/5.3.1/armv7e-m\libgcc.a(_aeabi_uldivmod.o)
                              src/main.o (__aeabi_uldivmod)
c:/program files (x86)/atmel/studio/7.0/toolchain/arm/arm-gnu-toolchain/bin/../lib/gcc/arm-none-eabi/5.3.1/armv7e-m\libgcc.a(_udivmoddi4.o)
                              c:/program files (x86)/atmel/studio/7.0/toolchain/arm/arm-gnu-toolchain/bin/../lib/gcc/arm-none-eabi/5.3.1/armv7e-m\libgcc.a(_aeabi_uldivmod.o) (__udivmoddi4)
c:/program files (x86)/atmel/studio/7.0/toolchain/arm/arm-gnu-toolchain/bin/../lib/gcc/arm-none-eabi/5.3.1/armv7e-m\libgcc.a(_dvmd_tls.o)
                              c:/program files (x86)/atmel/studio/7.0/toolchain/arm/arm-gnu-toolchain/bin/../lib/gcc/arm-none-eabi/5.3.1/armv7e-m\libgcc.a(_aeabi_uldivmod.o) (__aeabi_ldiv0)
c:/program files (x86)/atmel/studio/7.0/toolchain/arm/arm-gnu-toolchain/bin/../lib/gcc/arm-none-eabi/5.3.1/../../../../arm-none-eabi/lib/armv7e-m\libc.a(lib_a-exit.o)
                              c:/program files (x86)/atmel/studio/7.0/toolchain/arm/arm-gnu-toolchain/bin/../lib/gcc/arm-none-eabi/5.3.1/../../../../arm-none-eabi/lib/armv7e-m/crt0.o (exit)
c:/program files (x86)/atmel/studio/7.0/toolchain/arm/arm-gnu-toolchain/bin/../lib/gcc/arm-none-eabi/5.3.1/../../../../arm-none-eabi/lib/armv7e-m\libc.a(lib_a-impure.o)
                              c:/program files (x86)/atmel/studio/7.0/toolchain/arm/arm-gnu-toolchain/bin/../lib/gcc/arm-none-eabi/5.3.1/../../../../arm-none-eabi/lib/armv7e-m\libc.a(lib_a-exit.o) (_global_impure_ptr)
c:/program files (x86)/atmel/studio/7.0/toolchain/arm/arm-gnu-toolchain/bin/../lib/gcc/arm-none-eabi/5.3.1/../../../../arm-none-eabi/lib/armv7e-m\libc.a(lib_a-init.o)
                              c:/program files (x86)/atmel/studio/7.0/toolchain/arm/arm-gnu-toolchain/bin/../lib/gcc/arm-none-eabi/5.3.1/../../../../arm-none-eabi/lib/armv7e-m/crt0.o (__libc_init_array)
c:/program files (x86)/atmel/studio/7.0/toolchain/arm/arm-gnu-toolchain/bin/../lib/gcc/arm-none-eabi/5.3.1/../../../../arm-none-eabi/lib/armv7e-m\libc.a(lib_a-iprintf.o)
                              src/main.o (iprintf)
c:/program files (x86)/atmel/studio/7.0/toolchain/arm/arm-gnu-toolchain/bin/../lib/gcc/arm-none-eabi/5.3.1/../../../../arm-none-eabi/lib/armv7e-m\libc.a(lib_a-memset.o)
                              c:/program files (x86)/atmel/studio/7.0/toolchain/arm/arm-gnu-toolchain/bin/../lib/gcc/arm-none-eabi/5.3.1/../../../../arm-none-eabi/lib/armv7e-m/crt0.o (memset)
c:/program files (x86)/atmel/studio/7.0/toolchain/arm/arm-gnu-toolchain/bin/../lib/gcc/arm-none-eabi/5.3.1/../../../../arm-none-eabi/lib/armv7e-m\libc.a(lib_a-setbuf.o)
                              src/main.o (setbuf)
c:/program files (x86)/atmel/studio/7.0/toolchain/arm/arm-gnu-toolchain/bin/../lib/gcc/arm-none-eabi/5.3.1/../../../../arm-none-eabi/lib/armv7e-m\libc.a(lib_a-setvbuf.o)
                              c:/program files (x86)/atmel/studio/7.0/toolchain/arm/arm-gnu-toolchain/bin/../lib/gcc/arm-none-eabi/5.3.1/../../../../arm-none-eabi/lib/armv7e-m\libc.a(lib_a-setbuf.o) (setvbuf)
c:/program files (x86)/atmel/studio/7.0/toolchain/arm/arm-gnu-toolchain/bin/../lib/gcc/arm-none-eabi/5.3.1/../../../../arm-none-eabi/lib/armv7e-m\libc.a(lib_a-vfiprintf.o)
                              c:/program files (x86)/atmel/studio/7.0/toolchain/arm/arm-gnu-toolchain/bin/../lib/gcc/arm-none-eabi/5.3.1/../../../../arm-none-eabi/lib/armv7e-m\libc.a(lib_a-iprintf.o) (_vfiprintf_r)
c:/program files (x86)/atmel/studio/7.0/toolchain/arm/arm-gnu-toolchain/bin/../lib/gcc/arm-none-eabi/5.3.1/../../../../arm-none-eabi/lib/armv7e-m\libc.a(lib_a-wsetup.o)
                              c:/program files (x86)/atmel/studio/7.0/toolchain/arm/arm-gnu-toolchain/bin/../lib/gcc/arm-none-eabi/5.3.1/../../../../arm-none-eabi/lib/armv7e-m\libc.a(lib_a-vfiprintf.o) (__swsetup_r)
c:/program files (x86)/atmel/studio/7.0/toolchain/arm/arm-gnu-toolchain/bin/../lib/gcc/arm-none-eabi/5.3.1/../../../../arm-none-eabi/lib/armv7e-m\libc.a(lib_a-__call_atexit.o)
                              c:/program files (x86)/atmel/studio/7.0/toolchain/arm/arm-gnu-toolchain/bin/../lib/gcc/arm-none-eabi/5.3.1/../../../../arm-none-eabi/lib/armv7e-m\libc.a(lib_a-exit.o) (__call_exitprocs)
c:/program files (x86)/atmel/studio/7.0/toolchain/arm/arm-gnu-toolchain/bin/../lib/gcc/arm-none-eabi/5.3.1/../../../../arm-none-eabi/lib/armv7e-m\libc.a(lib_a-atexit.o)
                              c:/program files (x86)/atmel/studio/7.0/toolchain/arm/arm-gnu-toolchain/bin/../lib/gcc/arm-none-eabi/5.3.1/../../../../arm-none-eabi/lib/armv7e-m\libc.a(lib_a-__call_atexit.o) (atexit)
c:/program files (x86)/atmel/studio/7.0/toolchain/arm/arm-gnu-toolchain/bin/../lib/gcc/arm-none-eabi/5.3.1/../../../../arm-none-eabi/lib/armv7e-m\libc.a(lib_a-fflush.o)
[...]
Memory Configuration

Name             Origin             Length             Attributes
rom              0x00400000         0x00200000         xr
ram              0x20000000         0x00028000         xrw
*default*        0x00000000         0xffffffff

Linker script and memory map

LOAD c:/program files (x86)/atmel/studio/7.0/toolchain/arm/arm-gnu-toolchain/bin/../lib/gcc/arm-none-eabi/5.3.1/armv7e-m/crti.o
LOAD c:/program files (x86)/atmel/studio/7.0/toolchain/arm/arm-gnu-toolchain/bin/../lib/gcc/arm-none-eabi/5.3.1/armv7e-m/crtbegin.o
LOAD c:/program files (x86)/atmel/studio/7.0/toolchain/arm/arm-gnu-toolchain/bin/../lib/gcc/arm-none-eabi/5.3.1/../../../../arm-none-eabi/lib/armv7e-m/crt0.o
LOAD src/ASF/common/utils/stdio/read.o
LOAD src/ASF/common/utils/stdio/write.o
LOAD src/ASF/common/services/serial/usart_serial.o
LOAD src/ASF/sam/drivers/pio/pio_handler.o
LOAD src/ASF/sam/drivers/twi/twi.o
LOAD src/ASF/sam/drivers/uart/uart.o
LOAD src/ASF/sam/drivers/usart/usart.o
LOAD src/ASF/common/services/delay/sam/cycle_counter.o
LOAD src/ASF/common/services/clock/sam4s/sysclk.o
LOAD src/ASF/sam/drivers/pdc/pdc.o
LOAD src/ASF/sam/drivers/pio/pio.o
LOAD src/ASF/sam/drivers/pmc/pmc.o
LOAD src/ASF/sam/drivers/pmc/sleep.o
LOAD src/ASF/common/boards/user_board/init.o
LOAD src/ASF/common/utils/interrupt/interrupt_sam_nvic.o
LOAD src/ASF/sam/utils/cmsis/sam4s/source/templates/gcc/startup_sam4s.o
LOAD src/ASF/sam/utils/cmsis/sam4s/source/templates/system_sam4s.o
LOAD src/ASF/sam/utils/syscalls/gcc/syscalls.o
LOAD src/main.o
START GROUP
LOAD ../src/ASF/thirdparty/CMSIS/Lib/GCC\libarm_cortexM4l_math.a
LOAD c:/program files (x86)/atmel/studio/7.0/toolchain/arm/arm-gnu-toolchain/bin/../lib/gcc/arm-none-eabi/5.3.1/../../../../arm-none-eabi/lib/armv7e-m\libm.a
END GROUP
START GROUP
LOAD c:/program files (x86)/atmel/studio/7.0/toolchain/arm/arm-gnu-toolchain/bin/../lib/gcc/arm-none-eabi/5.3.1/armv7e-m\libgcc.a
LOAD c:/program files (x86)/atmel/studio/7.0/toolchain/arm/arm-gnu-toolchain/bin/../lib/gcc/arm-none-eabi/5.3.1/../../../../arm-none-eabi/lib/armv7e-m\libc.a
END GROUP
LOAD c:/program files (x86)/atmel/studio/7.0/toolchain/arm/arm-gnu-toolchain/bin/../lib/gcc/arm-none-eabi/5.3.1/armv7e-m/crtend.o
LOAD c:/program files (x86)/atmel/studio/7.0/toolchain/arm/arm-gnu-toolchain/bin/../lib/gcc/arm-none-eabi/5.3.1/armv7e-m/crtn.o
                0x00003000                __stack_size__ = DEFINED (__stack_size__)?__stack_size__:0x3000
                0x20027ffc                __ram_end__ = ((ORIGIN (ram) + LENGTH (ram)) - 0x4)

.text           0x00400000     0x4b98
                0x00400000                . = ALIGN (0x4)
                0x00400000                _sfixed = .
 *(.vectors .vectors.*)
 .vectors       0x00400000       0xcc src/ASF/sam/utils/cmsis/sam4s/source/templates/gcc/startup_sam4s.o
                0x00400000                exception_table
 *(.text .text.* .gnu.linkonce.t.*)
 .text          0x004000cc       0x5c c:/program files (x86)/atmel/studio/7.0/toolchain/arm/arm-gnu-toolchain/bin/../lib/gcc/arm-none-eabi/5.3.1/armv7e-m/crtbegin.o
 .text._read    0x00400128       0x54 src/ASF/common/utils/stdio/read.o
                0x00400128                _read
 .text._write   0x0040017c       0x6c src/ASF/common/utils/stdio/write.o
                0x0040017c                _write
 .text.pio_handler_process
                0x004001e8       0xd4 src/ASF/sam/drivers/pio/pio_handler.o
                0x004001e8                pio_handler_process
 .text.PIOA_Handler
                0x004002bc       0x18 src/ASF/sam/drivers/pio/pio_handler.o
                0x004002bc                PIOA_Handler
 .text.PIOB_Handler
                0x004002d4       0x18 src/ASF/sam/drivers/pio/pio_handler.o
                0x004002d4                PIOB_Handler
 .text.PIOC_Handler
                0x004002ec       0x18 src/ASF/sam/drivers/pio/pio_handler.o
                0x004002ec                PIOC_Handler
 .text.uart_init
                0x00400304       0x60 src/ASF/sam/drivers/uart/uart.o
                0x00400304                uart_init
 .text.uart_write
                0x00400364       0x30 src/ASF/sam/drivers/uart/uart.o
                0x00400364                uart_write
 .text.uart_read
                0x00400394       0x30 src/ASF/sam/drivers/uart/uart.o
                0x00400394                uart_read
 .text.usart_set_async_baudrate
                0x004003c4       0x88 src/ASF/sam/drivers/usart/usart.o
                0x004003c4                usart_set_async_baudrate
 .text.usart_reset
                0x0040044c       0x60 src/ASF/sam/drivers/usart/usart.o
                0x0040044c                usart_reset
 .text.usart_init_rs232
                0x004004ac       0x84 src/ASF/sam/drivers/usart/usart.o
                0x004004ac                usart_init_rs232
 .text.usart_enable_tx
                0x00400530       0x18 src/ASF/sam/drivers/usart/usart.o
                0x00400530                usart_enable_tx
 .text.usart_reset_tx
                0x00400548       0x18 src/ASF/sam/drivers/usart/usart.o
                0x00400548                usart_reset_tx
 .text.usart_enable_rx
                0x00400560       0x18 src/ASF/sam/drivers/usart/usart.o
                0x00400560                usart_enable_rx
 .text.usart_reset_rx
                0x00400578       0x18 src/ASF/sam/drivers/usart/usart.o
                0x00400578                usart_reset_rx
 .text.usart_reset_status
                0x00400590       0x1c src/ASF/sam/drivers/usart/usart.o
                0x00400590                usart_reset_status
 .text.usart_drive_DTR_pin_high
                0x004005ac       0x1c src/ASF/sam/drivers/usart/usart.o
                0x004005ac                usart_drive_DTR_pin_high
 .text.usart_drive_RTS_pin_high
                0x004005c8       0x1c src/ASF/sam/drivers/usart/usart.o
                0x004005c8                usart_drive_RTS_pin_high
 .text.usart_write
                0x004005e4       0x30 src/ASF/sam/drivers/usart/usart.o
                0x004005e4                usart_write
 .text.usart_read
                0x00400614       0x34 src/ASF/sam/drivers/usart/usart.o
                0x00400614                usart_read
 .text.usart_disable_writeprotect
                0x00400648       0x20 src/ASF/sam/drivers/usart/usart.o
                0x00400648                usart_disable_writeprotect
 .text.osc_enable
                0x00400668       0x88 src/ASF/common/services/clock/sam4s/sysclk.o
 .text.osc_is_ready
                0x004006f0       0x70 src/ASF/common/services/clock/sam4s/sysclk.o
 .text.osc_get_rate
                0x00400760       0x74 src/ASF/common/services/clock/sam4s/sysclk.o
 .text.osc_wait_ready
                0x004007d4       0x2c src/ASF/common/services/clock/sam4s/sysclk.o
 .text.pll_config_init
                0x00400800       0x54 src/ASF/common/services/clock/sam4s/sysclk.o
 .text.pll_enable
                0x00400854       0x44 src/ASF/common/services/clock/sam4s/sysclk.o
 .text.pll_is_locked
                0x00400898       0x2c src/ASF/common/services/clock/sam4s/sysclk.o
 .text.pll_enable_source
                0x004008c4       0x38 src/ASF/common/services/clock/sam4s/sysclk.o
 .text.pll_wait_for_lock
                0x004008fc       0x24 src/ASF/common/services/clock/sam4s/sysclk.o
 .text.sysclk_get_main_hz
                0x00400920       0x1c src/ASF/common/services/clock/sam4s/sysclk.o
 .text.sysclk_get_cpu_hz
                0x0040093c       0x14 src/ASF/common/services/clock/sam4s/sysclk.o
 .text.sysclk_init
                0x00400950       0x70 src/ASF/common/services/clock/sam4s/sysclk.o
                0x00400950                sysclk_init
 .text.pio_pull_up
                0x004009c0       0x2c src/ASF/sam/drivers/pio/pio.o
                0x004009c0                pio_pull_up
 .text.pio_set_peripheral
                0x004009ec      0x110 src/ASF/sam/drivers/pio/pio.o
                0x004009ec                pio_set_peripheral
 .text.pio_set_input
                0x00400afc       0x80 src/ASF/sam/drivers/pio/pio.o
                0x00400afc                pio_set_input
 .text.pio_set_output
                0x00400b7c       0x64 src/ASF/sam/drivers/pio/pio.o
                0x00400b7c                pio_set_output
 .text.pio_disable_interrupt
                0x00400be0       0x1c src/ASF/sam/drivers/pio/pio.o
                0x00400be0                pio_disable_interrupt
 .text.pio_get_interrupt_status
                0x00400bfc       0x18 src/ASF/sam/drivers/pio/pio.o
                0x00400bfc                pio_get_interrupt_status
 .text.pio_get_interrupt_mask
                0x00400c14       0x18 src/ASF/sam/drivers/pio/pio.o
                0x00400c14                pio_get_interrupt_mask
 .text.pio_configure_pin
                0x00400c2c      0x1b0 src/ASF/sam/drivers/pio/pio.o
                0x00400c2c                pio_configure_pin
 .text.pio_configure_pin_group
                0x00400ddc      0x12c src/ASF/sam/drivers/pio/pio.o
                0x00400ddc                pio_configure_pin_group
 .text.pio_get_pin_group
                0x00400f08       0x24 src/ASF/sam/drivers/pio/pio.o
                0x00400f08                pio_get_pin_group
 .text.pmc_switch_mck_to_pllack
                0x00400f2c       0x80 src/ASF/sam/drivers/pmc/pmc.o
                0x00400f2c                pmc_switch_mck_to_pllack
 .text.pmc_switch_sclk_to_32kxtal
                0x00400fac       0x38 src/ASF/sam/drivers/pmc/pmc.o
                0x00400fac                pmc_switch_sclk_to_32kxtal
 .text.pmc_osc_is_ready_32kxtal
                0x00400fe4       0x34 src/ASF/sam/drivers/pmc/pmc.o
                0x00400fe4                pmc_osc_is_ready_32kxtal
 .text.pmc_switch_mainck_to_fastrc
                0x00401018       0x70 src/ASF/sam/drivers/pmc/pmc.o
                0x00401018                pmc_switch_mainck_to_fastrc
 .text.pmc_switch_mainck_to_xtal
                0x00401088       0x78 src/ASF/sam/drivers/pmc/pmc.o
                0x00401088                pmc_switch_mainck_to_xtal
 .text.pmc_osc_is_ready_mainck
                0x00401100       0x18 src/ASF/sam/drivers/pmc/pmc.o
                0x00401100                pmc_osc_is_ready_mainck
 .text.pmc_disable_pllack
                0x00401118       0x18 src/ASF/sam/drivers/pmc/pmc.o
                0x00401118                pmc_disable_pllack
 .text.pmc_is_locked_pllack
                0x00401130       0x18 src/ASF/sam/drivers/pmc/pmc.o
                0x00401130                pmc_is_locked_pllack
 .text.pmc_disable_pllbck
                0x00401148       0x18 src/ASF/sam/drivers/pmc/pmc.o
                0x00401148                pmc_disable_pllbck
 .text.pmc_is_locked_pllbck
                0x00401160       0x18 src/ASF/sam/drivers/pmc/pmc.o
                0x00401160                pmc_is_locked_pllbck
 .text.pmc_enable_periph_clk
                0x00401178       0x80 src/ASF/sam/drivers/pmc/pmc.o
                0x00401178                pmc_enable_periph_clk
 .text.sysclk_enable_peripheral_clock
                0x004011f8       0x1c src/ASF/common/boards/user_board/init.o
 .text.ioport_init
                0x00401214       0x20 src/ASF/common/boards/user_board/init.o
 .text.board_init
                0x00401234       0x38 src/ASF/common/boards/user_board/init.o
                0x00401234                board_init
 .text.Reset_Handler
                0x0040126c       0xc8 src/ASF/sam/utils/cmsis/sam4s/source/templates/gcc/startup_sam4s.o
                0x0040126c                Reset_Handler
 .text.Dummy_Handler
                0x00401334        0x8 src/ASF/sam/utils/cmsis/sam4s/source/templates/gcc/startup_sam4s.o
                0x00401334                DACC_Handler
                0x00401334                DebugMon_Handler
                0x00401334                HardFault_Handler
                0x00401334                TC2_Handler
                0x00401334                SPI_Handler
                0x00401334                SysTick_Handler
                0x00401334                TWI1_Handler
                0x00401334                PendSV_Handler
                0x00401334                NMI_Handler
                0x00401334                ADC_Handler
                0x00401334                CRCCU_Handler
                0x00401334                USART0_Handler
                0x00401334                RTT_Handler
                0x00401334                EFC1_Handler
                0x00401334                RTC_Handler
                0x00401334                UsageFault_Handler
                0x00401334                WDT_Handler
                0x00401334                TC4_Handler
                0x00401334                TC1_Handler
                0x00401334                HSMCI_Handler
                0x00401334                UART1_Handler
                0x00401334                TC3_Handler
                0x00401334                Dummy_Handler
                0x00401334                TWI0_Handler
                0x00401334                USART1_Handler
                0x00401334                SSC_Handler
                0x00401334                EFC0_Handler
                0x00401334                ACC_Handler
                0x00401334                PMC_Handler
                0x00401334                PWM_Handler
                0x00401334                MemManage_Handler
                0x00401334                SUPC_Handler
                0x00401334                SVC_Handler
                0x00401334                UART0_Handler
                0x00401334                UDP_Handler
                0x00401334                BusFault_Handler
                0x00401334                RSTC_Handler
                0x00401334                TC0_Handler
                0x00401334                TC5_Handler
 .text.SystemCoreClockUpdate
                0x0040133c      0x19c src/ASF/sam/utils/cmsis/sam4s/source/templates/system_sam4s.o
                0x0040133c                SystemCoreClockUpdate
 .text.system_init_flash
                0x004014d8       0xc0 src/ASF/sam/utils/cmsis/sam4s/source/templates/system_sam4s.o
                0x004014d8                system_init_flash
 .text._sbrk    0x00401598       0x58 src/ASF/sam/utils/syscalls/gcc/syscalls.o
                0x00401598                _sbrk
 .text._close   0x004015f0       0x18 src/ASF/sam/utils/syscalls/gcc/syscalls.o
                0x004015f0                _close
 .text._fstat   0x00401608       0x20 src/ASF/sam/utils/syscalls/gcc/syscalls.o
                0x00401608                _fstat
 .text._isatty  0x00401628       0x14 src/ASF/sam/utils/syscalls/gcc/syscalls.o
                0x00401628                _isatty
 .text._lseek   0x0040163c       0x18 src/ASF/sam/utils/syscalls/gcc/syscalls.o
                0x0040163c                _lseek
 .text.osc_get_rate
                0x00401654       0x74 src/main.o
 .text.sysclk_get_main_hz
                0x004016c8       0x1c src/main.o
 .text.sysclk_get_cpu_hz
                0x004016e4       0x14 src/main.o
 .text.sysclk_get_peripheral_hz
                0x004016f8       0x14 src/main.o
 .text.sysclk_enable_peripheral_clock
                0x0040170c       0x1c src/main.o
 .text.usart_serial_init
                0x00401728       0xf8 src/main.o
 .text.usart_serial_putchar
                0x00401820       0xa8 src/main.o
 .text.usart_serial_getchar
                0x004018c8       0xa8 src/main.o
 .text.stdio_serial_init
                0x00401970       0x68 src/main.o
 .text.main     0x004019d8       0xb8 src/main.o
                0x004019d8                main
 .text.InitConUart
                0x00401a90       0x44 src/main.o
                0x00401a90                InitConUart
 .text          0x00401ad4       0x30 c:/program files (x86)/atmel/studio/7.0/toolchain/arm/arm-gnu-toolchain/bin/../lib/gcc/arm-none-eabi/5.3.1/armv7e-m\libgcc.a(_aeabi_uldivmod.o)
                0x00401ad4                __aeabi_uldivmod
 .text          0x00401b04      0x2e4 c:/program files (x86)/atmel/studio/7.0/toolchain/arm/arm-gnu-toolchain/bin/../lib/gcc/arm-none-eabi/5.3.1/armv7e-m\libgcc.a(_udivmoddi4.o)
                0x00401b04                __udivmoddi4
 .text          0x00401de8        0x4 c:/program files (x86)/atmel/studio/7.0/toolchain/arm/arm-gnu-toolchain/bin/../lib/gcc/arm-none-eabi/5.3.1/armv7e-m\libgcc.a(_dvmd_tls.o)
                0x00401de8                __aeabi_idiv0
                0x00401de8                __aeabi_ldiv0
 .text.__libc_init_array
                0x00401dec       0x50 c:/program files (x86)/atmel/studio/7.0/toolchain/arm/arm-gnu-toolchain/bin/../lib/gcc/arm-none-eabi/5.3.1/../../../../arm-none-eabi/lib/armv7e-m\libc.a(lib_a-init.o)
                0x00401dec                __libc_init_array
 .text.iprintf  0x00401e3c       0x28 c:/program files (x86)/atmel/studio/7.0/toolchain/arm/arm-gnu-toolchain/bin/../lib/gcc/arm-none-eabi/5.3.1/../../../../arm-none-eabi/lib/armv7e-m\libc.a(lib_a-iprintf.o)
                0x00401e3c                iprintf
 .text.memset   0x00401e64       0x9c c:/program files (x86)/atmel/studio/7.0/toolchain/arm/arm-gnu-toolchain/bin/../lib/gcc/arm-none-eabi/5.3.1/../../../../arm-none-eabi/lib/armv7e-m\libc.a(lib_a-memset.o)
                0x00401e64                memset
 .text.setbuf   0x00401f00       0x10 c:/program files (x86)/atmel/studio/7.0/toolchain/arm/arm-gnu-toolchain/bin/../lib/gcc/arm-none-eabi/5.3.1/../../../../arm-none-eabi/lib/armv7e-m\libc.a(lib_a-setbuf.o)
                0x00401f00                setbuf
 .text.setvbuf  0x00401f10      0x150 c:/program files (x86)/atmel/studio/7.0/toolchain/arm/arm-gnu-toolchain/bin/../lib/gcc/arm-none-eabi/5.3.1/../../../../arm-none-eabi/lib/armv7e-m\libc.a(lib_a-setvbuf.o)
                0x00401f10                setvbuf
 .text.__sprint_r.part.0
                0x00402060       0x78 c:/program files (x86)/atmel/studio/7.0/toolchain/arm/arm-gnu-toolchain/bin/../lib/gcc/arm-none-eabi/5.3.1/../../../../arm-none-eabi/lib/armv7e-m\libc.a(lib_a-vfiprintf.o)
 .text._vfiprintf_r
                0x004020d8      0xdfc c:/program files (x86)/atmel/studio/7.0/toolchain/arm/arm-gnu-toolchain/bin/../lib/gcc/arm-none-eabi/5.3.1/../../../../arm-none-eabi/lib/armv7e-m\libc.a(lib_a-vfiprintf.o)
                0x004020d8                _vfiprintf_r
 .text.__sbprintf
                0x00402ed4       0x6c c:/program files (x86)/atmel/studio/7.0/toolchain/arm/arm-gnu-toolchain/bin/../lib/gcc/arm-none-eabi/5.3.1/../../../../arm-none-eabi/lib/armv7e-m\libc.a(lib_a-vfiprintf.o)
 .text.__swsetup_r
                0x00402f40       0xc8 c:/program files (x86)/atmel/studio/7.0/toolchain/arm/arm-gnu-toolchain/bin/../lib/gcc/arm-none-eabi/5.3.1/../../../../arm-none-eabi/lib/armv7e-m\libc.a(lib_a-wsetup.o)
                0x00402f40                __swsetup_r
 .text.startup.register_fini
                0x00403008       0x14 c:/program files (x86)/atmel/studio/7.0/toolchain/arm/arm-gnu-toolchain/bin/../lib/gcc/arm-none-eabi/5.3.1/../../../../arm-none-eabi/lib/armv7e-m\libc.a(lib_a-__call_atexit.o)
 .text.atexit   0x0040301c        0xc c:/program files (x86)/atmel/studio/7.0/toolchain/arm/arm-gnu-toolchain/bin/../lib/gcc/arm-none-eabi/5.3.1/../../../../arm-none-eabi/lib/armv7e-m\libc.a(lib_a-atexit.o)
                0x0040301c                atexit
 .text.__sflush_r
                0x00403028      0x148 c:/program files (x86)/atmel/studio/7.0/toolchain/arm/arm-gnu-toolchain/bin/../lib/gcc/arm-none-eabi/5.3.1/../../../../arm-none-eabi/lib/armv7e-m\libc.a(lib_a-fflush.o)
                0x00403028                __sflush_r
 .text._fflush_r
                0x00403170       0x2c c:/program files (x86)/atmel/studio/7.0/toolchain/arm/arm-gnu-toolchain/bin/../lib/gcc/arm-none-eabi/5.3.1/../../../../arm-none-eabi/lib/armv7e-m\libc.a(lib_a-fflush.o)
                0x00403170                _fflush_r
 .text._cleanup_r
                0x0040319c        0xc c:/program files (x86)/atmel/studio/7.0/toolchain/arm/arm-gnu-toolchain/bin/../lib/gcc/arm-none-eabi/5.3.1/../../../../arm-none-eabi/lib/armv7e-m\libc.a(lib_a-findfp.o)
                0x0040319c                _cleanup_r
 .text.__sinit.part.1
                0x004031a8       0xf0 c:/program files (x86)/atmel/studio/7.0/toolchain/arm/arm-gnu-toolchain/bin/../lib/gcc/arm-none-eabi/5.3.1/../../../../arm-none-eabi/lib/armv7e-m\libc.a(lib_a-findfp.o)
 .text.__sinit  0x00403298        0xc c:/program files (x86)/atmel/studio/7.0/toolchain/arm/arm-gnu-toolchain/bin/../lib/gcc/arm-none-eabi/5.3.1/../../../../arm-none-eabi/lib/armv7e-m\libc.a(lib_a-findfp.o)
                0x00403298                __sinit
 .text.__sfp_lock_acquire
                0x004032a4        0x4 c:/program files (x86)/atmel/studio/7.0/toolchain/arm/arm-gnu-toolchain/bin/../lib/gcc/arm-none-eabi/5.3.1/../../../../arm-none-eabi/lib/armv7e-m\libc.a(lib_a-findfp.o)
                0x004032a4                __sfp_lock_acquire
 .text.__sfp_lock_release
                0x004032a8        0x4 c:/program files (x86)/atmel/studio/7.0/toolchain/arm/arm-gnu-toolchain/bin/../lib/gcc/arm-none-eabi/5.3.1/../../../../arm-none-eabi/lib/armv7e-m\libc.a(lib_a-findfp.o)
                0x004032a8                __sfp_lock_release
 .text.__libc_fini_array
                0x004032ac       0x28 c:/program files (x86)/atmel/studio/7.0/toolchain/arm/arm-gnu-toolchain/bin/../lib/gcc/arm-none-eabi/5.3.1/../../../../arm-none-eabi/lib/armv7e-m\libc.a(lib_a-fini.o)
                0x004032ac                __libc_fini_array
 .text.__fputwc
                0x004032d4       0x98 c:/program files (x86)/atmel/studio/7.0/toolchain/arm/arm-gnu-toolchain/bin/../lib/gcc/arm-none-eabi/5.3.1/../../../../arm-none-eabi/lib/armv7e-m\libc.a(lib_a-fputwc.o)
                0x004032d4                __fputwc
 .text._fputwc_r
                0x0040336c       0x24 c:/program files (x86)/atmel/studio/7.0/toolchain/arm/arm-gnu-toolchain/bin/../lib/gcc/arm-none-eabi/5.3.1/../../../../arm-none-eabi/lib/armv7e-m\libc.a(lib_a-fputwc.o)
                0x0040336c                _fputwc_r
 .text._malloc_trim_r
                0x00403390       0x9c c:/program files (x86)/atmel/studio/7.0/toolchain/arm/arm-gnu-toolchain/bin/../lib/gcc/arm-none-eabi/5.3.1/../../../../arm-none-eabi/lib/armv7e-m\libc.a(lib_a-freer.o)
                0x00403390                _malloc_trim_r
 .text._free_r  0x0040342c      0x1d0 c:/program files (x86)/atmel/studio/7.0/toolchain/arm/arm-gnu-toolchain/bin/../lib/gcc/arm-none-eabi/5.3.1/../../../../arm-none-eabi/lib/armv7e-m\libc.a(lib_a-freer.o)
                0x0040342c                _free_r
 .text.__sfvwrite_r
                0x004035fc      0x304 c:/program files (x86)/atmel/studio/7.0/toolchain/arm/arm-gnu-toolchain/bin/../lib/gcc/arm-none-eabi/5.3.1/../../../../arm-none-eabi/lib/armv7e-m\libc.a(lib_a-fvwrite.o)
                0x004035fc                __sfvwrite_r
 .text._fwalk_reent
                0x00403900       0x54 c:/program files (x86)/atmel/studio/7.0/toolchain/arm/arm-gnu-toolchain/bin/../lib/gcc/arm-none-eabi/5.3.1/../../../../arm-none-eabi/lib/armv7e-m\libc.a(lib_a-fwalk.o)
                0x00403900                _fwalk_reent
 .text.__locale_charset
                0x00403954        0x8 c:/program files (x86)/atmel/studio/7.0/toolchain/arm/arm-gnu-toolchain/bin/../lib/gcc/arm-none-eabi/5.3.1/../../../../arm-none-eabi/lib/armv7e-m\libc.a(lib_a-locale.o)
                0x00403954                __locale_charset
 .text.__locale_mb_cur_max
                0x0040395c        0xc c:/program files (x86)/atmel/studio/7.0/toolchain/arm/arm-gnu-toolchain/bin/../lib/gcc/arm-none-eabi/5.3.1/../../../../arm-none-eabi/lib/armv7e-m\libc.a(lib_a-locale.o)
                0x0040395c                __locale_mb_cur_max
 .text.__swhatbuf_r
                0x00403968       0x60 c:/program files (x86)/atmel/studio/7.0/toolchain/arm/arm-gnu-toolchain/bin/../lib/gcc/arm-none-eabi/5.3.1/../../../../arm-none-eabi/lib/armv7e-m\libc.a(lib_a-makebuf.o)
                0x00403968                __swhatbuf_r
 .text.__smakebuf_r
                0x004039c8       0x88 c:/program files (x86)/atmel/studio/7.0/toolchain/arm/arm-gnu-toolchain/bin/../lib/gcc/arm-none-eabi/5.3.1/../../../../arm-none-eabi/lib/armv7e-m\libc.a(lib_a-makebuf.o)
                0x004039c8                __smakebuf_r
 .text.malloc   0x00403a50       0x10 c:/program files (x86)/atmel/studio/7.0/toolchain/arm/arm-gnu-toolchain/bin/../lib/gcc/arm-none-eabi/5.3.1/../../../../arm-none-eabi/lib/armv7e-m\libc.a(lib_a-malloc.o)
                0x00403a50                malloc
 .text._malloc_r
                0x00403a60      0x570 c:/program files (x86)/atmel/studio/7.0/toolchain/arm/arm-gnu-toolchain/bin/../lib/gcc/arm-none-eabi/5.3.1/../../../../arm-none-eabi/lib/armv7e-m\libc.a(lib_a-mallocr.o)
                0x00403a60                _malloc_r
 .text          0x00403fd0       0xa0 c:/program files (x86)/atmel/studio/7.0/toolchain/arm/arm-gnu-toolchain/bin/../lib/gcc/arm-none-eabi/5.3.1/../../../../arm-none-eabi/lib/armv7e-m\libc.a(lib_a-memchr.o)
                0x00403fd0                memchr
 .text          0x00404070      0x134 c:/program files (x86)/atmel/studio/7.0/toolchain/arm/arm-gnu-toolchain/bin/../lib/gcc/arm-none-eabi/5.3.1/../../../../arm-none-eabi/lib/armv7e-m\libc.a(lib_a-memcpy.o)
                0x00404070                memcpy
 .text.memmove  0x004041a4       0xc8 c:/program files (x86)/atmel/studio/7.0/toolchain/arm/arm-gnu-toolchain/bin/../lib/gcc/arm-none-eabi/5.3.1/../../../../arm-none-eabi/lib/armv7e-m\libc.a(lib_a-memmove.o)
                0x004041a4                memmove
 .text.__malloc_lock
                0x0040426c        0x4 c:/program files (x86)/atmel/studio/7.0/toolchain/arm/arm-gnu-toolchain/bin/../lib/gcc/arm-none-eabi/5.3.1/../../../../arm-none-eabi/lib/armv7e-m\libc.a(lib_a-mlock.o)
                0x0040426c                __malloc_lock
 .text.__malloc_unlock
                0x00404270        0x4 c:/program files (x86)/atmel/studio/7.0/toolchain/arm/arm-gnu-toolchain/bin/../lib/gcc/arm-none-eabi/5.3.1/../../../../arm-none-eabi/lib/armv7e-m\libc.a(lib_a-mlock.o)
                0x00404270                __malloc_unlock
 .text._realloc_r
                0x00404274      0x3e0 c:/program files (x86)/atmel/studio/7.0/toolchain/arm/arm-gnu-toolchain/bin/../lib/gcc/arm-none-eabi/5.3.1/../../../../arm-none-eabi/lib/armv7e-m\libc.a(lib_a-reallocr.o)
                0x00404274                _realloc_r
 .text._sbrk_r  0x00404654       0x24 c:/program files (x86)/atmel/studio/7.0/toolchain/arm/arm-gnu-toolchain/bin/../lib/gcc/arm-none-eabi/5.3.1/../../../../arm-none-eabi/lib/armv7e-m\libc.a(lib_a-sbrkr.o)
                0x00404654                _sbrk_r
 .text.__sread  0x00404678       0x24 c:/program files (x86)/atmel/studio/7.0/toolchain/arm/arm-gnu-toolchain/bin/../lib/gcc/arm-none-eabi/5.3.1/../../../../arm-none-eabi/lib/armv7e-m\libc.a(lib_a-stdio.o)
                0x00404678                __sread
 .text.__swrite
                0x0040469c       0x3c c:/program files (x86)/atmel/studio/7.0/toolchain/arm/arm-gnu-toolchain/bin/../lib/gcc/arm-none-eabi/5.3.1/../../../../arm-none-eabi/lib/armv7e-m\libc.a(lib_a-stdio.o)
                0x0040469c                __swrite
 .text.__sseek  0x004046d8       0x20 c:/program files (x86)/atmel/studio/7.0/toolchain/arm/arm-gnu-toolchain/bin/../lib/gcc/arm-none-eabi/5.3.1/../../../../arm-none-eabi/lib/armv7e-m\libc.a(lib_a-stdio.o)
                0x004046d8                __sseek
 .text.__sclose
                0x004046f8        0x8 c:/program files (x86)/atmel/studio/7.0/toolchain/arm/arm-gnu-toolchain/bin/../lib/gcc/arm-none-eabi/5.3.1/../../../../arm-none-eabi/lib/armv7e-m\libc.a(lib_a-stdio.o)
                0x004046f8                __sclose
 .text          0x00404700       0xdc c:/program files (x86)/atmel/studio/7.0/toolchain/arm/arm-gnu-toolchain/bin/../lib/gcc/arm-none-eabi/5.3.1/../../../../arm-none-eabi/lib/armv7e-m\libc.a(lib_a-strlen.o)
                0x00404700                strlen
 .text.__swbuf_r
                0x004047dc       0xac c:/program files (x86)/atmel/studio/7.0/toolchain/arm/arm-gnu-toolchain/bin/../lib/gcc/arm-none-eabi/5.3.1/../../../../arm-none-eabi/lib/armv7e-m\libc.a(lib_a-wbuf.o)
                0x004047dc                __swbuf_r
 .text._wcrtomb_r
                0x00404888       0x54 c:/program files (x86)/atmel/studio/7.0/toolchain/arm/arm-gnu-toolchain/bin/../lib/gcc/arm-none-eabi/5.3.1/../../../../arm-none-eabi/lib/armv7e-m\libc.a(lib_a-wcrtomb.o)
                0x00404888                _wcrtomb_r
 .text.__ascii_wctomb
                0x004048dc       0x1c c:/program files (x86)/atmel/studio/7.0/toolchain/arm/arm-gnu-toolchain/bin/../lib/gcc/arm-none-eabi/5.3.1/../../../../arm-none-eabi/lib/armv7e-m\libc.a(lib_a-wctomb_r.o)
                0x004048dc                __ascii_wctomb
 .text._write_r
                0x004048f8       0x2c c:/program files (x86)/atmel/studio/7.0/toolchain/arm/arm-gnu-toolchain/bin/../lib/gcc/arm-none-eabi/5.3.1/../../../../arm-none-eabi/lib/armv7e-m\libc.a(lib_a-writer.o)
                0x004048f8                _write_r
 .text.__register_exitproc
                0x00404924       0xa4 c:/program files (x86)/atmel/studio/7.0/toolchain/arm/arm-gnu-toolchain/bin/../lib/gcc/arm-none-eabi/5.3.1/../../../../arm-none-eabi/lib/armv7e-m\libc.a(lib_a-__atexit.o)
                0x00404924                __register_exitproc
 .text._close_r
                0x004049c8       0x24 c:/program files (x86)/atmel/studio/7.0/toolchain/arm/arm-gnu-toolchain/bin/../lib/gcc/arm-none-eabi/5.3.1/../../../../arm-none-eabi/lib/armv7e-m\libc.a(lib_a-closer.o)
                0x004049c8                _close_r
 .text._fclose_r
                0x004049ec       0x84 c:/program files (x86)/atmel/studio/7.0/toolchain/arm/arm-gnu-toolchain/bin/../lib/gcc/arm-none-eabi/5.3.1/../../../../arm-none-eabi/lib/armv7e-m\libc.a(lib_a-fclose.o)
                0x004049ec                _fclose_r
 .text._fstat_r
                0x00404a70       0x28 c:/program files (x86)/atmel/studio/7.0/toolchain/arm/arm-gnu-toolchain/bin/../lib/gcc/arm-none-eabi/5.3.1/../../../../arm-none-eabi/lib/armv7e-m\libc.a(lib_a-fstatr.o)
                0x00404a70                _fstat_r
 .text._isatty_r
                0x00404a98       0x24 c:/program files (x86)/atmel/studio/7.0/toolchain/arm/arm-gnu-toolchain/bin/../lib/gcc/arm-none-eabi/5.3.1/../../../../arm-none-eabi/lib/armv7e-m\libc.a(lib_a-isattyr.o)
                0x00404a98                _isatty_r
 .text._lseek_r
                0x00404abc       0x2c c:/program files (x86)/atmel/studio/7.0/toolchain/arm/arm-gnu-toolchain/bin/../lib/gcc/arm-none-eabi/5.3.1/../../../../arm-none-eabi/lib/armv7e-m\libc.a(lib_a-lseekr.o)
                0x00404abc                _lseek_r
 .text._read_r  0x00404ae8       0x2c c:/program files (x86)/atmel/studio/7.0/toolchain/arm/arm-gnu-toolchain/bin/../lib/gcc/arm-none-eabi/5.3.1/../../../../arm-none-eabi/lib/armv7e-m\libc.a(lib_a-readr.o)
                0x00404ae8                _read_r
 *(.glue_7t)
 .glue_7t       0x00404b14        0x0 linker stubs
 *(.glue_7)
 .glue_7        0x00404b14        0x0 linker stubs
 *(.rodata .rodata* .gnu.linkonce.r.*)
 .rodata        0x00404b14        0x5 src/main.o
 *fill*         0x00404b19        0x3 
 .rodata.str1.4
                0x00404b1c        0x2 c:/program files (x86)/atmel/studio/7.0/toolchain/arm/arm-gnu-toolchain/bin/../lib/gcc/arm-none-eabi/5.3.1/../../../../arm-none-eabi/lib/armv7e-m\libc.a(lib_a-impure.o)
 *fill*         0x00404b1e        0x2 
 .rodata._global_impure_ptr
                0x00404b20        0x4 c:/program files (x86)/atmel/studio/7.0/toolchain/arm/arm-gnu-toolchain/bin/../lib/gcc/arm-none-eabi/5.3.1/../../../../arm-none-eabi/lib/armv7e-m\libc.a(lib_a-impure.o)
                0x00404b20                _global_impure_ptr
 .rodata.zeroes.6993
                0x00404b24       0x10 c:/program files (x86)/atmel/studio/7.0/toolchain/arm/arm-gnu-toolchain/bin/../lib/gcc/arm-none-eabi/5.3.1/../../../../arm-none-eabi/lib/armv7e-m\libc.a(lib_a-vfiprintf.o)
 .rodata.str1.4
                0x00404b34       0x30 c:/program files (x86)/atmel/studio/7.0/toolchain/arm/arm-gnu-toolchain/bin/../lib/gcc/arm-none-eabi/5.3.1/../../../../arm-none-eabi/lib/armv7e-m\libc.a(lib_a-vfiprintf.o)
                                 0x2f (size before relaxing)
 .rodata.blanks.6992
                0x00404b64       0x10 c:/program files (x86)/atmel/studio/7.0/toolchain/arm/arm-gnu-toolchain/bin/../lib/gcc/arm-none-eabi/5.3.1/../../../../arm-none-eabi/lib/armv7e-m\libc.a(lib_a-vfiprintf.o)
 *(.ARM.extab* .gnu.linkonce.armextab.*)
                0x00404b74                . = ALIGN (0x4)
 *(.init)
 .init          0x00404b74        0x4 c:/program files (x86)/atmel/studio/7.0/toolchain/arm/arm-gnu-toolchain/bin/../lib/gcc/arm-none-eabi/5.3.1/armv7e-m/crti.o
                0x00404b74                _init
 .init          0x00404b78        0x8 c:/program files (x86)/atmel/studio/7.0/toolchain/arm/arm-gnu-toolchain/bin/../lib/gcc/arm-none-eabi/5.3.1/armv7e-m/crtn.o
                0x00404b80                . = ALIGN (0x4)
                0x00404b80                __preinit_array_start = .
 *(.preinit_array)
                0x00404b80                __preinit_array_end = .
                0x00404b80                . = ALIGN (0x4)
                0x00404b80                __init_array_start = .
 *(SORT(.init_array.*))
 .init_array.00000
                0x00404b80        0x4 c:/program files (x86)/atmel/studio/7.0/toolchain/arm/arm-gnu-toolchain/bin/../lib/gcc/arm-none-eabi/5.3.1/../../../../arm-none-eabi/lib/armv7e-m\libc.a(lib_a-__call_atexit.o)
 *(.init_array)
 .init_array    0x00404b84        0x4 c:/program files (x86)/atmel/studio/7.0/toolchain/arm/arm-gnu-toolchain/bin/../lib/gcc/arm-none-eabi/5.3.1/armv7e-m/crtbegin.o
                0x00404b88                __init_array_end = .
                0x00404b88                . = ALIGN (0x4)
 *crtbegin.o(.ctors)
 *(EXCLUDE_FILE(*crtend.o) .ctors)
 *(SORT(.ctors.*))
 *crtend.o(.ctors)
                0x00404b88                . = ALIGN (0x4)
 *(.fini)
 .fini          0x00404b88        0x4 c:/program files (x86)/atmel/studio/7.0/toolchain/arm/arm-gnu-toolchain/bin/../lib/gcc/arm-none-eabi/5.3.1/armv7e-m/crti.o
                0x00404b88                _fini
 .fini          0x00404b8c        0x8 c:/program files (x86)/atmel/studio/7.0/toolchain/arm/arm-gnu-toolchain/bin/../lib/gcc/arm-none-eabi/5.3.1/armv7e-m/crtn.o
                0x00404b94                . = ALIGN (0x4)
                0x00404b94                __fini_array_start = .
 *(.fini_array)
 .fini_array    0x00404b94        0x4 c:/program files (x86)/atmel/studio/7.0/toolchain/arm/arm-gnu-toolchain/bin/../lib/gcc/arm-none-eabi/5.3.1/armv7e-m/crtbegin.o
 *(SORT(.fini_array.*))
                0x00404b98                __fini_array_end = .
 *crtbegin.o(.dtors)
 *(EXCLUDE_FILE(*crtend.o) .dtors)
 *(SORT(.dtors.*))
 *crtend.o(.dtors)
                0x00404b98                . = ALIGN (0x4)
                0x00404b98                _efixed = .
                [!provide]                PROVIDE (__exidx_start, .)

.vfp11_veneer   0x00404b98        0x0
 .vfp11_veneer  0x00404b98        0x0 linker stubs

.v4_bx          0x00404b98        0x0
 .v4_bx         0x00404b98        0x0 linker stubs

.iplt           0x00404b98        0x0
 .iplt          0x00404b98        0x0 c:/program files (x86)/atmel/studio/7.0/toolchain/arm/arm-gnu-toolchain/bin/../lib/gcc/arm-none-eabi/5.3.1/armv7e-m/crtbegin.o

.ARM.exidx      0x00404b98        0x8
 *(.ARM.exidx* .gnu.linkonce.armexidx.*)
 .ARM.exidx     0x00404b98        0x8 c:/program files (x86)/atmel/studio/7.0/toolchain/arm/arm-gnu-toolchain/bin/../lib/gcc/arm-none-eabi/5.3.1/armv7e-m\libgcc.a(_udivmoddi4.o)
                [!provide]                PROVIDE (__exidx_end, .)

.eh_frame       0x00404ba0        0x0
 .eh_frame      0x00404ba0        0x0 c:/program files (x86)/atmel/studio/7.0/toolchain/arm/arm-gnu-toolchain/bin/../lib/gcc/arm-none-eabi/5.3.1/armv7e-m/crtbegin.o

.rel.dyn        0x00404ba0        0x0
 .rel.iplt      0x00404ba0        0x0 c:/program files (x86)/atmel/studio/7.0/toolchain/arm/arm-gnu-toolchain/bin/../lib/gcc/arm-none-eabi/5.3.1/armv7e-m/crtbegin.o

.jcr            0x00404ba0        0x0
 .jcr           0x00404ba0        0x0 c:/program files (x86)/atmel/studio/7.0/toolchain/arm/arm-gnu-toolchain/bin/../lib/gcc/arm-none-eabi/5.3.1/armv7e-m/crtbegin.o

.igot.plt       0x00404ba0        0x0
 .igot.plt      0x00404ba0        0x0 c:/program files (x86)/atmel/studio/7.0/toolchain/arm/arm-gnu-toolchain/bin/../lib/gcc/arm-none-eabi/5.3.1/armv7e-m/crtbegin.o
                0x00404ba0                . = ALIGN (0x4)
                0x00404ba0                _etext = .

.relocate       0x20000000      0x874 load address 0x00404ba0
                0x20000000                . = ALIGN (0x4)
                0x20000000                _srelocate = .
 *(.ramfunc .ramfunc.*)
 .ramfunc       0x20000000        0xc src/ASF/common/services/delay/sam/cycle_counter.o
                0x20000000                portable_delay_cycles
 *(.data .data.*)
 .data.SystemCoreClock
                0x2000000c        0x4 src/ASF/sam/utils/cmsis/sam4s/source/templates/system_sam4s.o
                0x2000000c                SystemCoreClock
 .data.impure_data
                0x20000010      0x428 c:/program files (x86)/atmel/studio/7.0/toolchain/arm/arm-gnu-toolchain/bin/../lib/gcc/arm-none-eabi/5.3.1/../../../../arm-none-eabi/lib/armv7e-m\libc.a(lib_a-impure.o)
 .data._impure_ptr
                0x20000438        0x4 c:/program files (x86)/atmel/studio/7.0/toolchain/arm/arm-gnu-toolchain/bin/../lib/gcc/arm-none-eabi/5.3.1/../../../../arm-none-eabi/lib/armv7e-m\libc.a(lib_a-impure.o)
                0x20000438                _impure_ptr
 .data.lc_ctype_charset
                0x2000043c       0x20 c:/program files (x86)/atmel/studio/7.0/toolchain/arm/arm-gnu-toolchain/bin/../lib/gcc/arm-none-eabi/5.3.1/../../../../arm-none-eabi/lib/armv7e-m\libc.a(lib_a-locale.o)
 .data.__mb_cur_max
                0x2000045c        0x4 c:/program files (x86)/atmel/studio/7.0/toolchain/arm/arm-gnu-toolchain/bin/../lib/gcc/arm-none-eabi/5.3.1/../../../../arm-none-eabi/lib/armv7e-m\libc.a(lib_a-locale.o)
                0x2000045c                __mb_cur_max
 .data.__malloc_av_
                0x20000460      0x408 c:/program files (x86)/atmel/studio/7.0/toolchain/arm/arm-gnu-toolchain/bin/../lib/gcc/arm-none-eabi/5.3.1/../../../../arm-none-eabi/lib/armv7e-m\libc.a(lib_a-mallocr.o)
                0x20000460                __malloc_av_
 .data.__malloc_trim_threshold
                0x20000868        0x4 c:/program files (x86)/atmel/studio/7.0/toolchain/arm/arm-gnu-toolchain/bin/../lib/gcc/arm-none-eabi/5.3.1/../../../../arm-none-eabi/lib/armv7e-m\libc.a(lib_a-mallocr.o)
                0x20000868                __malloc_trim_threshold
 .data.__malloc_sbrk_base
                0x2000086c        0x4 c:/program files (x86)/atmel/studio/7.0/toolchain/arm/arm-gnu-toolchain/bin/../lib/gcc/arm-none-eabi/5.3.1/../../../../arm-none-eabi/lib/armv7e-m\libc.a(lib_a-mallocr.o)
                0x2000086c                __malloc_sbrk_base
 .data.__wctomb
                0x20000870        0x4 c:/program files (x86)/atmel/studio/7.0/toolchain/arm/arm-gnu-toolchain/bin/../lib/gcc/arm-none-eabi/5.3.1/../../../../arm-none-eabi/lib/armv7e-m\libc.a(lib_a-wctomb_r.o)
                0x20000870                __wctomb
                0x20000874                . = ALIGN (0x4)
                0x20000874                _erelocate = .

.bss            0x20000874       0xe0 load address 0x00405414
                0x20000874                . = ALIGN (0x4)
                0x20000874                _sbss = .
                0x20000874                _szero = .
 *(.bss .bss.*)
 .bss           0x20000874       0x1c c:/program files (x86)/atmel/studio/7.0/toolchain/arm/arm-gnu-toolchain/bin/../lib/gcc/arm-none-eabi/5.3.1/armv7e-m/crtbegin.o
 .bss.gs_interrupt_sources
                0x20000890       0x70 src/ASF/sam/drivers/pio/pio_handler.o
 .bss.pio_capture_handler
                0x20000900        0x4 src/ASF/sam/drivers/pio/pio_handler.o
 .bss.ul_reg_val.7500
                0x20000904        0x4 src/ASF/sam/drivers/usart/usart.o
 .bss.heap.5287
                0x20000908        0x4 src/ASF/sam/utils/syscalls/gcc/syscalls.o
 .bss.__malloc_max_total_mem
                0x2000090c        0x4 c:/program files (x86)/atmel/studio/7.0/toolchain/arm/arm-gnu-toolchain/bin/../lib/gcc/arm-none-eabi/5.3.1/../../../../arm-none-eabi/lib/armv7e-m\libc.a(lib_a-mallocr.o)
                0x2000090c                __malloc_max_total_mem
 .bss.__malloc_max_sbrked_mem
                0x20000910        0x4 c:/program files (x86)/atmel/studio/7.0/toolchain/arm/arm-gnu-toolchain/bin/../lib/gcc/arm-none-eabi/5.3.1/../../../../arm-none-eabi/lib/armv7e-m\libc.a(lib_a-mallocr.o)
                0x20000910                __malloc_max_sbrked_mem
 .bss.__malloc_top_pad
                0x20000914        0x4 c:/program files (x86)/atmel/studio/7.0/toolchain/arm/arm-gnu-toolchain/bin/../lib/gcc/arm-none-eabi/5.3.1/../../../../arm-none-eabi/lib/armv7e-m\libc.a(lib_a-mallocr.o)
                0x20000914                __malloc_top_pad
 .bss.__malloc_current_mallinfo
                0x20000918       0x28 c:/program files (x86)/atmel/studio/7.0/toolchain/arm/arm-gnu-toolchain/bin/../lib/gcc/arm-none-eabi/5.3.1/../../../../arm-none-eabi/lib/armv7e-m\libc.a(lib_a-mallocr.o)
                0x20000918                __malloc_current_mallinfo
 *(COMMON)
 COMMON         0x20000940        0x4 src/ASF/common/utils/stdio/read.o
                0x20000940                ptr_get
 COMMON         0x20000944        0x8 src/ASF/common/utils/stdio/write.o
                0x20000944                ptr_put
                0x20000948                stdio_base
 COMMON         0x2000094c        0x4 src/ASF/sam/drivers/pio/pio.o
                0x2000094c                pio_capture_enable_flag
 COMMON         0x20000950        0x4 c:/program files (x86)/atmel/studio/7.0/toolchain/arm/arm-gnu-toolchain/bin/../lib/gcc/arm-none-eabi/5.3.1/../../../../arm-none-eabi/lib/armv7e-m\libc.a(lib_a-reent.o)
                0x20000950                errno
                0x20000954                . = ALIGN (0x4)
                0x20000954                _ebss = .
                0x20000954                _ezero = .

.stack          0x20000954     0x3004 load address 0x004054f4
                0x20000958                . = ALIGN (0x8)
 *fill*         0x20000954        0x4 
                0x20000958                _sstack = .
                0x20003958                . = (. + __stack_size__)
 *fill*         0x20000958     0x3000 
                0x20003958                . = ALIGN (0x8)
                0x20003958                _estack = .
                0x20003958                . = ALIGN (0x4)
                0x20003958                _end = .
OUTPUT(SAMGELHEALERS.elf elf32-littlearm)

.ARM.attributes
                0x00000000       0x2a
 .ARM.attributes
                0x00000000       0x1e c:/program files (x86)/atmel/studio/7.0/toolchain/arm/arm-gnu-toolchain/bin/../lib/gcc/arm-none-eabi/5.3.1/armv7e-m/crti.o
 .ARM.attributes
                0x0000001e       0x2e c:/program files (x86)/atmel/studio/7.0/toolchain/arm/arm-gnu-toolchain/bin/../lib/gcc/arm-none-eabi/5.3.1/armv7e-m/crtbegin.o
 .ARM.attributes
                0x0000004c       0x33 src/ASF/common/utils/stdio/read.o
 .ARM.attributes
                0x0000007f       0x33 src/ASF/common/utils/stdio/write.o
 .ARM.attributes
                0x000000b2       0x33 src/ASF/sam/drivers/pio/pio_handler.o
 .ARM.attributes
                0x000000e5       0x33 src/ASF/sam/drivers/uart/uart.o
 .ARM.attributes
                0x00000118       0x33 src/ASF/sam/drivers/usart/usart.o
 .ARM.attributes
                0x0000014b       0x33 src/ASF/common/services/delay/sam/cycle_counter.o
 .ARM.attributes
                0x0000017e       0x33 src/ASF/common/services/clock/sam4s/sysclk.o
 .ARM.attributes
                0x000001b1       0x33 src/ASF/sam/drivers/pio/pio.o
 .ARM.attributes
                0x000001e4       0x33 src/ASF/sam/drivers/pmc/pmc.o
 .ARM.attributes
                0x00000217       0x33 src/ASF/common/boards/user_board/init.o
 .ARM.attributes
                0x0000024a       0x33 src/ASF/sam/utils/cmsis/sam4s/source/templates/gcc/startup_sam4s.o
 .ARM.attributes
                0x0000027d       0x33 src/ASF/sam/utils/cmsis/sam4s/source/templates/system_sam4s.o
 .ARM.attributes
                0x000002b0       0x33 src/ASF/sam/utils/syscalls/gcc/syscalls.o
 .ARM.attributes
                0x000002e3       0x33 src/main.o
 .ARM.attributes
                0x00000316       0x1e c:/program files (x86)/atmel/studio/7.0/toolchain/arm/arm-gnu-toolchain/bin/../lib/gcc/arm-none-eabi/5.3.1/armv7e-m\libgcc.a(_aeabi_uldivmod.o)
 .ARM.attributes
                0x00000334       0x2e c:/program files (x86)/atmel/studio/7.0/toolchain/arm/arm-gnu-toolchain/bin/../lib/gcc/arm-none-eabi/5.3.1/armv7e-m\libgcc.a(_udivmoddi4.o)
 .ARM.attributes
                0x00000362       0x1e c:/program files (x86)/atmel/studio/7.0/toolchain/arm/arm-gnu-toolchain/bin/../lib/gcc/arm-none-eabi/5.3.1/armv7e-m\libgcc.a(_dvmd_tls.o)
 .ARM.attributes
                0x00000380       0x2e c:/program files (x86)/atmel/studio/7.0/toolchain/arm/arm-gnu-toolchain/bin/../lib/gcc/arm-none-eabi/5.3.1/../../../../arm-none-eabi/lib/armv7e-m\libc.a(lib_a-impure.o)
 .ARM.attributes
                0x000003ae       0x2e c:/program files (x86)/atmel/studio/7.0/toolchain/arm/arm-gnu-toolchain/bin/../lib/gcc/arm-none-eabi/5.3.1/../../../../arm-none-eabi/lib/armv7e-m\libc.a(lib_a-init.o)
 .ARM.attributes
                0x000003dc       0x2e c:/program files (x86)/atmel/studio/7.0/toolchain/arm/arm-gnu-toolchain/bin/../lib/gcc/arm-none-eabi/5.3.1/../../../../arm-none-eabi/lib/armv7e-m\libc.a(lib_a-iprintf.o)
 .ARM.attributes
                0x0000040a       0x2e c:/program files (x86)/atmel/studio/7.0/toolchain/arm/arm-gnu-toolchain/bin/../lib/gcc/arm-none-eabi/5.3.1/../../../../arm-none-eabi/lib/armv7e-m\libc.a(lib_a-memset.o)
 .ARM.attributes
                0x00000438       0x2e c:/program files (x86)/atmel/studio/7.0/toolchain/arm/arm-gnu-toolchain/bin/../lib/gcc/arm-none-eabi/5.3.1/../../../../arm-none-eabi/lib/armv7e-m\libc.a(lib_a-setbuf.o)
 .ARM.attributes
                0x00000466       0x2e c:/program files (x86)/atmel/studio/7.0/toolchain/arm/arm-gnu-toolchain/bin/../lib/gcc/arm-none-eabi/5.3.1/../../../../arm-none-eabi/lib/armv7e-m\libc.a(lib_a-setvbuf.o)
 .ARM.attributes
                0x00000494       0x2e c:/program files (x86)/atmel/studio/7.0/toolchain/arm/arm-gnu-toolchain/bin/../lib/gcc/arm-none-eabi/5.3.1/../../../../arm-none-eabi/lib/armv7e-m\libc.a(lib_a-vfiprintf.o)
 .ARM.attributes
                0x000004c2       0x2e c:/program files (x86)/atmel/studio/7.0/toolchain/arm/arm-gnu-toolchain/bin/../lib/gcc/arm-none-eabi/5.3.1/../../../../arm-none-eabi/lib/armv7e-m\libc.a(lib_a-wsetup.o)
 .ARM.attributes
                0x000004f0       0x2e c:/program files (x86)/atmel/studio/7.0/toolchain/arm/arm-gnu-toolchain/bin/../lib/gcc/arm-none-eabi/5.3.1/../../../../arm-none-eabi/lib/armv7e-m\libc.a(lib_a-__call_atexit.o)
 .ARM.attributes
                0x0000051e       0x2e c:/program files (x86)/atmel/studio/7.0/toolchain/arm/arm-gnu-toolchain/bin/../lib/gcc/arm-none-eabi/5.3.1/../../../../arm-none-eabi/lib/armv7e-m\libc.a(lib_a-atexit.o)
 .ARM.attributes
                0x0000054c       0x2e c:/program files (x86)/atmel/studio/7.0/toolchain/arm/arm-gnu-toolchain/bin/../lib/gcc/arm-none-eabi/5.3.1/../../../../arm-none-eabi/lib/armv7e-m\libc.a(lib_a-fflush.o)
 .ARM.attributes
                0x0000057a       0x2e c:/program files (x86)/atmel/studio/7.0/toolchain/arm/arm-gnu-toolchain/bin/../lib/gcc/arm-none-eabi/5.3.1/../../../../arm-none-eabi/lib/armv7e-m\libc.a(lib_a-findfp.o)
 .ARM.attributes
                0x000005a8       0x2e c:/program files (x86)/atmel/studio/7.0/toolchain/arm/arm-gnu-toolchain/bin/../lib/gcc/arm-none-eabi/5.3.1/../../../../arm-none-eabi/lib/armv7e-m\libc.a(lib_a-fini.o)
 .ARM.attributes
                0x000005d6       0x2e c:/program files (x86)/atmel/studio/7.0/toolchain/arm/arm-gnu-toolchain/bin/../lib/gcc/arm-none-eabi/5.3.1/../../../../arm-none-eabi/lib/armv7e-m\libc.a(lib_a-fputwc.o)
 .ARM.attributes
                0x00000604       0x2e c:/program files (x86)/atmel/studio/7.0/toolchain/arm/arm-gnu-toolchain/bin/../lib/gcc/arm-none-eabi/5.3.1/../../../../arm-none-eabi/lib/armv7e-m\libc.a(lib_a-freer.o)
 .ARM.attributes
                0x00000632       0x2e c:/program files (x86)/atmel/studio/7.0/toolchain/arm/arm-gnu-toolchain/bin/../lib/gcc/arm-none-eabi/5.3.1/../../../../arm-none-eabi/lib/armv7e-m\libc.a(lib_a-fvwrite.o)
 .ARM.attributes
                0x00000660       0x2e c:/program files (x86)/atmel/studio/7.0/toolchain/arm/arm-gnu-toolchain/bin/../lib/gcc/arm-none-eabi/5.3.1/../../../../arm-none-eabi/lib/armv7e-m\libc.a(lib_a-fwalk.o)
 .ARM.attributes
                0x0000068e       0x2e c:/program files (x86)/atmel/studio/7.0/toolchain/arm/arm-gnu-toolchain/bin/../lib/gcc/arm-none-eabi/5.3.1/../../../../arm-none-eabi/lib/armv7e-m\libc.a(lib_a-locale.o)
 .ARM.attributes
                0x000006bc       0x2e c:/program files (x86)/atmel/studio/7.0/toolchain/arm/arm-gnu-toolchain/bin/../lib/gcc/arm-none-eabi/5.3.1/../../../../arm-none-eabi/lib/armv7e-m\libc.a(lib_a-makebuf.o)
 .ARM.attributes
                0x000006ea       0x2e c:/program files (x86)/atmel/studio/7.0/toolchain/arm/arm-gnu-toolchain/bin/../lib/gcc/arm-none-eabi/5.3.1/../../../../arm-none-eabi/lib/armv7e-m\libc.a(lib_a-malloc.o)
 .ARM.attributes
                0x00000718       0x2e c:/program files (x86)/atmel/studio/7.0/toolchain/arm/arm-gnu-toolchain/bin/../lib/gcc/arm-none-eabi/5.3.1/../../../../arm-none-eabi/lib/armv7e-m\libc.a(lib_a-mallocr.o)
 .ARM.attributes
                0x00000746       0x1c c:/program files (x86)/atmel/studio/7.0/toolchain/arm/arm-gnu-toolchain/bin/../lib/gcc/arm-none-eabi/5.3.1/../../../../arm-none-eabi/lib/armv7e-m\libc.a(lib_a-memchr.o)
 .ARM.attributes
                0x00000762       0x1c c:/program files (x86)/atmel/studio/7.0/toolchain/arm/arm-gnu-toolchain/bin/../lib/gcc/arm-none-eabi/5.3.1/../../../../arm-none-eabi/lib/armv7e-m\libc.a(lib_a-memcpy.o)
 .ARM.attributes
                0x0000077e       0x2e c:/program files (x86)/atmel/studio/7.0/toolchain/arm/arm-gnu-toolchain/bin/../lib/gcc/arm-none-eabi/5.3.1/../../../../arm-none-eabi/lib/armv7e-m\libc.a(lib_a-memmove.o)
 .ARM.attributes
                0x000007ac       0x2e c:/program files (x86)/atmel/studio/7.0/toolchain/arm/arm-gnu-toolchain/bin/../lib/gcc/arm-none-eabi/5.3.1/../../../../arm-none-eabi/lib/armv7e-m\libc.a(lib_a-mlock.o)
 .ARM.attributes
                0x000007da       0x2e c:/program files (x86)/atmel/studio/7.0/toolchain/arm/arm-gnu-toolchain/bin/../lib/gcc/arm-none-eabi/5.3.1/../../../../arm-none-eabi/lib/armv7e-m\libc.a(lib_a-reallocr.o)
 .ARM.attributes
                0x00000808       0x2e c:/program files (x86)/atmel/studio/7.0/toolchain/arm/arm-gnu-toolchain/bin/../lib/gcc/arm-none-eabi/5.3.1/../../../../arm-none-eabi/lib/armv7e-m\libc.a(lib_a-sbrkr.o)
 .ARM.attributes
                0x00000836       0x2e c:/program files (x86)/atmel/studio/7.0/toolchain/arm/arm-gnu-toolchain/bin/../lib/gcc/arm-none-eabi/5.3.1/../../../../arm-none-eabi/lib/armv7e-m\libc.a(lib_a-stdio.o)
 .ARM.attributes
                0x00000864       0x1c c:/program files (x86)/atmel/studio/7.0/toolchain/arm/arm-gnu-toolchain/bin/../lib/gcc/arm-none-eabi/5.3.1/../../../../arm-none-eabi/lib/armv7e-m\libc.a(lib_a-strlen.o)
 .ARM.attributes
                0x00000880       0x2e c:/program files (x86)/atmel/studio/7.0/toolchain/arm/arm-gnu-toolchain/bin/../lib/gcc/arm-none-eabi/5.3.1/../../../../arm-none-eabi/lib/armv7e-m\libc.a(lib_a-wbuf.o)
 .ARM.attributes
                0x000008ae       0x2e c:/program files (x86)/atmel/studio/7.0/toolchain/arm/arm-gnu-toolchain/bin/../lib/gcc/arm-none-eabi/5.3.1/../../../../arm-none-eabi/lib/armv7e-m\libc.a(lib_a-wcrtomb.o)
 .ARM.attributes
                0x000008dc       0x2e c:/program files (x86)/atmel/studio/7.0/toolchain/arm/arm-gnu-toolchain/bin/../lib/gcc/arm-none-eabi/5.3.1/../../../../arm-none-eabi/lib/armv7e-m\libc.a(lib_a-wctomb_r.o)
 .ARM.attributes
                0x0000090a       0x2e c:/program files (x86)/atmel/studio/7.0/toolchain/arm/arm-gnu-toolchain/bin/../lib/gcc/arm-none-eabi/5.3.1/../../../../arm-none-eabi/lib/armv7e-m\libc.a(lib_a-writer.o)
 .ARM.attributes
                0x00000938       0x2e c:/program files (x86)/atmel/studio/7.0/toolchain/arm/arm-gnu-toolchain/bin/../lib/gcc/arm-none-eabi/5.3.1/../../../../arm-none-eabi/lib/armv7e-m\libc.a(lib_a-__atexit.o)
 .ARM.attributes
                0x00000966       0x2e c:/program files (x86)/atmel/studio/7.0/toolchain/arm/arm-gnu-toolchain/bin/../lib/gcc/arm-none-eabi/5.3.1/../../../../arm-none-eabi/lib/armv7e-m\libc.a(lib_a-closer.o)
 .ARM.attributes
                0x00000994       0x2e c:/program files (x86)/atmel/studio/7.0/toolchain/arm/arm-gnu-toolchain/bin/../lib/gcc/arm-none-eabi/5.3.1/../../../../arm-none-eabi/lib/armv7e-m\libc.a(lib_a-fclose.o)
 .ARM.attributes
                0x000009c2       0x2e c:/program files (x86)/atmel/studio/7.0/toolchain/arm/arm-gnu-toolchain/bin/../lib/gcc/arm-none-eabi/5.3.1/../../../../arm-none-eabi/lib/armv7e-m\libc.a(lib_a-fstatr.o)
 .ARM.attributes
                0x000009f0       0x2e c:/program files (x86)/atmel/studio/7.0/toolchain/arm/arm-gnu-toolchain/bin/../lib/gcc/arm-none-eabi/5.3.1/../../../../arm-none-eabi/lib/armv7e-m\libc.a(lib_a-isattyr.o)
 .ARM.attributes
                0x00000a1e       0x2e c:/program files (x86)/atmel/studio/7.0/toolchain/arm/arm-gnu-toolchain/bin/../lib/gcc/arm-none-eabi/5.3.1/../../../../arm-none-eabi/lib/armv7e-m\libc.a(lib_a-lseekr.o)
 .ARM.attributes
                0x00000a4c       0x2e c:/program files (x86)/atmel/studio/7.0/toolchain/arm/arm-gnu-toolchain/bin/../lib/gcc/arm-none-eabi/5.3.1/../../../../arm-none-eabi/lib/armv7e-m\libc.a(lib_a-readr.o)
 .ARM.attributes
                0x00000a7a       0x2e c:/program files (x86)/atmel/studio/7.0/toolchain/arm/arm-gnu-toolchain/bin/../lib/gcc/arm-none-eabi/5.3.1/../../../../arm-none-eabi/lib/armv7e-m\libc.a(lib_a-reent.o)
 .ARM.attributes
                0x00000aa8       0x1e c:/program files (x86)/atmel/studio/7.0/toolchain/arm/arm-gnu-toolchain/bin/../lib/gcc/arm-none-eabi/5.3.1/armv7e-m/crtn.o

.comment        0x00000000       0x59
 .comment       0x00000000       0x59 src/ASF/common/utils/stdio/read.o
                                 0x5a (size before relaxing)
 .comment       0x00000059       0x5a src/ASF/common/utils/stdio/write.o
 .comment       0x00000059       0x5a src/ASF/sam/drivers/pio/pio_handler.o
 .comment       0x00000059       0x5a src/ASF/sam/drivers/uart/uart.o
 .comment       0x00000059       0x5a src/ASF/sam/drivers/usart/usart.o
 .comment       0x00000059       0x5a src/ASF/common/services/delay/sam/cycle_counter.o
 .comment       0x00000059       0x5a src/ASF/common/services/clock/sam4s/sysclk.o
 .comment       0x00000059       0x5a src/ASF/sam/drivers/pio/pio.o
 .comment       0x00000059       0x5a src/ASF/sam/drivers/pmc/pmc.o
 .comment       0x00000059       0x5a src/ASF/common/boards/user_board/init.o
 .comment       0x00000059       0x5a src/ASF/sam/utils/cmsis/sam4s/source/templates/gcc/startup_sam4s.o
 .comment       0x00000059       0x5a src/ASF/sam/utils/cmsis/sam4s/source/templates/system_sam4s.o
 .comment       0x00000059       0x5a src/ASF/sam/utils/syscalls/gcc/syscalls.o
 .comment       0x00000059       0x5a src/main.o

.debug_info     0x00000000     0x8c7e
 .debug_info    0x00000000      0x1ae src/ASF/common/utils/stdio/read.o
 .debug_info    0x000001ae      0x1bc src/ASF/common/utils/stdio/write.o
 .debug_info    0x0000036a      0xe13 src/ASF/sam/drivers/pio/pio_handler.o
 .debug_info    0x0000117d      0x880 src/ASF/sam/drivers/uart/uart.o
 .debug_info    0x000019fd     0x14b2 src/ASF/sam/drivers/usart/usart.o
 .debug_info    0x00002eaf      0x134 src/ASF/common/services/delay/sam/cycle_counter.o
 .debug_info    0x00002fe3      0x6da src/ASF/common/services/clock/sam4s/sysclk.o
 .debug_info    0x000036bd     0x1378 src/ASF/sam/drivers/pio/pio.o
 .debug_info    0x00004a35     0x1108 src/ASF/sam/drivers/pmc/pmc.o
 .debug_info    0x00005b3d     0x1049 src/ASF/common/boards/user_board/init.o
 .debug_info    0x00006b86      0x696 src/ASF/sam/utils/cmsis/sam4s/source/templates/gcc/startup_sam4s.o
 .debug_info    0x0000721c      0x46d src/ASF/sam/utils/cmsis/sam4s/source/templates/system_sam4s.o
 .debug_info    0x00007689      0x435 src/ASF/sam/utils/syscalls/gcc/syscalls.o
 .debug_info    0x00007abe     0x11c0 src/main.o

.debug_abbrev   0x00000000     0x1636
 .debug_abbrev  0x00000000       0xdd src/ASF/common/utils/stdio/read.o
 .debug_abbrev  0x000000dd       0xe6 src/ASF/common/utils/stdio/write.o
 .debug_abbrev  0x000001c3      0x234 src/ASF/sam/drivers/pio/pio_handler.o
 .debug_abbrev  0x000003f7      0x183 src/ASF/sam/drivers/uart/uart.o
 .debug_abbrev  0x0000057a      0x214 src/ASF/sam/drivers/usart/usart.o
 .debug_abbrev  0x0000078e       0x9d src/ASF/common/services/delay/sam/cycle_counter.o
 .debug_abbrev  0x0000082b      0x1ce src/ASF/common/services/clock/sam4s/sysclk.o
 .debug_abbrev  0x000009f9      0x1cf src/ASF/sam/drivers/pio/pio.o
 .debug_abbrev  0x00000bc8      0x20d src/ASF/sam/drivers/pmc/pmc.o
 .debug_abbrev  0x00000dd5      0x23a src/ASF/common/boards/user_board/init.o
 .debug_abbrev  0x0000100f      0x15f src/ASF/sam/utils/cmsis/sam4s/source/templates/gcc/startup_sam4s.o
 .debug_abbrev  0x0000116e       0xf5 src/ASF/sam/utils/cmsis/sam4s/source/templates/system_sam4s.o
 .debug_abbrev  0x00001263      0x120 src/ASF/sam/utils/syscalls/gcc/syscalls.o
 .debug_abbrev  0x00001383      0x2b3 src/main.o

.debug_loc      0x00000000     0x57b4
 .debug_loc     0x00000000       0x50 src/ASF/common/utils/stdio/read.o
 .debug_loc     0x00000050       0x50 src/ASF/common/utils/stdio/write.o
 .debug_loc     0x000000a0      0x390 src/ASF/sam/drivers/pio/pio_handler.o
 .debug_loc     0x00000430      0x958 src/ASF/sam/drivers/uart/uart.o
 .debug_loc     0x00000d88     0x17d4 src/ASF/sam/drivers/usart/usart.o
 .debug_loc     0x0000255c      0x4a0 src/ASF/common/services/clock/sam4s/sysclk.o
 .debug_loc     0x000029fc     0x1174 src/ASF/sam/drivers/pio/pio.o
 .debug_loc     0x00003b70     0x1468 src/ASF/sam/drivers/pmc/pmc.o
 .debug_loc     0x00004fd8       0xa8 src/ASF/common/boards/user_board/init.o
 .debug_loc     0x00005080       0x64 src/ASF/sam/utils/cmsis/sam4s/source/templates/gcc/startup_sam4s.o
 .debug_loc     0x000050e4       0xe4 src/ASF/sam/utils/cmsis/sam4s/source/templates/system_sam4s.o
 .debug_loc     0x000051c8      0x300 src/ASF/sam/utils/syscalls/gcc/syscalls.o
 .debug_loc     0x000054c8      0x2ec src/main.o

.debug_aranges  0x00000000      0x998
 .debug_aranges
                0x00000000       0x20 src/ASF/common/utils/stdio/read.o
 .debug_aranges
                0x00000020       0x20 src/ASF/common/utils/stdio/write.o
 .debug_aranges
                0x00000040       0x78 src/ASF/sam/drivers/pio/pio_handler.o
 .debug_aranges
                0x000000b8       0xe8 src/ASF/sam/drivers/uart/uart.o
 .debug_aranges
                0x000001a0      0x238 src/ASF/sam/drivers/usart/usart.o
 .debug_aranges
                0x000003d8       0x20 src/ASF/common/services/delay/sam/cycle_counter.o
 .debug_aranges
                0x000003f8       0x98 src/ASF/common/services/clock/sam4s/sysclk.o
 .debug_aranges
                0x00000490      0x1a8 src/ASF/sam/drivers/pio/pio.o
 .debug_aranges
                0x00000638      0x208 src/ASF/sam/drivers/pmc/pmc.o
 .debug_aranges
                0x00000840       0x30 src/ASF/common/boards/user_board/init.o
 .debug_aranges
                0x00000870       0x28 src/ASF/sam/utils/cmsis/sam4s/source/templates/gcc/startup_sam4s.o
 .debug_aranges
                0x00000898       0x30 src/ASF/sam/utils/cmsis/sam4s/source/templates/system_sam4s.o
 .debug_aranges
                0x000008c8       0x60 src/ASF/sam/utils/syscalls/gcc/syscalls.o
 .debug_aranges
                0x00000928       0x70 src/main.o

.debug_ranges   0x00000000      0x8b8
 .debug_ranges  0x00000000       0x10 src/ASF/common/utils/stdio/read.o
 .debug_ranges  0x00000010       0x10 src/ASF/common/utils/stdio/write.o
 .debug_ranges  0x00000020       0x68 src/ASF/sam/drivers/pio/pio_handler.o
 .debug_ranges  0x00000088       0xd8 src/ASF/sam/drivers/uart/uart.o
 .debug_ranges  0x00000160      0x228 src/ASF/sam/drivers/usart/usart.o
 .debug_ranges  0x00000388       0x10 src/ASF/common/services/delay/sam/cycle_counter.o
 .debug_ranges  0x00000398       0x88 src/ASF/common/services/clock/sam4s/sysclk.o
 .debug_ranges  0x00000420      0x198 src/ASF/sam/drivers/pio/pio.o
 .debug_ranges  0x000005b8      0x1f8 src/ASF/sam/drivers/pmc/pmc.o
 .debug_ranges  0x000007b0       0x20 src/ASF/common/boards/user_board/init.o
 .debug_ranges  0x000007d0       0x18 src/ASF/sam/utils/cmsis/sam4s/source/templates/gcc/startup_sam4s.o
 .debug_ranges  0x000007e8       0x20 src/ASF/sam/utils/cmsis/sam4s/source/templates/system_sam4s.o
 .debug_ranges  0x00000808       0x50 src/ASF/sam/utils/syscalls/gcc/syscalls.o
 .debug_ranges  0x00000858       0x60 src/main.o

.debug_macro    0x00000000    0x129a7
 .debug_macro   0x00000000      0x4f9 src/ASF/common/utils/stdio/read.o
 .debug_macro   0x000004f9      0x898 src/ASF/common/utils/stdio/read.o
 .debug_macro   0x00000d91      0x16d src/ASF/common/utils/stdio/read.o
 .debug_macro   0x00000efe      0x64b src/ASF/common/utils/stdio/read.o
 .debug_macro   0x00001549       0x76 src/ASF/common/utils/stdio/read.o
 .debug_macro   0x000015bf       0x16 src/ASF/common/utils/stdio/read.o
 .debug_macro   0x000015d5      0x6e4 src/ASF/common/utils/stdio/read.o
 .debug_macro   0x00001cb9       0x22 src/ASF/common/utils/stdio/read.o
 .debug_macro   0x00001cdb       0x87 src/ASF/common/utils/stdio/read.o
 .debug_macro   0x00001d62       0x44 src/ASF/common/utils/stdio/read.o
 .debug_macro   0x00001da6       0xfd src/ASF/common/utils/stdio/read.o
 .debug_macro   0x00001ea3       0x22 src/ASF/common/utils/stdio/read.o
 .debug_macro   0x00001ec5      0x1df src/ASF/common/utils/stdio/read.o
 .debug_macro   0x000020a4       0x27 src/ASF/common/utils/stdio/read.o
 .debug_macro   0x000020cb       0x3b src/ASF/common/utils/stdio/read.o
 .debug_macro   0x00002106       0x2d src/ASF/common/utils/stdio/read.o
 .debug_macro   0x00002133       0x26 src/ASF/common/utils/stdio/read.o
 .debug_macro   0x00002159      0xbbf src/ASF/common/utils/stdio/read.o
 .debug_macro   0x00002d18      0x159 src/ASF/common/utils/stdio/read.o
 .debug_macro   0x00002e71      0xaaf src/ASF/common/utils/stdio/read.o
 .debug_macro   0x00003920      0x1b9 src/ASF/common/utils/stdio/read.o
 .debug_macro   0x00003ad9      0x11e src/ASF/common/utils/stdio/read.o
 .debug_macro   0x00003bf7       0xac src/ASF/common/utils/stdio/read.o
 .debug_macro   0x00003ca3      0x401 src/ASF/common/utils/stdio/read.o
 .debug_macro   0x000040a4      0x106 src/ASF/common/utils/stdio/read.o
 .debug_macro   0x000041aa       0x1c src/ASF/common/utils/stdio/read.o
 .debug_macro   0x000041c6      0x738 src/ASF/common/utils/stdio/read.o
 .debug_macro   0x000048fe      0x2d2 src/ASF/common/utils/stdio/read.o
 .debug_macro   0x00004bd0       0xbe src/ASF/common/utils/stdio/read.o
 .debug_macro   0x00004c8e     0x280b src/ASF/common/utils/stdio/read.o
 .debug_macro   0x00007499      0x777 src/ASF/common/utils/stdio/read.o
 .debug_macro   0x00007c10      0xa8e src/ASF/common/utils/stdio/read.o
 .debug_macro   0x0000869e       0x9a src/ASF/common/utils/stdio/read.o
 .debug_macro   0x00008738      0x3d8 src/ASF/common/utils/stdio/read.o
 .debug_macro   0x00008b10       0x64 src/ASF/common/utils/stdio/read.o
 .debug_macro   0x00008b74      0x1ae src/ASF/common/utils/stdio/read.o
 .debug_macro   0x00008d22      0x386 src/ASF/common/utils/stdio/read.o
 .debug_macro   0x000090a8      0x624 src/ASF/common/utils/stdio/read.o
 .debug_macro   0x000096cc      0x690 src/ASF/common/utils/stdio/read.o
 .debug_macro   0x00009d5c      0x59f src/ASF/common/utils/stdio/read.o
 .debug_macro   0x0000a2fb      0x34d src/ASF/common/utils/stdio/read.o
 .debug_macro   0x0000a648      0x28c src/ASF/common/utils/stdio/read.o
 .debug_macro   0x0000a8d4      0x2d6 src/ASF/common/utils/stdio/read.o
 .debug_macro   0x0000abaa      0x6d9 src/ASF/common/utils/stdio/read.o
 .debug_macro   0x0000b283       0x76 src/ASF/common/utils/stdio/read.o
 .debug_macro   0x0000b2f9       0xb8 src/ASF/common/utils/stdio/read.o
 .debug_macro   0x0000b3b1       0xb2 src/ASF/common/utils/stdio/read.o
 .debug_macro   0x0000b463       0x88 src/ASF/common/utils/stdio/read.o
 .debug_macro   0x0000b4eb      0x105 src/ASF/common/utils/stdio/read.o
 .debug_macro   0x0000b5f0      0x105 src/ASF/common/utils/stdio/read.o
 .debug_macro   0x0000b6f5       0x88 src/ASF/common/utils/stdio/read.o
 .debug_macro   0x0000b77d       0x88 src/ASF/common/utils/stdio/read.o
 .debug_macro   0x0000b805      0x2cd src/ASF/common/utils/stdio/read.o
 .debug_macro   0x0000bad2       0xb2 src/ASF/common/utils/stdio/read.o
 .debug_macro   0x0000bb84       0xb2 src/ASF/common/utils/stdio/read.o
 .debug_macro   0x0000bc36       0x52 src/ASF/common/utils/stdio/read.o
 .debug_macro   0x0000bc88       0xac src/ASF/common/utils/stdio/read.o
 .debug_macro   0x0000bd34       0x7c src/ASF/common/utils/stdio/read.o
 .debug_macro   0x0000bdb0       0x40 src/ASF/common/utils/stdio/read.o
 .debug_macro   0x0000bdf0       0x64 src/ASF/common/utils/stdio/read.o
 .debug_macro   0x0000be54       0x46 src/ASF/common/utils/stdio/read.o
 .debug_macro   0x0000be9a       0x88 src/ASF/common/utils/stdio/read.o
 .debug_macro   0x0000bf22       0x4c src/ASF/common/utils/stdio/read.o
 .debug_macro   0x0000bf6e       0xa6 src/ASF/common/utils/stdio/read.o
 .debug_macro   0x0000c014       0x7c src/ASF/common/utils/stdio/read.o
 .debug_macro   0x0000c090       0x16 src/ASF/common/utils/stdio/read.o
 .debug_macro   0x0000c0a6       0x7c src/ASF/common/utils/stdio/read.o
 .debug_macro   0x0000c122       0x22 src/ASF/common/utils/stdio/read.o
 .debug_macro   0x0000c144       0x22 src/ASF/common/utils/stdio/read.o
 .debug_macro   0x0000c166      0x195 src/ASF/common/utils/stdio/read.o
 .debug_macro   0x0000c2fb      0x165 src/ASF/common/utils/stdio/read.o
 .debug_macro   0x0000c460      0x165 src/ASF/common/utils/stdio/read.o
 .debug_macro   0x0000c5c5       0x1c src/ASF/common/utils/stdio/read.o
 .debug_macro   0x0000c5e1       0x2e src/ASF/common/utils/stdio/read.o
 .debug_macro   0x0000c60f       0x22 src/ASF/common/utils/stdio/read.o
 .debug_macro   0x0000c631       0x1c src/ASF/common/utils/stdio/read.o
 .debug_macro   0x0000c64d       0x52 src/ASF/common/utils/stdio/read.o
 .debug_macro   0x0000c69f       0x10 src/ASF/common/utils/stdio/read.o
 .debug_macro   0x0000c6af      0x234 src/ASF/common/utils/stdio/read.o
 .debug_macro   0x0000c8e3      0x938 src/ASF/common/utils/stdio/read.o
 .debug_macro   0x0000d21b      0x12a src/ASF/common/utils/stdio/read.o
 .debug_macro   0x0000d345       0x52 src/ASF/common/utils/stdio/read.o
 .debug_macro   0x0000d397       0x35 src/ASF/common/utils/stdio/read.o
 .debug_macro   0x0000d3cc       0x9c src/ASF/common/utils/stdio/read.o
 .debug_macro   0x0000d468       0x16 src/ASF/common/utils/stdio/read.o
 .debug_macro   0x0000d47e       0x35 src/ASF/common/utils/stdio/read.o
 .debug_macro   0x0000d4b3      0x330 src/ASF/common/utils/stdio/read.o
 .debug_macro   0x0000d7e3       0x10 src/ASF/common/utils/stdio/read.o
 .debug_macro   0x0000d7f3       0x52 src/ASF/common/utils/stdio/read.o
 .debug_macro   0x0000d845       0x16 src/ASF/common/utils/stdio/read.o
 .debug_macro   0x0000d85b       0x43 src/ASF/common/utils/stdio/read.o
 .debug_macro   0x0000d89e      0x187 src/ASF/common/utils/stdio/read.o
 .debug_macro   0x0000da25       0x22 src/ASF/common/utils/stdio/read.o
 .debug_macro   0x0000da47       0x3a src/ASF/common/utils/stdio/read.o
 .debug_macro   0x0000da81       0x10 src/ASF/common/utils/stdio/read.o
 .debug_macro   0x0000da91       0x40 src/ASF/common/utils/stdio/read.o
 .debug_macro   0x0000dad1       0x6c src/ASF/common/utils/stdio/read.o
 .debug_macro   0x0000db3d       0x16 src/ASF/common/utils/stdio/read.o
 .debug_macro   0x0000db53      0x182 src/ASF/common/utils/stdio/read.o
 .debug_macro   0x0000dcd5       0x22 src/ASF/common/utils/stdio/read.o
 .debug_macro   0x0000dcf7       0x16 src/ASF/common/utils/stdio/read.o
 .debug_macro   0x0000dd0d       0x16 src/ASF/common/utils/stdio/read.o
 .debug_macro   0x0000dd23       0x29 src/ASF/common/utils/stdio/read.o
 .debug_macro   0x0000dd4c       0x75 src/ASF/common/utils/stdio/read.o
 .debug_macro   0x0000ddc1       0x3f src/ASF/common/utils/stdio/read.o
 .debug_macro   0x0000de00      0x3ca src/ASF/common/utils/stdio/read.o
 .debug_macro   0x0000e1ca      0x4f9 src/ASF/common/utils/stdio/write.o
 .debug_macro   0x0000e6c3      0x518 src/ASF/sam/drivers/pio/pio_handler.o
 .debug_macro   0x0000ebdb       0x8e src/ASF/sam/drivers/pio/pio_handler.o
 .debug_macro   0x0000ec69      0x508 src/ASF/sam/drivers/uart/uart.o
 .debug_macro   0x0000f171       0x16 src/ASF/sam/drivers/uart/uart.o
 .debug_macro   0x0000f187      0x53e src/ASF/sam/drivers/usart/usart.o
 .debug_macro   0x0000f6c5       0x28 src/ASF/sam/drivers/usart/usart.o
 .debug_macro   0x0000f6ed      0x508 src/ASF/common/services/delay/sam/cycle_counter.o
 .debug_macro   0x0000fbf5       0x22 src/ASF/common/services/delay/sam/cycle_counter.o
 .debug_macro   0x0000fc17      0x578 src/ASF/common/services/clock/sam4s/sysclk.o
 .debug_macro   0x0001018f      0x2c0 src/ASF/common/services/clock/sam4s/sysclk.o
 .debug_macro   0x0001044f      0x50e src/ASF/sam/drivers/pio/pio.o
 .debug_macro   0x0001095d      0x50e src/ASF/sam/drivers/pmc/pmc.o
 .debug_macro   0x00010e6b       0x52 src/ASF/sam/drivers/pmc/pmc.o
 .debug_macro   0x00010ebd      0x63f src/ASF/common/boards/user_board/init.o
 .debug_macro   0x000114fc       0x28 src/ASF/common/boards/user_board/init.o
 .debug_macro   0x00011524       0x23 src/ASF/common/boards/user_board/init.o
 .debug_macro   0x00011547       0x94 src/ASF/common/boards/user_board/init.o
 .debug_macro   0x000115db       0x40 src/ASF/common/boards/user_board/init.o
 .debug_macro   0x0001161b       0x88 src/ASF/common/boards/user_board/init.o
 .debug_macro   0x000116a3       0x4c src/ASF/common/boards/user_board/init.o
 .debug_macro   0x000116ef      0x325 src/ASF/sam/utils/cmsis/sam4s/source/templates/gcc/startup_sam4s.o
 .debug_macro   0x00011a14      0x32d src/ASF/sam/utils/cmsis/sam4s/source/templates/system_sam4s.o
 .debug_macro   0x00011d41      0x19c src/ASF/sam/utils/syscalls/gcc/syscalls.o
 .debug_macro   0x00011edd       0x4c src/ASF/sam/utils/syscalls/gcc/syscalls.o
 .debug_macro   0x00011f29       0x8d src/ASF/sam/utils/syscalls/gcc/syscalls.o
 .debug_macro   0x00011fb6       0x4a src/ASF/sam/utils/syscalls/gcc/syscalls.o
 .debug_macro   0x00012000       0x97 src/ASF/sam/utils/syscalls/gcc/syscalls.o
 .debug_macro   0x00012097       0xf6 src/ASF/sam/utils/syscalls/gcc/syscalls.o
 .debug_macro   0x0001218d       0x52 src/ASF/sam/utils/syscalls/gcc/syscalls.o
 .debug_macro   0x000121df       0x16 src/ASF/sam/utils/syscalls/gcc/syscalls.o
 .debug_macro   0x000121f5       0x10 src/ASF/sam/utils/syscalls/gcc/syscalls.o
 .debug_macro   0x00012205       0x41 src/ASF/sam/utils/syscalls/gcc/syscalls.o
 .debug_macro   0x00012246      0x122 src/ASF/sam/utils/syscalls/gcc/syscalls.o
 .debug_macro   0x00012368      0x63f src/main.o

.debug_line     0x00000000     0xa7b7
 .debug_line    0x00000000      0xa87 src/ASF/common/utils/stdio/read.o
 .debug_line    0x00000a87      0xa84 src/ASF/common/utils/stdio/write.o
 .debug_line    0x0000150b      0xb9f src/ASF/sam/drivers/pio/pio_handler.o
 .debug_line    0x000020aa      0xc4f src/ASF/sam/drivers/uart/uart.o
 .debug_line    0x00002cf9     0x1058 src/ASF/sam/drivers/usart/usart.o
 .debug_line    0x00003d51      0xa8a src/ASF/common/services/delay/sam/cycle_counter.o
 .debug_line    0x000047db      0xd04 src/ASF/common/services/clock/sam4s/sysclk.o
 .debug_line    0x000054df      0xea3 src/ASF/sam/drivers/pio/pio.o
 .debug_line    0x00006382     0x1088 src/ASF/sam/drivers/pmc/pmc.o
 .debug_line    0x0000740a      0xe88 src/ASF/common/boards/user_board/init.o
 .debug_line    0x00008292      0x8a1 src/ASF/sam/utils/cmsis/sam4s/source/templates/gcc/startup_sam4s.o
 .debug_line    0x00008b33      0x8e7 src/ASF/sam/utils/cmsis/sam4s/source/templates/system_sam4s.o
 .debug_line    0x0000941a      0x3de src/ASF/sam/utils/syscalls/gcc/syscalls.o
 .debug_line    0x000097f8      0xfbf src/main.o

.debug_str      0x00000000    0x4f297
 .debug_str     0x00000000    0x49c6f src/ASF/common/utils/stdio/read.o
                              0x49fbc (size before relaxing)
 .debug_str     0x00049c6f       0x2e src/ASF/common/utils/stdio/write.o
                              0x49fbe (size before relaxing)
 .debug_str     0x00049c9d      0xa4c src/ASF/sam/drivers/pio/pio_handler.o
                              0x4aa4c (size before relaxing)
 .debug_str     0x0004a6e9      0x3cc src/ASF/sam/drivers/uart/uart.o
                              0x4a370 (size before relaxing)
 .debug_str     0x0004aab5      0x958 src/ASF/sam/drivers/usart/usart.o
                              0x4a9b6 (size before relaxing)
 .debug_str     0x0004b40d      0x1a9 src/ASF/common/services/delay/sam/cycle_counter.o
                              0x4a131 (size before relaxing)
 .debug_str     0x0004b5b6     0x16e4 src/ASF/common/services/clock/sam4s/sysclk.o
                              0x4b6fc (size before relaxing)
 .debug_str     0x0004cc9a      0x591 src/ASF/sam/drivers/pio/pio.o
                              0x4abd1 (size before relaxing)
 .debug_str     0x0004d22b      0x6e3 src/ASF/sam/drivers/pmc/pmc.o
                              0x4aa2f (size before relaxing)
 .debug_str     0x0004d90e      0xc1f src/ASF/common/boards/user_board/init.o
                              0x4c939 (size before relaxing)
 .debug_str     0x0004e52d      0x40e src/ASF/sam/utils/cmsis/sam4s/source/templates/gcc/startup_sam4s.o
                              0x3b261 (size before relaxing)
 .debug_str     0x0004e93b       0xf1 src/ASF/sam/utils/cmsis/sam4s/source/templates/system_sam4s.o
                              0x3b02a (size before relaxing)
 .debug_str     0x0004ea2c      0x741 src/ASF/sam/utils/syscalls/gcc/syscalls.o
                               0x69b9 (size before relaxing)
 .debug_str     0x0004f16d      0x12a src/main.o
                              0x4ca73 (size before relaxing)

.debug_frame    0x00000000     0x3470
 .debug_frame   0x00000000       0x34 src/ASF/common/utils/stdio/read.o
 .debug_frame   0x00000034       0x34 src/ASF/common/utils/stdio/write.o
 .debug_frame   0x00000068      0x1c0 src/ASF/sam/drivers/pio/pio_handler.o
 .debug_frame   0x00000228      0x420 src/ASF/sam/drivers/uart/uart.o
 .debug_frame   0x00000648      0xa7c src/ASF/sam/drivers/usart/usart.o
 .debug_frame   0x000010c4       0x20 src/ASF/common/services/delay/sam/cycle_counter.o
 .debug_frame   0x000010e4      0x244 src/ASF/common/services/clock/sam4s/sysclk.o
 .debug_frame   0x00001328      0x7c0 src/ASF/sam/drivers/pio/pio.o
 .debug_frame   0x00001ae8      0x920 src/ASF/sam/drivers/pmc/pmc.o
 .debug_frame   0x00002408       0x6c src/ASF/common/boards/user_board/init.o
 .debug_frame   0x00002474       0x48 src/ASF/sam/utils/cmsis/sam4s/source/templates/gcc/startup_sam4s.o
 .debug_frame   0x000024bc       0x78 src/ASF/sam/utils/cmsis/sam4s/source/templates/system_sam4s.o
 .debug_frame   0x00002534      0x164 src/ASF/sam/utils/syscalls/gcc/syscalls.o
 .debug_frame   0x00002698      0x190 src/main.o
 .debug_frame   0x00002828       0x2c c:/program files (x86)/atmel/studio/7.0/toolchain/arm/arm-gnu-toolchain/bin/../lib/gcc/arm-none-eabi/5.3.1/armv7e-m\libgcc.a(_aeabi_uldivmod.o)
 .debug_frame   0x00002854       0x34 c:/program files (x86)/atmel/studio/7.0/toolchain/arm/arm-gnu-toolchain/bin/../lib/gcc/arm-none-eabi/5.3.1/armv7e-m\libgcc.a(_udivmoddi4.o)
 .debug_frame   0x00002888       0x2c c:/program files (x86)/atmel/studio/7.0/toolchain/arm/arm-gnu-toolchain/bin/../lib/gcc/arm-none-eabi/5.3.1/../../../../arm-none-eabi/lib/armv7e-m\libc.a(lib_a-init.o)
 .debug_frame   0x000028b4       0x74 c:/program files (x86)/atmel/studio/7.0/toolchain/arm/arm-gnu-toolchain/bin/../lib/gcc/arm-none-eabi/5.3.1/../../../../arm-none-eabi/lib/armv7e-m\libc.a(lib_a-iprintf.o)
 .debug_frame   0x00002928       0x34 c:/program files (x86)/atmel/studio/7.0/toolchain/arm/arm-gnu-toolchain/bin/../lib/gcc/arm-none-eabi/5.3.1/../../../../arm-none-eabi/lib/armv7e-m\libc.a(lib_a-memset.o)
 .debug_frame   0x0000295c       0x20 c:/program files (x86)/atmel/studio/7.0/toolchain/arm/arm-gnu-toolchain/bin/../lib/gcc/arm-none-eabi/5.3.1/../../../../arm-none-eabi/lib/armv7e-m\libc.a(lib_a-setbuf.o)
 .debug_frame   0x0000297c       0x50 c:/program files (x86)/atmel/studio/7.0/toolchain/arm/arm-gnu-toolchain/bin/../lib/gcc/arm-none-eabi/5.3.1/../../../../arm-none-eabi/lib/armv7e-m\libc.a(lib_a-setvbuf.o)
 .debug_frame   0x000029cc       0xc8 c:/program files (x86)/atmel/studio/7.0/toolchain/arm/arm-gnu-toolchain/bin/../lib/gcc/arm-none-eabi/5.3.1/../../../../arm-none-eabi/lib/armv7e-m\libc.a(lib_a-vfiprintf.o)
 .debug_frame   0x00002a94       0x2c c:/program files (x86)/atmel/studio/7.0/toolchain/arm/arm-gnu-toolchain/bin/../lib/gcc/arm-none-eabi/5.3.1/../../../../arm-none-eabi/lib/armv7e-m\libc.a(lib_a-wsetup.o)
 .debug_frame   0x00002ac0       0x50 c:/program files (x86)/atmel/studio/7.0/toolchain/arm/arm-gnu-toolchain/bin/../lib/gcc/arm-none-eabi/5.3.1/../../../../arm-none-eabi/lib/armv7e-m\libc.a(lib_a-__call_atexit.o)
 .debug_frame   0x00002b10       0x20 c:/program files (x86)/atmel/studio/7.0/toolchain/arm/arm-gnu-toolchain/bin/../lib/gcc/arm-none-eabi/5.3.1/../../../../arm-none-eabi/lib/armv7e-m\libc.a(lib_a-atexit.o)
 .debug_frame   0x00002b30       0x6c c:/program files (x86)/atmel/studio/7.0/toolchain/arm/arm-gnu-toolchain/bin/../lib/gcc/arm-none-eabi/5.3.1/../../../../arm-none-eabi/lib/armv7e-m\libc.a(lib_a-fflush.o)
 .debug_frame   0x00002b9c      0x124 c:/program files (x86)/atmel/studio/7.0/toolchain/arm/arm-gnu-toolchain/bin/../lib/gcc/arm-none-eabi/5.3.1/../../../../arm-none-eabi/lib/armv7e-m\libc.a(lib_a-findfp.o)
 .debug_frame   0x00002cc0       0x34 c:/program files (x86)/atmel/studio/7.0/toolchain/arm/arm-gnu-toolchain/bin/../lib/gcc/arm-none-eabi/5.3.1/../../../../arm-none-eabi/lib/armv7e-m\libc.a(lib_a-fini.o)
 .debug_frame   0x00002cf4       0x8c c:/program files (x86)/atmel/studio/7.0/toolchain/arm/arm-gnu-toolchain/bin/../lib/gcc/arm-none-eabi/5.3.1/../../../../arm-none-eabi/lib/armv7e-m\libc.a(lib_a-fputwc.o)
 .debug_frame   0x00002d80       0x74 c:/program files (x86)/atmel/studio/7.0/toolchain/arm/arm-gnu-toolchain/bin/../lib/gcc/arm-none-eabi/5.3.1/../../../../arm-none-eabi/lib/armv7e-m\libc.a(lib_a-freer.o)
 .debug_frame   0x00002df4       0x68 c:/program files (x86)/atmel/studio/7.0/toolchain/arm/arm-gnu-toolchain/bin/../lib/gcc/arm-none-eabi/5.3.1/../../../../arm-none-eabi/lib/armv7e-m\libc.a(lib_a-fvwrite.o)
 .debug_frame   0x00002e5c       0x54 c:/program files (x86)/atmel/studio/7.0/toolchain/arm/arm-gnu-toolchain/bin/../lib/gcc/arm-none-eabi/5.3.1/../../../../arm-none-eabi/lib/armv7e-m\libc.a(lib_a-fwalk.o)
 .debug_frame   0x00002eb0       0x9c c:/program files (x86)/atmel/studio/7.0/toolchain/arm/arm-gnu-toolchain/bin/../lib/gcc/arm-none-eabi/5.3.1/../../../../arm-none-eabi/lib/armv7e-m\libc.a(lib_a-locale.o)
 .debug_frame   0x00002f4c       0x68 c:/program files (x86)/atmel/studio/7.0/toolchain/arm/arm-gnu-toolchain/bin/../lib/gcc/arm-none-eabi/5.3.1/../../../../arm-none-eabi/lib/armv7e-m\libc.a(lib_a-makebuf.o)
 .debug_frame   0x00002fb4       0x30 c:/program files (x86)/atmel/studio/7.0/toolchain/arm/arm-gnu-toolchain/bin/../lib/gcc/arm-none-eabi/5.3.1/../../../../arm-none-eabi/lib/armv7e-m\libc.a(lib_a-malloc.o)
 .debug_frame   0x00002fe4       0x58 c:/program files (x86)/atmel/studio/7.0/toolchain/arm/arm-gnu-toolchain/bin/../lib/gcc/arm-none-eabi/5.3.1/../../../../arm-none-eabi/lib/armv7e-m\libc.a(lib_a-mallocr.o)
 .debug_frame   0x0000303c       0x30 c:/program files (x86)/atmel/studio/7.0/toolchain/arm/arm-gnu-toolchain/bin/../lib/gcc/arm-none-eabi/5.3.1/../../../../arm-none-eabi/lib/armv7e-m\libc.a(lib_a-memmove.o)
 .debug_frame   0x0000306c       0x30 c:/program files (x86)/atmel/studio/7.0/toolchain/arm/arm-gnu-toolchain/bin/../lib/gcc/arm-none-eabi/5.3.1/../../../../arm-none-eabi/lib/armv7e-m\libc.a(lib_a-mlock.o)
 .debug_frame   0x0000309c       0x60 c:/program files (x86)/atmel/studio/7.0/toolchain/arm/arm-gnu-toolchain/bin/../lib/gcc/arm-none-eabi/5.3.1/../../../../arm-none-eabi/lib/armv7e-m\libc.a(lib_a-reallocr.o)
 .debug_frame   0x000030fc       0x2c c:/program files (x86)/atmel/studio/7.0/toolchain/arm/arm-gnu-toolchain/bin/../lib/gcc/arm-none-eabi/5.3.1/../../../../arm-none-eabi/lib/armv7e-m\libc.a(lib_a-sbrkr.o)
 .debug_frame   0x00003128       0x88 c:/program files (x86)/atmel/studio/7.0/toolchain/arm/arm-gnu-toolchain/bin/../lib/gcc/arm-none-eabi/5.3.1/../../../../arm-none-eabi/lib/armv7e-m\libc.a(lib_a-stdio.o)
 .debug_frame   0x000031b0       0x40 c:/program files (x86)/atmel/studio/7.0/toolchain/arm/arm-gnu-toolchain/bin/../lib/gcc/arm-none-eabi/5.3.1/../../../../arm-none-eabi/lib/armv7e-m\libc.a(lib_a-wbuf.o)
 .debug_frame   0x000031f0       0x60 c:/program files (x86)/atmel/studio/7.0/toolchain/arm/arm-gnu-toolchain/bin/../lib/gcc/arm-none-eabi/5.3.1/../../../../arm-none-eabi/lib/armv7e-m\libc.a(lib_a-wcrtomb.o)
 .debug_frame   0x00003250       0x48 c:/program files (x86)/atmel/studio/7.0/toolchain/arm/arm-gnu-toolchain/bin/../lib/gcc/arm-none-eabi/5.3.1/../../../../arm-none-eabi/lib/armv7e-m\libc.a(lib_a-wctomb_r.o)
 .debug_frame   0x00003298       0x2c c:/program files (x86)/atmel/studio/7.0/toolchain/arm/arm-gnu-toolchain/bin/../lib/gcc/arm-none-eabi/5.3.1/../../../../arm-none-eabi/lib/armv7e-m\libc.a(lib_a-writer.o)
 .debug_frame   0x000032c4       0x34 c:/program files (x86)/atmel/studio/7.0/toolchain/arm/arm-gnu-toolchain/bin/../lib/gcc/arm-none-eabi/5.3.1/../../../../arm-none-eabi/lib/armv7e-m\libc.a(lib_a-__atexit.o)
 .debug_frame   0x000032f8       0x2c c:/program files (x86)/atmel/studio/7.0/toolchain/arm/arm-gnu-toolchain/bin/../lib/gcc/arm-none-eabi/5.3.1/../../../../arm-none-eabi/lib/armv7e-m\libc.a(lib_a-closer.o)
 .debug_frame   0x00003324       0x44 c:/program files (x86)/atmel/studio/7.0/toolchain/arm/arm-gnu-toolchain/bin/../lib/gcc/arm-none-eabi/5.3.1/../../../../arm-none-eabi/lib/armv7e-m\libc.a(lib_a-fclose.o)
 .debug_frame   0x00003368       0x2c c:/program files (x86)/atmel/studio/7.0/toolchain/arm/arm-gnu-toolchain/bin/../lib/gcc/arm-none-eabi/5.3.1/../../../../arm-none-eabi/lib/armv7e-m\libc.a(lib_a-fstatr.o)
 .debug_frame   0x00003394       0x2c c:/program files (x86)/atmel/studio/7.0/toolchain/arm/arm-gnu-toolchain/bin/../lib/gcc/arm-none-eabi/5.3.1/../../../../arm-none-eabi/lib/armv7e-m\libc.a(lib_a-isattyr.o)
 .debug_frame   0x000033c0       0x2c c:/program files (x86)/atmel/studio/7.0/toolchain/arm/arm-gnu-toolchain/bin/../lib/gcc/arm-none-eabi/5.3.1/../../../../arm-none-eabi/lib/armv7e-m\libc.a(lib_a-lseekr.o)
 .debug_frame   0x000033ec       0x2c c:/program files (x86)/atmel/studio/7.0/toolchain/arm/arm-gnu-toolchain/bin/../lib/gcc/arm-none-eabi/5.3.1/../../../../arm-none-eabi/lib/armv7e-m\libc.a(lib_a-readr.o)
 .debug_frame   0x00003418       0x58 c:/program files (x86)/atmel/studio/7.0/toolchain/arm/arm-gnu-toolchain/bin/../lib/gcc/arm-none-eabi/5.3.1/../../../../arm-none-eabi/lib/armv7e-m\libc.a(lib_a-reent.o)

Cross Reference Table

Symbol                                            File
ACC_Handler                                       src/ASF/sam/utils/cmsis/sam4s/source/templates/gcc/startup_sam4s.o
ADC_Handler                                       src/ASF/sam/utils/cmsis/sam4s/source/templates/gcc/startup_sam4s.o
BusFault_Handler                                  src/ASF/sam/utils/cmsis/sam4s/source/templates/gcc/startup_sam4s.o
CRCCU_Handler                                     src/ASF/sam/utils/cmsis/sam4s/source/templates/gcc/startup_sam4s.o
DACC_Handler                                      src/ASF/sam/utils/cmsis/sam4s/source/templates/gcc/startup_sam4s.o
DebugMon_Handler                                  src/ASF/sam/utils/cmsis/sam4s/source/templates/gcc/startup_sam4s.o
Dummy_Handler                                     src/ASF/sam/utils/cmsis/sam4s/source/templates/gcc/startup_sam4s.o
EFC0_Handler                                      src/ASF/sam/utils/cmsis/sam4s/source/templates/gcc/startup_sam4s.o
EFC1_Handler                                      src/ASF/sam/utils/cmsis/sam4s/source/templates/gcc/startup_sam4s.o
HSMCI_Handler                                     src/ASF/sam/utils/cmsis/sam4s/source/templates/gcc/startup_sam4s.o
HardFault_Handler                                 src/ASF/sam/utils/cmsis/sam4s/source/templates/gcc/startup_sam4s.o
InitConUart                                       src/main.o
MemManage_Handler                                 src/ASF/sam/utils/cmsis/sam4s/source/templates/gcc/startup_sam4s.o
NMI_Handler                                       src/ASF/sam/utils/cmsis/sam4s/source/templates/gcc/startup_sam4s.o
PIOA_Handler                                      src/ASF/sam/drivers/pio/pio_handler.o
PIOB_Handler                                      src/ASF/sam/drivers/pio/pio_handler.o
PIOC_Handler                                      src/ASF/sam/drivers/pio/pio_handler.o
PMC_Handler                                       src/ASF/sam/utils/cmsis/sam4s/source/templates/gcc/startup_sam4s.o
PWM_Handler                                       src/ASF/sam/utils/cmsis/sam4s/source/templates/gcc/startup_sam4s.o
PendSV_Handler                                    src/ASF/sam/utils/cmsis/sam4s/source/templates/gcc/startup_sam4s.o
RSTC_Handler                                      src/ASF/sam/utils/cmsis/sam4s/source/templates/gcc/startup_sam4s.o
RTC_Handler                                       src/ASF/sam/utils/cmsis/sam4s/source/templates/gcc/startup_sam4s.o
RTT_Handler                                       src/ASF/sam/utils/cmsis/sam4s/source/templates/gcc/startup_sam4s.o
Reset_Handler                                     src/ASF/sam/utils/cmsis/sam4s/source/templates/gcc/startup_sam4s.o
SPI_Handler                                       src/ASF/sam/utils/cmsis/sam4s/source/templates/gcc/startup_sam4s.o
SSC_Handler                                       src/ASF/sam/utils/cmsis/sam4s/source/templates/gcc/startup_sam4s.o
SUPC_Handler                                      src/ASF/sam/utils/cmsis/sam4s/source/templates/gcc/startup_sam4s.o
SVC_Handler                                       src/ASF/sam/utils/cmsis/sam4s/source/templates/gcc/startup_sam4s.o
SysTick_Handler                                   src/ASF/sam/utils/cmsis/sam4s/source/templates/gcc/startup_sam4s.o
SystemCoreClock                                   src/ASF/sam/utils/cmsis/sam4s/source/templates/system_sam4s.o
SystemCoreClockUpdate                             src/ASF/sam/utils/cmsis/sam4s/source/templates/system_sam4s.o
                                                  src/ASF/common/services/clock/sam4s/sysclk.o
SystemInit                                        src/ASF/sam/utils/cmsis/sam4s/source/templates/system_sam4s.o
TC0_Handler                                       src/ASF/sam/utils/cmsis/sam4s/source/templates/gcc/startup_sam4s.o
TC1_Handler                                       src/ASF/sam/utils/cmsis/sam4s/source/templates/gcc/startup_sam4s.o
TC2_Handler                                       src/ASF/sam/utils/cmsis/sam4s/source/templates/gcc/startup_sam4s.o
TC3_Handler                                       src/ASF/sam/utils/cmsis/sam4s/source/templates/gcc/startup_sam4s.o
TC4_Handler                                       src/ASF/sam/utils/cmsis/sam4s/source/templates/gcc/startup_sam4s.o
TC5_Handler                                       src/ASF/sam/utils/cmsis/sam4s/source/templates/gcc/startup_sam4s.o
TWI0_Handler                                      src/ASF/sam/utils/cmsis/sam4s/source/templates/gcc/startup_sam4s.o
TWI1_Handler                                      src/ASF/sam/utils/cmsis/sam4s/source/templates/gcc/startup_sam4s.o
UART0_Handler                                     src/ASF/sam/utils/cmsis/sam4s/source/templates/gcc/startup_sam4s.o
UART1_Handler                                     src/ASF/sam/utils/cmsis/sam4s/source/templates/gcc/startup_sam4s.o
UDP_Handler                                       src/ASF/sam/utils/cmsis/sam4s/source/templates/gcc/startup_sam4s.o
USART0_Handler                                    src/ASF/sam/utils/cmsis/sam4s/source/templates/gcc/startup_sam4s.o
USART1_Handler                                    src/ASF/sam/utils/cmsis/sam4s/source/templates/gcc/startup_sam4s.o
UsageFault_Handler                                src/ASF/sam/utils/cmsis/sam4s/source/templates/gcc/startup_sam4s.o
WDT_Handler                                       src/ASF/sam/utils/cmsis/sam4s/source/templates/gcc/startup_sam4s.o
_Jv_RegisterClasses                               c:/program files (x86)/atmel/studio/7.0/toolchain/arm/arm-gnu-toolchain/bin/../lib/gcc/arm-none-eabi/5.3.1/armv7e-m/crtbegin.o
_PathLocale                                       c:/program files (x86)/atmel/studio/7.0/toolchain/arm/arm-gnu-toolchain/bin/../lib/gcc/arm-none-eabi/5.3.1/../../../../arm-none-eabi/lib/armv7e-m\libc.a(lib_a-locale.o)
__aeabi_idiv0                                     c:/program files (x86)/atmel/studio/7.0/toolchain/arm/arm-gnu-toolchain/bin/../lib/gcc/arm-none-eabi/5.3.1/armv7e-m\libgcc.a(_dvmd_tls.o)
__aeabi_ldiv0                                     c:/program files (x86)/atmel/studio/7.0/toolchain/arm/arm-gnu-toolchain/bin/../lib/gcc/arm-none-eabi/5.3.1/armv7e-m\libgcc.a(_dvmd_tls.o)
                                                  c:/program files (x86)/atmel/studio/7.0/toolchain/arm/arm-gnu-toolchain/bin/../lib/gcc/arm-none-eabi/5.3.1/armv7e-m\libgcc.a(_aeabi_uldivmod.o)
__aeabi_uldivmod                                  c:/program files (x86)/atmel/studio/7.0/toolchain/arm/arm-gnu-toolchain/bin/../lib/gcc/arm-none-eabi/5.3.1/armv7e-m\libgcc.a(_aeabi_uldivmod.o)
                                                  c:/program files (x86)/atmel/studio/7.0/toolchain/arm/arm-gnu-toolchain/bin/../lib/gcc/arm-none-eabi/5.3.1/../../../../arm-none-eabi/lib/armv7e-m\libc.a(lib_a-vfiprintf.o)
                                                  src/main.o
__ascii_wctomb                                    c:/program files (x86)/atmel/studio/7.0/toolchain/arm/arm-gnu-toolchain/bin/../lib/gcc/arm-none-eabi/5.3.1/../../../../arm-none-eabi/lib/armv7e-m\libc.a(lib_a-wctomb_r.o)
__bss_end__                                       c:/program files (x86)/atmel/studio/7.0/toolchain/arm/arm-gnu-toolchain/bin/../lib/gcc/arm-none-eabi/5.3.1/../../../../arm-none-eabi/lib/armv7e-m/crt0.o
__bss_start__                                     c:/program files (x86)/atmel/studio/7.0/toolchain/arm/arm-gnu-toolchain/bin/../lib/gcc/arm-none-eabi/5.3.1/../../../../arm-none-eabi/lib/armv7e-m/crt0.o
__call_exitprocs                                  c:/program files (x86)/atmel/studio/7.0/toolchain/arm/arm-gnu-toolchain/bin/../lib/gcc/arm-none-eabi/5.3.1/../../../../arm-none-eabi/lib/armv7e-m\libc.a(lib_a-__call_atexit.o)
                                                  c:/program files (x86)/atmel/studio/7.0/toolchain/arm/arm-gnu-toolchain/bin/../lib/gcc/arm-none-eabi/5.3.1/../../../../arm-none-eabi/lib/armv7e-m\libc.a(lib_a-exit.o)
__deregister_frame_info                           c:/program files (x86)/atmel/studio/7.0/toolchain/arm/arm-gnu-toolchain/bin/../lib/gcc/arm-none-eabi/5.3.1/armv7e-m/crtbegin.o
__dso_handle                                      c:/program files (x86)/atmel/studio/7.0/toolchain/arm/arm-gnu-toolchain/bin/../lib/gcc/arm-none-eabi/5.3.1/armv7e-m/crtbegin.o
__fini_array_end                                  c:/program files (x86)/atmel/studio/7.0/toolchain/arm/arm-gnu-toolchain/bin/../lib/gcc/arm-none-eabi/5.3.1/../../../../arm-none-eabi/lib/armv7e-m\libc.a(lib_a-fini.o)
__fini_array_start                                c:/program files (x86)/atmel/studio/7.0/toolchain/arm/arm-gnu-toolchain/bin/../lib/gcc/arm-none-eabi/5.3.1/../../../../arm-none-eabi/lib/armv7e-m\libc.a(lib_a-fini.o)
__fp_lock_all                                     c:/program files (x86)/atmel/studio/7.0/toolchain/arm/arm-gnu-toolchain/bin/../lib/gcc/arm-none-eabi/5.3.1/../../../../arm-none-eabi/lib/armv7e-m\libc.a(lib_a-findfp.o)
__fp_unlock_all                                   c:/program files (x86)/atmel/studio/7.0/toolchain/arm/arm-gnu-toolchain/bin/../lib/gcc/arm-none-eabi/5.3.1/../../../../arm-none-eabi/lib/armv7e-m\libc.a(lib_a-findfp.o)
__fputwc                                          c:/program files (x86)/atmel/studio/7.0/toolchain/arm/arm-gnu-toolchain/bin/../lib/gcc/arm-none-eabi/5.3.1/../../../../arm-none-eabi/lib/armv7e-m\libc.a(lib_a-fputwc.o)
__init_array_end                                  c:/program files (x86)/atmel/studio/7.0/toolchain/arm/arm-gnu-toolchain/bin/../lib/gcc/arm-none-eabi/5.3.1/../../../../arm-none-eabi/lib/armv7e-m\libc.a(lib_a-init.o)
__init_array_start                                c:/program files (x86)/atmel/studio/7.0/toolchain/arm/arm-gnu-toolchain/bin/../lib/gcc/arm-none-eabi/5.3.1/../../../../arm-none-eabi/lib/armv7e-m\libc.a(lib_a-init.o)
__libc_fini                                       c:/program files (x86)/atmel/studio/7.0/toolchain/arm/arm-gnu-toolchain/bin/../lib/gcc/arm-none-eabi/5.3.1/../../../../arm-none-eabi/lib/armv7e-m\libc.a(lib_a-__call_atexit.o)
__libc_fini_array                                 c:/program files (x86)/atmel/studio/7.0/toolchain/arm/arm-gnu-toolchain/bin/../lib/gcc/arm-none-eabi/5.3.1/../../../../arm-none-eabi/lib/armv7e-m\libc.a(lib_a-fini.o)