Archive member included to satisfy reference by file (symbol)

c:/program files (x86)/atmel/studio/7.0/toolchain/arm/arm-gnu-toolchain/bin/../lib/gcc/arm-none-eabi/5.3.1/armv7e-m\libgcc.a(_arm_addsubsf3.o)
                              src/main.o (__aeabi_fsub)
c:/program files (x86)/atmel/studio/7.0/toolchain/arm/arm-gnu-toolchain/bin/../lib/gcc/arm-none-eabi/5.3.1/armv7e-m\libgcc.a(_arm_muldivsf3.o)
                              src/main.o (__aeabi_fmul)
c:/program files (x86)/atmel/studio/7.0/toolchain/arm/arm-gnu-toolchain/bin/../lib/gcc/arm-none-eabi/5.3.1/armv7e-m\libgcc.a(_arm_cmpsf2.o)
                              src/main.o (__aeabi_fcmplt)
c:/program files (x86)/atmel/studio/7.0/toolchain/arm/arm-gnu-toolchain/bin/../lib/gcc/arm-none-eabi/5.3.1/armv7e-m\libgcc.a(_aeabi_uldivmod.o)
                              src/main.o (__aeabi_uldivmod)
c:/program files (x86)/atmel/studio/7.0/toolchain/arm/arm-gnu-toolchain/bin/../lib/gcc/arm-none-eabi/5.3.1/armv7e-m\libgcc.a(_udivmoddi4.o)
                              c:/program files (x86)/atmel/studio/7.0/toolchain/arm/arm-gnu-toolchain/bin/../lib/gcc/arm-none-eabi/5.3.1/armv7e-m\libgcc.a(_aeabi_uldivmod.o) (__udivmoddi4)
c:/program files (x86)/atmel/studio/7.0/toolchain/arm/arm-gnu-toolchain/bin/../lib/gcc/arm-none-eabi/5.3.1/armv7e-m\libgcc.a(_dvmd_tls.o)
                              c:/program files (x86)/atmel/studio/7.0/toolchain/arm/arm-gnu-toolchain/bin/../lib/gcc/arm-none-eabi/5.3.1/armv7e-m\libgcc.a(_aeabi_uldivmod.o) (__aeabi_ldiv0)
c:/program files (x86)/atmel/studio/7.0/toolchain/arm/arm-gnu-toolchain/bin/../lib/gcc/arm-none-eabi/5.3.1/../../../../arm-none-eabi/lib/armv7e-m\libc.a(lib_a-exit.o)
                              c:/program files (x86)/atmel/studio/7.0/toolchain/arm/arm-gnu-toolchain/bin/../lib/gcc/arm-none-eabi/5.3.1/../../../../arm-none-eabi/lib/armv7e-m/crt0.o (exit)
c:/program files (x86)/atmel/studio/7.0/toolchain/arm/arm-gnu-toolchain/bin/../lib/gcc/arm-none-eabi/5.3.1/../../../../arm-none-eabi/lib/armv7e-m\libc.a(lib_a-impure.o)
                              c:/program files (x86)/atmel/studio/7.0/toolchain/arm/arm-gnu-toolchain/bin/../lib/gcc/arm-none-eabi/5.3.1/../../../../arm-none-eabi/lib/armv7e-m\libc.a(lib_a-exit.o) (_global_impure_ptr)
c:/program files (x86)/atmel/studio/7.0/toolchain/arm/arm-gnu-toolchain/bin/../lib/gcc/arm-none-eabi/5.3.1/../../../../arm-none-eabi/lib/armv7e-m\libc.a(lib_a-init.o)
                              c:/program files (x86)/atmel/studio/7.0/toolchain/arm/arm-gnu-toolchain/bin/../lib/gcc/arm-none-eabi/5.3.1/../../../../arm-none-eabi/lib/armv7e-m/crt0.o (__libc_init_array)
c:/program files (x86)/atmel/studio/7.0/toolchain/arm/arm-gnu-toolchain/bin/../lib/gcc/arm-none-eabi/5.3.1/../../../../arm-none-eabi/lib/armv7e-m\libc.a(lib_a-memset.o)
                              c:/program files (x86)/atmel/studio/7.0/toolchain/arm/arm-gnu-toolchain/bin/../lib/gcc/arm-none-eabi/5.3.1/../../../../arm-none-eabi/lib/armv7e-m/crt0.o (memset)
c:/program files (x86)/atmel/studio/7.0/toolchain/arm/arm-gnu-toolchain/bin/../lib/gcc/arm-none-eabi/5.3.1/../../../../arm-none-eabi/lib/armv7e-m\libc.a(lib_a-setbuf.o)
                              src/senBuffIOPDC.o (setbuf)
c:/program files (x86)/atmel/studio/7.0/toolchain/arm/arm-gnu-toolchain/bin/../lib/gcc/arm-none-eabi/5.3.1/../../../../arm-none-eabi/lib/armv7e-m\libc.a(lib_a-setvbuf.o)
                              c:/program files (x86)/atmel/studio/7.0/toolchain/arm/arm-gnu-toolchain/bin/../lib/gcc/arm-none-eabi/5.3.1/../../../../arm-none-eabi/lib/armv7e-m\libc.a(lib_a-setbuf.o) (setvbuf)
c:/program files (x86)/atmel/studio/7.0/toolchain/arm/arm-gnu-toolchain/bin/../lib/gcc/arm-none-eabi/5.3.1/../../../../arm-none-eabi/lib/armv7e-m\libc.a(lib_a-__call_atexit.o)
                              c:/program files (x86)/atmel/studio/7.0/toolchain/arm/arm-gnu-toolchain/bin/../lib/gcc/arm-none-eabi/5.3.1/../../../../arm-none-eabi/lib/armv7e-m\libc.a(lib_a-exit.o) (__call_exitprocs)
c:/program files (x86)/atmel/studio/7.0/toolchain/arm/arm-gnu-toolchain/bin/../lib/gcc/arm-none-eabi/5.3.1/../../../../arm-none-eabi/lib/armv7e-m\libc.a(lib_a-atexit.o)
                              c:/program files (x86)/atmel/studio/7.0/toolchain/arm/arm-gnu-toolchain/bin/../lib/gcc/arm-none-eabi/5.3.1/../../../../arm-none-eabi/lib/armv7e-m\libc.a(lib_a-__call_atexit.o) (atexit)
c:/program files (x86)/atmel/studio/7.0/toolchain/arm/arm-gnu-toolchain/bin/../lib/gcc/arm-none-eabi/5.3.1/../../../../arm-none-eabi/lib/armv7e-m\libc.a(lib_a-fflush.o)
                              c:/program files (x86)/atmel/studio/7.0/toolchain/arm/arm-gnu-toolchain/bin/../lib/gcc/arm-none-eabi/5.3.1/../../../../arm-none-eabi/lib/armv7e-m\libc.a(lib_a-setvbuf.o) (_fflush_r)
c:/program files (x86)/atmel/studio/7.0/toolchain/arm/arm-gnu-toolchain/bin/../lib/gcc/arm-none-eabi/5.3.1/../../../../arm-none-eabi/lib/armv7e-m\libc.a(lib_a-findfp.o)
[...]
Memory Configuration

Name             Origin             Length             Attributes
rom              0x00400000         0x00200000         xr
ram              0x20000000         0x00028000         xrw
*default*        0x00000000         0xffffffff

Linker script and memory map

LOAD c:/program files (x86)/atmel/studio/7.0/toolchain/arm/arm-gnu-toolchain/bin/../lib/gcc/arm-none-eabi/5.3.1/armv7e-m/crti.o
LOAD c:/program files (x86)/atmel/studio/7.0/toolchain/arm/arm-gnu-toolchain/bin/../lib/gcc/arm-none-eabi/5.3.1/armv7e-m/crtbegin.o
LOAD c:/program files (x86)/atmel/studio/7.0/toolchain/arm/arm-gnu-toolchain/bin/../lib/gcc/arm-none-eabi/5.3.1/../../../../arm-none-eabi/lib/armv7e-m/crt0.o
LOAD src/cBuff.o
LOAD src/pressureSens.o
LOAD src/senBuffIOPDC.o
LOAD src/testcodes.o
LOAD src/ASF/common/utils/stdio/read.o
LOAD src/ASF/common/utils/stdio/write.o
LOAD src/ASF/common/services/serial/usart_serial.o
LOAD src/ASF/sam/drivers/pio/pio_handler.o
LOAD src/ASF/sam/drivers/twi/twi.o
LOAD src/ASF/sam/drivers/uart/uart.o
LOAD src/ASF/sam/drivers/usart/usart.o
LOAD src/ASF/common/services/delay/sam/cycle_counter.o
LOAD src/ASF/common/services/clock/sam4s/sysclk.o
LOAD src/ASF/sam/drivers/pdc/pdc.o
LOAD src/ASF/sam/drivers/pio/pio.o
LOAD src/ASF/sam/drivers/pmc/pmc.o
LOAD src/ASF/sam/drivers/pmc/sleep.o
LOAD src/ASF/common/boards/user_board/init.o
LOAD src/ASF/common/utils/interrupt/interrupt_sam_nvic.o
LOAD src/ASF/sam/utils/cmsis/sam4s/source/templates/gcc/startup_sam4s.o
LOAD src/ASF/sam/utils/cmsis/sam4s/source/templates/system_sam4s.o
LOAD src/ASF/sam/utils/syscalls/gcc/syscalls.o
LOAD src/main.o
START GROUP
LOAD ../src/ASF/thirdparty/CMSIS/Lib/GCC\libarm_cortexM4l_math.a
LOAD c:/program files (x86)/atmel/studio/7.0/toolchain/arm/arm-gnu-toolchain/bin/../lib/gcc/arm-none-eabi/5.3.1/../../../../arm-none-eabi/lib/armv7e-m\libm.a
END GROUP
START GROUP
LOAD c:/program files (x86)/atmel/studio/7.0/toolchain/arm/arm-gnu-toolchain/bin/../lib/gcc/arm-none-eabi/5.3.1/armv7e-m\libgcc.a
LOAD c:/program files (x86)/atmel/studio/7.0/toolchain/arm/arm-gnu-toolchain/bin/../lib/gcc/arm-none-eabi/5.3.1/../../../../arm-none-eabi/lib/armv7e-m\libc.a
END GROUP
LOAD c:/program files (x86)/atmel/studio/7.0/toolchain/arm/arm-gnu-toolchain/bin/../lib/gcc/arm-none-eabi/5.3.1/armv7e-m/crtend.o
LOAD c:/program files (x86)/atmel/studio/7.0/toolchain/arm/arm-gnu-toolchain/bin/../lib/gcc/arm-none-eabi/5.3.1/armv7e-m/crtn.o
                0x00003000                __stack_size__ = DEFINED (__stack_size__)?__stack_size__:0x3000
                0x20027ffc                __ram_end__ = ((ORIGIN (ram) + LENGTH (ram)) - 0x4)

.text           0x00400000     0x58c0
                0x00400000                . = ALIGN (0x4)
                0x00400000                _sfixed = .
 *(.vectors .vectors.*)
 .vectors       0x00400000       0xcc src/ASF/sam/utils/cmsis/sam4s/source/templates/gcc/startup_sam4s.o
                0x00400000                exception_table
 *(.text .text.* .gnu.linkonce.t.*)
 .text          0x004000cc       0x5c c:/program files (x86)/atmel/studio/7.0/toolchain/arm/arm-gnu-toolchain/bin/../lib/gcc/arm-none-eabi/5.3.1/armv7e-m/crtbegin.o
 .text.CBuffGetRxBytes
                0x00400128       0x64 src/cBuff.o
                0x00400128                CBuffGetRxBytes
 .text.CBuffReadByte
                0x0040018c       0x40 src/cBuff.o
                0x0040018c                CBuffReadByte
 .text.CBuffWriteByte
                0x004001cc       0x40 src/cBuff.o
                0x004001cc                CBuffWriteByte
 .text.ReadPressureSen
                0x0040020c       0x48 src/pressureSens.o
                0x0040020c                ReadPressureSen
 .text.osc_get_rate
                0x00400254       0x74 src/senBuffIOPDC.o
 .text.sysclk_get_main_hz
                0x004002c8       0x1c src/senBuffIOPDC.o
 .text.sysclk_get_peripheral_hz
                0x004002e4       0x14 src/senBuffIOPDC.o
 .text.sysclk_enable_peripheral_clock
                0x004002f8       0x1c src/senBuffIOPDC.o
 .text.usart_serial_init
                0x00400314       0xf8 src/senBuffIOPDC.o
 .text.usart_serial_putchar
                0x0040040c       0xa8 src/senBuffIOPDC.o
 .text.usart_serial_getchar
                0x004004b4       0xa8 src/senBuffIOPDC.o
 .text.stdio_serial_init
                0x0040055c       0x68 src/senBuffIOPDC.o
 .text.SenInitUsart
                0x004005c4      0x130 src/senBuffIOPDC.o
                0x004005c4                SenInitUsart
 .text.SenPdcManageBuff
                0x004006f4       0xd0 src/senBuffIOPDC.o
                0x004006f4                SenPdcManageBuff
 .text.SenGetRxBytes
                0x004007c4       0xac src/senBuffIOPDC.o
                0x004007c4                SenGetRxBytes
 .text.SenGetByte
                0x00400870       0x74 src/senBuffIOPDC.o
                0x00400870                SenGetByte
 .text._read    0x004008e4       0x54 src/ASF/common/utils/stdio/read.o
                0x004008e4                _read
 .text._write   0x00400938       0x6c src/ASF/common/utils/stdio/write.o
                0x00400938                _write
 .text.NVIC_EnableIRQ
                0x004009a4       0x30 src/ASF/sam/drivers/pio/pio_handler.o
 .text.NVIC_DisableIRQ
                0x004009d4       0x34 src/ASF/sam/drivers/pio/pio_handler.o
 .text.NVIC_ClearPendingIRQ
                0x00400a08       0x34 src/ASF/sam/drivers/pio/pio_handler.o
 .text.NVIC_SetPriority
                0x00400a3c       0x54 src/ASF/sam/drivers/pio/pio_handler.o
 .text.pio_handler_process
                0x00400a90       0xd4 src/ASF/sam/drivers/pio/pio_handler.o
                0x00400a90                pio_handler_process
 .text.pio_handler_set
                0x00400b64       0xa0 src/ASF/sam/drivers/pio/pio_handler.o
                0x00400b64                pio_handler_set
 .text.PIOA_Handler
                0x00400c04       0x18 src/ASF/sam/drivers/pio/pio_handler.o
                0x00400c04                PIOA_Handler
 .text.PIOB_Handler
                0x00400c1c       0x18 src/ASF/sam/drivers/pio/pio_handler.o
                0x00400c1c                PIOB_Handler
 .text.pio_handler_set_priority
                0x00400c34       0x84 src/ASF/sam/drivers/pio/pio_handler.o
                0x00400c34                pio_handler_set_priority
 .text.twi_enable_master_mode
                0x00400cb8       0x24 src/ASF/sam/drivers/twi/twi.o
                0x00400cb8                twi_enable_master_mode
 .text.twi_master_init
                0x00400cdc       0x64 src/ASF/sam/drivers/twi/twi.o
                0x00400cdc                twi_master_init
 .text.twi_set_speed
                0x00400d40       0xf4 src/ASF/sam/drivers/twi/twi.o
                0x00400d40                twi_set_speed
 .text.twi_mk_addr
                0x00400e34       0x5c src/ASF/sam/drivers/twi/twi.o
                0x00400e34                twi_mk_addr
 .text.twi_master_read
                0x00400e90      0x10c src/ASF/sam/drivers/twi/twi.o
                0x00400e90                twi_master_read
 .text.twi_reset
                0x00400f9c       0x1c src/ASF/sam/drivers/twi/twi.o
                0x00400f9c                twi_reset
 .text.uart_init
                0x00400fb8       0x60 src/ASF/sam/drivers/uart/uart.o
                0x00400fb8                uart_init
 .text.uart_disable_tx
                0x00401018       0x18 src/ASF/sam/drivers/uart/uart.o
                0x00401018                uart_disable_tx
 .text.uart_enable_rx
                0x00401030       0x18 src/ASF/sam/drivers/uart/uart.o
                0x00401030                uart_enable_rx
 .text.uart_write
                0x00401048       0x30 src/ASF/sam/drivers/uart/uart.o
                0x00401048                uart_write
 .text.uart_read
                0x00401078       0x30 src/ASF/sam/drivers/uart/uart.o
                0x00401078                uart_read
 .text.uart_get_pdc_base
                0x004010a8       0x3c src/ASF/sam/drivers/uart/uart.o
                0x004010a8                uart_get_pdc_base
 .text.usart_set_async_baudrate
                0x004010e4       0x88 src/ASF/sam/drivers/usart/usart.o
                0x004010e4                usart_set_async_baudrate
 .text.usart_reset
                0x0040116c       0x60 src/ASF/sam/drivers/usart/usart.o
                0x0040116c                usart_reset
 .text.usart_init_rs232
                0x004011cc       0x84 src/ASF/sam/drivers/usart/usart.o
                0x004011cc                usart_init_rs232
 .text.usart_enable_tx
                0x00401250       0x18 src/ASF/sam/drivers/usart/usart.o
                0x00401250                usart_enable_tx
 .text.usart_disable_tx
                0x00401268       0x18 src/ASF/sam/drivers/usart/usart.o
                0x00401268                usart_disable_tx
 .text.usart_reset_tx
                0x00401280       0x18 src/ASF/sam/drivers/usart/usart.o
                0x00401280                usart_reset_tx
 .text.usart_enable_rx
                0x00401298       0x18 src/ASF/sam/drivers/usart/usart.o
                0x00401298                usart_enable_rx
 .text.usart_disable_rx
                0x004012b0       0x18 src/ASF/sam/drivers/usart/usart.o
                0x004012b0                usart_disable_rx
 .text.usart_reset_rx
                0x004012c8       0x18 src/ASF/sam/drivers/usart/usart.o
                0x004012c8                usart_reset_rx
 .text.usart_get_status
                0x004012e0       0x18 src/ASF/sam/drivers/usart/usart.o
                0x004012e0                usart_get_status
 .text.usart_reset_status
                0x004012f8       0x1c src/ASF/sam/drivers/usart/usart.o
                0x004012f8                usart_reset_status
 .text.usart_drive_DTR_pin_high
                0x00401314       0x1c src/ASF/sam/drivers/usart/usart.o
                0x00401314                usart_drive_DTR_pin_high
 .text.usart_drive_RTS_pin_high
                0x00401330       0x1c src/ASF/sam/drivers/usart/usart.o
                0x00401330                usart_drive_RTS_pin_high
 .text.usart_write
                0x0040134c       0x30 src/ASF/sam/drivers/usart/usart.o
                0x0040134c                usart_write
 .text.usart_read
                0x0040137c       0x34 src/ASF/sam/drivers/usart/usart.o
                0x0040137c                usart_read
 .text.usart_get_pdc_base
                0x004013b0       0x48 src/ASF/sam/drivers/usart/usart.o
                0x004013b0                usart_get_pdc_base
 .text.usart_disable_writeprotect
                0x004013f8       0x20 src/ASF/sam/drivers/usart/usart.o
                0x004013f8                usart_disable_writeprotect
 .text.osc_enable
                0x00401418       0x88 src/ASF/common/services/clock/sam4s/sysclk.o
 .text.osc_is_ready
                0x004014a0       0x70 src/ASF/common/services/clock/sam4s/sysclk.o
 .text.osc_get_rate
                0x00401510       0x74 src/ASF/common/services/clock/sam4s/sysclk.o
 .text.osc_wait_ready
                0x00401584       0x2c src/ASF/common/services/clock/sam4s/sysclk.o
 .text.pll_config_init
                0x004015b0       0x54 src/ASF/common/services/clock/sam4s/sysclk.o
 .text.pll_enable
                0x00401604       0x44 src/ASF/common/services/clock/sam4s/sysclk.o
 .text.pll_is_locked
                0x00401648       0x2c src/ASF/common/services/clock/sam4s/sysclk.o
 .text.pll_enable_source
                0x00401674       0x38 src/ASF/common/services/clock/sam4s/sysclk.o
 .text.pll_wait_for_lock
                0x004016ac       0x24 src/ASF/common/services/clock/sam4s/sysclk.o
 .text.sysclk_get_main_hz
                0x004016d0       0x1c src/ASF/common/services/clock/sam4s/sysclk.o
 .text.sysclk_get_cpu_hz
                0x004016ec       0x14 src/ASF/common/services/clock/sam4s/sysclk.o
 .text.sysclk_init
                0x00401700       0x70 src/ASF/common/services/clock/sam4s/sysclk.o
                0x00401700                sysclk_init
 .text.pdc_tx_init
                0x00401770       0x44 src/ASF/sam/drivers/pdc/pdc.o
                0x00401770                pdc_tx_init
 .text.pdc_rx_init
                0x004017b4       0x44 src/ASF/sam/drivers/pdc/pdc.o
                0x004017b4                pdc_rx_init
 .text.pdc_enable_transfer
                0x004017f8       0x20 src/ASF/sam/drivers/pdc/pdc.o
                0x004017f8                pdc_enable_transfer
 .text.pdc_read_rx_counter
                0x00401818       0x18 src/ASF/sam/drivers/pdc/pdc.o
                0x00401818                pdc_read_rx_counter
 .text.pdc_read_rx_next_counter
                0x00401830       0x18 src/ASF/sam/drivers/pdc/pdc.o
                0x00401830                pdc_read_rx_next_counter
 .text.pio_pull_up
                0x00401848       0x2c src/ASF/sam/drivers/pio/pio.o
                0x00401848                pio_pull_up
 .text.pio_set_debounce_filter
                0x00401874       0x38 src/ASF/sam/drivers/pio/pio.o
                0x00401874                pio_set_debounce_filter
 .text.pio_set_peripheral
                0x004018ac      0x110 src/ASF/sam/drivers/pio/pio.o
                0x004018ac                pio_set_peripheral
 .text.pio_set_input
                0x004019bc       0x80 src/ASF/sam/drivers/pio/pio.o
                0x004019bc                pio_set_input
 .text.pio_set_output
                0x00401a3c       0x64 src/ASF/sam/drivers/pio/pio.o
                0x00401a3c                pio_set_output
 .text.pio_configure_interrupt
                0x00401aa0       0x6c src/ASF/sam/drivers/pio/pio.o
                0x00401aa0                pio_configure_interrupt
 .text.pio_enable_interrupt
                0x00401b0c       0x1c src/ASF/sam/drivers/pio/pio.o
                0x00401b0c                pio_enable_interrupt
 .text.pio_disable_interrupt
                0x00401b28       0x1c src/ASF/sam/drivers/pio/pio.o
                0x00401b28                pio_disable_interrupt
 .text.pio_get_interrupt_status
                0x00401b44       0x18 src/ASF/sam/drivers/pio/pio.o
                0x00401b44                pio_get_interrupt_status
 .text.pio_get_interrupt_mask
                0x00401b5c       0x18 src/ASF/sam/drivers/pio/pio.o
                0x00401b5c                pio_get_interrupt_mask
 .text.pio_get_pin_value
                0x00401b74       0x30 src/ASF/sam/drivers/pio/pio.o
                0x00401b74                pio_get_pin_value
 .text.pio_set_pin_high
                0x00401ba4       0x30 src/ASF/sam/drivers/pio/pio.o
                0x00401ba4                pio_set_pin_high
 .text.pio_set_pin_low
                0x00401bd4       0x30 src/ASF/sam/drivers/pio/pio.o
                0x00401bd4                pio_set_pin_low
 .text.pio_configure_pin
                0x00401c04      0x1b0 src/ASF/sam/drivers/pio/pio.o
                0x00401c04                pio_configure_pin
 .text.pio_configure_pin_group
                0x00401db4      0x12c src/ASF/sam/drivers/pio/pio.o
                0x00401db4                pio_configure_pin_group
 .text.pio_get_pin_group
                0x00401ee0       0x24 src/ASF/sam/drivers/pio/pio.o
                0x00401ee0                pio_get_pin_group
 .text.pmc_switch_mck_to_pllack
                0x00401f04       0x80 src/ASF/sam/drivers/pmc/pmc.o
                0x00401f04                pmc_switch_mck_to_pllack
 .text.pmc_switch_sclk_to_32kxtal
                0x00401f84       0x38 src/ASF/sam/drivers/pmc/pmc.o
                0x00401f84                pmc_switch_sclk_to_32kxtal
 .text.pmc_osc_is_ready_32kxtal
                0x00401fbc       0x34 src/ASF/sam/drivers/pmc/pmc.o
                0x00401fbc                pmc_osc_is_ready_32kxtal
 .text.pmc_switch_mainck_to_fastrc
                0x00401ff0       0x70 src/ASF/sam/drivers/pmc/pmc.o
                0x00401ff0                pmc_switch_mainck_to_fastrc
 .text.pmc_switch_mainck_to_xtal
                0x00402060       0x78 src/ASF/sam/drivers/pmc/pmc.o
                0x00402060                pmc_switch_mainck_to_xtal
 .text.pmc_osc_is_ready_mainck
                0x004020d8       0x18 src/ASF/sam/drivers/pmc/pmc.o
                0x004020d8                pmc_osc_is_ready_mainck
 .text.pmc_disable_pllack
                0x004020f0       0x18 src/ASF/sam/drivers/pmc/pmc.o
                0x004020f0                pmc_disable_pllack
 .text.pmc_is_locked_pllack
                0x00402108       0x18 src/ASF/sam/drivers/pmc/pmc.o
                0x00402108                pmc_is_locked_pllack
 .text.pmc_disable_pllbck
                0x00402120       0x18 src/ASF/sam/drivers/pmc/pmc.o
                0x00402120                pmc_disable_pllbck
 .text.pmc_is_locked_pllbck
                0x00402138       0x18 src/ASF/sam/drivers/pmc/pmc.o
                0x00402138                pmc_is_locked_pllbck
 .text.pmc_enable_periph_clk
                0x00402150       0x80 src/ASF/sam/drivers/pmc/pmc.o
                0x00402150                pmc_enable_periph_clk
 .text.NVIC_EnableIRQ
                0x004021d0       0x30 src/ASF/common/boards/user_board/init.o
 .text.sysclk_enable_peripheral_clock
                0x00402200       0x1c src/ASF/common/boards/user_board/init.o
 .text.ioport_init
                0x0040221c       0x18 src/ASF/common/boards/user_board/init.o
 .text.board_init
                0x00402234      0x138 src/ASF/common/boards/user_board/init.o
                0x00402234                board_init
 .text.Reset_Handler
                0x0040236c       0xc8 src/ASF/sam/utils/cmsis/sam4s/source/templates/gcc/startup_sam4s.o
                0x0040236c                Reset_Handler
 .text.Dummy_Handler
                0x00402434        0x8 src/ASF/sam/utils/cmsis/sam4s/source/templates/gcc/startup_sam4s.o
                0x00402434                DACC_Handler
                0x00402434                DebugMon_Handler
                0x00402434                HardFault_Handler
                0x00402434                TC2_Handler
                0x00402434                SPI_Handler
                0x00402434                TWI1_Handler
                0x00402434                PendSV_Handler
                0x00402434                NMI_Handler
                0x00402434                ADC_Handler
                0x00402434                CRCCU_Handler
                0x00402434                USART0_Handler
                0x00402434                RTT_Handler
                0x00402434                RTC_Handler
                0x00402434                UsageFault_Handler
                0x00402434                WDT_Handler
                0x00402434                TC1_Handler
                0x00402434                HSMCI_Handler
                0x00402434                UART1_Handler
                0x00402434                Dummy_Handler
                0x00402434                TWI0_Handler
                0x00402434                USART1_Handler
                0x00402434                SSC_Handler
                0x00402434                EFC0_Handler
                0x00402434                ACC_Handler
                0x00402434                PMC_Handler
                0x00402434                PWM_Handler
                0x00402434                MemManage_Handler
                0x00402434                SUPC_Handler
                0x00402434                SVC_Handler
                0x00402434                UART0_Handler
                0x00402434                UDP_Handler
                0x00402434                BusFault_Handler
                0x00402434                RSTC_Handler
                0x00402434                TC0_Handler
 .text.SystemCoreClockUpdate
                0x0040243c      0x19c src/ASF/sam/utils/cmsis/sam4s/source/templates/system_sam4s.o
                0x0040243c                SystemCoreClockUpdate
 .text.system_init_flash
                0x004025d8       0x94 src/ASF/sam/utils/cmsis/sam4s/source/templates/system_sam4s.o
                0x004025d8                system_init_flash
 .text._sbrk    0x0040266c       0x58 src/ASF/sam/utils/syscalls/gcc/syscalls.o
                0x0040266c                _sbrk
 .text._close   0x004026c4       0x18 src/ASF/sam/utils/syscalls/gcc/syscalls.o
                0x004026c4                _close
 .text._fstat   0x004026dc       0x20 src/ASF/sam/utils/syscalls/gcc/syscalls.o
                0x004026dc                _fstat
 .text._lseek   0x004026fc       0x18 src/ASF/sam/utils/syscalls/gcc/syscalls.o
                0x004026fc                _lseek
 .text.NVIC_SetPriority
                0x00402714       0x54 src/main.o
 .text.SysTick_Config
                0x00402768       0x48 src/main.o
 .text.osc_get_rate
                0x004027b0       0x74 src/main.o
 .text.sysclk_get_main_hz
                0x00402824       0x1c src/main.o
 .text.sysclk_get_cpu_hz
                0x00402840       0x14 src/main.o
 .text.sysclk_get_peripheral_hz
                0x00402854       0x14 src/main.o
 .text.sysclk_enable_peripheral_clock
                0x00402868       0x1c src/main.o
 .text.main     0x00402884      0x1ec src/main.o
                0x00402884                main
 .text.SysTick_Handler
                0x00402a70       0x28 src/main.o
                0x00402a70                SysTick_Handler
 .text.SosIntHandler
                0x00402a98       0x38 src/main.o
                0x00402a98                SosIntHandler
 .text.InitPeripherals
                0x00402ad0       0x28 src/main.o
                0x00402ad0                InitPeripherals
 .text.InitTWI  0x00402af8       0x50 src/main.o
                0x00402af8                InitTWI
 .text.InitSystick
                0x00402b48       0x38 src/main.o
                0x00402b48                InitSystick
 .text.InitDispUart
                0x00402b80       0x84 src/main.o
                0x00402b80                InitDispUart
 .text.SenProcessData
                0x00402c04       0x54 src/main.o
                0x00402c04                SenProcessData
 .text.SenParseFrame
                0x00402c58      0x374 src/main.o
                0x00402c58                SenParseFrame
 .text.GetTrigger
                0x00402fcc       0xfc src/main.o
                0x00402fcc                GetTrigger
 .text.ActivateValves
                0x004030c8      0x208 src/main.o
                0x004030c8                ActivateValves
 .text.SetValveState
                0x004032d0       0x70 src/main.o
                0x004032d0                SetValveState
 .text.SendDispData
                0x00403340      0xa9c src/main.o
                0x00403340                SendDispData
 .text.CalcChkSum
                0x00403ddc       0x40 src/main.o
                0x00403ddc                CalcChkSum
 .text.PollSwitches
                0x00403e1c      0x124 src/main.o
                0x00403e1c                PollSwitches
 .text          0x00403f40      0x21c c:/program files (x86)/atmel/studio/7.0/toolchain/arm/arm-gnu-toolchain/bin/../lib/gcc/arm-none-eabi/5.3.1/armv7e-m\libgcc.a(_arm_addsubsf3.o)
                0x00403f40                __aeabi_frsub
                0x00403f48                __subsf3
                0x00403f48                __aeabi_fsub
                0x00403f4c                __aeabi_fadd
                0x00403f4c                __addsf3
                0x004040ac                __aeabi_ui2f
                0x004040ac                __floatunsisf
                0x004040b4                __aeabi_i2f
                0x004040b4                __floatsisf
                0x004040d0                __aeabi_ul2f
                0x004040d0                __floatundisf
                0x004040e0                __aeabi_l2f
                0x004040e0                __floatdisf
 .text          0x0040415c      0x2a0 c:/program files (x86)/atmel/studio/7.0/toolchain/arm/arm-gnu-toolchain/bin/../lib/gcc/arm-none-eabi/5.3.1/armv7e-m\libgcc.a(_arm_muldivsf3.o)
                0x0040415c                __mulsf3
                0x0040415c                __aeabi_fmul
                0x004042c4                __aeabi_fdiv
                0x004042c4                __divsf3
 .text          0x004043fc       0xec c:/program files (x86)/atmel/studio/7.0/toolchain/arm/arm-gnu-toolchain/bin/../lib/gcc/arm-none-eabi/5.3.1/armv7e-m\libgcc.a(_arm_cmpsf2.o)
                0x004043fc                __gesf2
                0x004043fc                __gtsf2
                0x00404404                __lesf2
                0x00404404                __ltsf2
                0x0040440c                __nesf2
                0x0040440c                __eqsf2
                0x0040440c                __cmpsf2
                0x0040446c                __aeabi_cfrcmple
                0x00404474                __aeabi_cfcmpeq
                0x00404474                __aeabi_cfcmple
                0x00404484                __aeabi_fcmpeq
                0x00404498                __aeabi_fcmplt
                0x004044ac                __aeabi_fcmple
                0x004044c0                __aeabi_fcmpge
                0x004044d4                __aeabi_fcmpgt
 .text          0x004044e8       0x30 c:/program files (x86)/atmel/studio/7.0/toolchain/arm/arm-gnu-toolchain/bin/../lib/gcc/arm-none-eabi/5.3.1/armv7e-m\libgcc.a(_aeabi_uldivmod.o)
                0x004044e8                __aeabi_uldivmod
 .text          0x00404518      0x2e4 c:/program files (x86)/atmel/studio/7.0/toolchain/arm/arm-gnu-toolchain/bin/../lib/gcc/arm-none-eabi/5.3.1/armv7e-m\libgcc.a(_udivmoddi4.o)
                0x00404518                __udivmoddi4
 .text          0x004047fc        0x4 c:/program files (x86)/atmel/studio/7.0/toolchain/arm/arm-gnu-toolchain/bin/../lib/gcc/arm-none-eabi/5.3.1/armv7e-m\libgcc.a(_dvmd_tls.o)
                0x004047fc                __aeabi_idiv0
                0x004047fc                __aeabi_ldiv0
 .text.__libc_init_array
                0x00404800       0x50 c:/program files (x86)/atmel/studio/7.0/toolchain/arm/arm-gnu-toolchain/bin/../lib/gcc/arm-none-eabi/5.3.1/../../../../arm-none-eabi/lib/armv7e-m\libc.a(lib_a-init.o)
                0x00404800                __libc_init_array
 .text.memset   0x00404850       0x9c c:/program files (x86)/atmel/studio/7.0/toolchain/arm/arm-gnu-toolchain/bin/../lib/gcc/arm-none-eabi/5.3.1/../../../../arm-none-eabi/lib/armv7e-m\libc.a(lib_a-memset.o)
                0x00404850                memset
 .text.setbuf   0x004048ec       0x10 c:/program files (x86)/atmel/studio/7.0/toolchain/arm/arm-gnu-toolchain/bin/../lib/gcc/arm-none-eabi/5.3.1/../../../../arm-none-eabi/lib/armv7e-m\libc.a(lib_a-setbuf.o)
                0x004048ec                setbuf
 .text.setvbuf  0x004048fc      0x150 c:/program files (x86)/atmel/studio/7.0/toolchain/arm/arm-gnu-toolchain/bin/../lib/gcc/arm-none-eabi/5.3.1/../../../../arm-none-eabi/lib/armv7e-m\libc.a(lib_a-setvbuf.o)
                0x004048fc                setvbuf
 .text.startup.register_fini
                0x00404a4c       0x14 c:/program files (x86)/atmel/studio/7.0/toolchain/arm/arm-gnu-toolchain/bin/../lib/gcc/arm-none-eabi/5.3.1/../../../../arm-none-eabi/lib/armv7e-m\libc.a(lib_a-__call_atexit.o)
 .text.atexit   0x00404a60        0xc c:/program files (x86)/atmel/studio/7.0/toolchain/arm/arm-gnu-toolchain/bin/../lib/gcc/arm-none-eabi/5.3.1/../../../../arm-none-eabi/lib/armv7e-m\libc.a(lib_a-atexit.o)
                0x00404a60                atexit
 .text.__sflush_r
                0x00404a6c      0x148 c:/program files (x86)/atmel/studio/7.0/toolchain/arm/arm-gnu-toolchain/bin/../lib/gcc/arm-none-eabi/5.3.1/../../../../arm-none-eabi/lib/armv7e-m\libc.a(lib_a-fflush.o)
                0x00404a6c                __sflush_r
 .text._fflush_r
                0x00404bb4       0x2c c:/program files (x86)/atmel/studio/7.0/toolchain/arm/arm-gnu-toolchain/bin/../lib/gcc/arm-none-eabi/5.3.1/../../../../arm-none-eabi/lib/armv7e-m\libc.a(lib_a-fflush.o)
                0x00404bb4                _fflush_r
 .text._cleanup_r
                0x00404be0        0xc c:/program files (x86)/atmel/studio/7.0/toolchain/arm/arm-gnu-toolchain/bin/../lib/gcc/arm-none-eabi/5.3.1/../../../../arm-none-eabi/lib/armv7e-m\libc.a(lib_a-findfp.o)
                0x00404be0                _cleanup_r
 .text.__sinit.part.1
                0x00404bec       0xf0 c:/program files (x86)/atmel/studio/7.0/toolchain/arm/arm-gnu-toolchain/bin/../lib/gcc/arm-none-eabi/5.3.1/../../../../arm-none-eabi/lib/armv7e-m\libc.a(lib_a-findfp.o)
 .text.__sinit  0x00404cdc        0xc c:/program files (x86)/atmel/studio/7.0/toolchain/arm/arm-gnu-toolchain/bin/../lib/gcc/arm-none-eabi/5.3.1/../../../../arm-none-eabi/lib/armv7e-m\libc.a(lib_a-findfp.o)
                0x00404cdc                __sinit
 .text.__sfp_lock_acquire
                0x00404ce8        0x4 c:/program files (x86)/atmel/studio/7.0/toolchain/arm/arm-gnu-toolchain/bin/../lib/gcc/arm-none-eabi/5.3.1/../../../../arm-none-eabi/lib/armv7e-m\libc.a(lib_a-findfp.o)
                0x00404ce8                __sfp_lock_acquire
 .text.__sfp_lock_release
                0x00404cec        0x4 c:/program files (x86)/atmel/studio/7.0/toolchain/arm/arm-gnu-toolchain/bin/../lib/gcc/arm-none-eabi/5.3.1/../../../../arm-none-eabi/lib/armv7e-m\libc.a(lib_a-findfp.o)
                0x00404cec                __sfp_lock_release
 .text.__libc_fini_array
                0x00404cf0       0x28 c:/program files (x86)/atmel/studio/7.0/toolchain/arm/arm-gnu-toolchain/bin/../lib/gcc/arm-none-eabi/5.3.1/../../../../arm-none-eabi/lib/armv7e-m\libc.a(lib_a-fini.o)
                0x00404cf0                __libc_fini_array
 .text._malloc_trim_r
                0x00404d18       0x9c c:/program files (x86)/atmel/studio/7.0/toolchain/arm/arm-gnu-toolchain/bin/../lib/gcc/arm-none-eabi/5.3.1/../../../../arm-none-eabi/lib/armv7e-m\libc.a(lib_a-freer.o)
                0x00404d18                _malloc_trim_r
 .text._free_r  0x00404db4      0x1d0 c:/program files (x86)/atmel/studio/7.0/toolchain/arm/arm-gnu-toolchain/bin/../lib/gcc/arm-none-eabi/5.3.1/../../../../arm-none-eabi/lib/armv7e-m\libc.a(lib_a-freer.o)
                0x00404db4                _free_r
 .text._fwalk_reent
                0x00404f84       0x54 c:/program files (x86)/atmel/studio/7.0/toolchain/arm/arm-gnu-toolchain/bin/../lib/gcc/arm-none-eabi/5.3.1/../../../../arm-none-eabi/lib/armv7e-m\libc.a(lib_a-fwalk.o)
                0x00404f84                _fwalk_reent
 .text.__swhatbuf_r
                0x00404fd8       0x60 c:/program files (x86)/atmel/studio/7.0/toolchain/arm/arm-gnu-toolchain/bin/../lib/gcc/arm-none-eabi/5.3.1/../../../../arm-none-eabi/lib/armv7e-m\libc.a(lib_a-makebuf.o)
                0x00404fd8                __swhatbuf_r
 .text.malloc   0x00405038       0x10 c:/program files (x86)/atmel/studio/7.0/toolchain/arm/arm-gnu-toolchain/bin/../lib/gcc/arm-none-eabi/5.3.1/../../../../arm-none-eabi/lib/armv7e-m\libc.a(lib_a-malloc.o)
                0x00405038                malloc
 .text._malloc_r
                0x00405048      0x570 c:/program files (x86)/atmel/studio/7.0/toolchain/arm/arm-gnu-toolchain/bin/../lib/gcc/arm-none-eabi/5.3.1/../../../../arm-none-eabi/lib/armv7e-m\libc.a(lib_a-mallocr.o)
                0x00405048                _malloc_r
 .text.__malloc_lock
                0x004055b8        0x4 c:/program files (x86)/atmel/studio/7.0/toolchain/arm/arm-gnu-toolchain/bin/../lib/gcc/arm-none-eabi/5.3.1/../../../../arm-none-eabi/lib/armv7e-m\libc.a(lib_a-mlock.o)
                0x004055b8                __malloc_lock
 .text.__malloc_unlock
                0x004055bc        0x4 c:/program files (x86)/atmel/studio/7.0/toolchain/arm/arm-gnu-toolchain/bin/../lib/gcc/arm-none-eabi/5.3.1/../../../../arm-none-eabi/lib/armv7e-m\libc.a(lib_a-mlock.o)
                0x004055bc                __malloc_unlock
 .text._sbrk_r  0x004055c0       0x24 c:/program files (x86)/atmel/studio/7.0/toolchain/arm/arm-gnu-toolchain/bin/../lib/gcc/arm-none-eabi/5.3.1/../../../../arm-none-eabi/lib/armv7e-m\libc.a(lib_a-sbrkr.o)
                0x004055c0                _sbrk_r
 .text.__sread  0x004055e4       0x24 c:/program files (x86)/atmel/studio/7.0/toolchain/arm/arm-gnu-toolchain/bin/../lib/gcc/arm-none-eabi/5.3.1/../../../../arm-none-eabi/lib/armv7e-m\libc.a(lib_a-stdio.o)
                0x004055e4                __sread
 .text.__swrite
                0x00405608       0x3c c:/program files (x86)/atmel/studio/7.0/toolchain/arm/arm-gnu-toolchain/bin/../lib/gcc/arm-none-eabi/5.3.1/../../../../arm-none-eabi/lib/armv7e-m\libc.a(lib_a-stdio.o)
                0x00405608                __swrite
 .text.__sseek  0x00405644       0x20 c:/program files (x86)/atmel/studio/7.0/toolchain/arm/arm-gnu-toolchain/bin/../lib/gcc/arm-none-eabi/5.3.1/../../../../arm-none-eabi/lib/armv7e-m\libc.a(lib_a-stdio.o)
                0x00405644                __sseek
 .text.__sclose
                0x00405664        0x8 c:/program files (x86)/atmel/studio/7.0/toolchain/arm/arm-gnu-toolchain/bin/../lib/gcc/arm-none-eabi/5.3.1/../../../../arm-none-eabi/lib/armv7e-m\libc.a(lib_a-stdio.o)
                0x00405664                __sclose
 .text._write_r
                0x0040566c       0x2c c:/program files (x86)/atmel/studio/7.0/toolchain/arm/arm-gnu-toolchain/bin/../lib/gcc/arm-none-eabi/5.3.1/../../../../arm-none-eabi/lib/armv7e-m\libc.a(lib_a-writer.o)
                0x0040566c                _write_r
 .text.__register_exitproc
                0x00405698       0xa4 c:/program files (x86)/atmel/studio/7.0/toolchain/arm/arm-gnu-toolchain/bin/../lib/gcc/arm-none-eabi/5.3.1/../../../../arm-none-eabi/lib/armv7e-m\libc.a(lib_a-__atexit.o)
                0x00405698                __register_exitproc
 .text._close_r
                0x0040573c       0x24 c:/program files (x86)/atmel/studio/7.0/toolchain/arm/arm-gnu-toolchain/bin/../lib/gcc/arm-none-eabi/5.3.1/../../../../arm-none-eabi/lib/armv7e-m\libc.a(lib_a-closer.o)
                0x0040573c                _close_r
 .text._fclose_r
                0x00405760       0x84 c:/program files (x86)/atmel/studio/7.0/toolchain/arm/arm-gnu-toolchain/bin/../lib/gcc/arm-none-eabi/5.3.1/../../../../arm-none-eabi/lib/armv7e-m\libc.a(lib_a-fclose.o)
                0x00405760                _fclose_r
 .text._fstat_r
                0x004057e4       0x28 c:/program files (x86)/atmel/studio/7.0/toolchain/arm/arm-gnu-toolchain/bin/../lib/gcc/arm-none-eabi/5.3.1/../../../../arm-none-eabi/lib/armv7e-m\libc.a(lib_a-fstatr.o)
                0x004057e4                _fstat_r
 .text._lseek_r
                0x0040580c       0x2c c:/program files (x86)/atmel/studio/7.0/toolchain/arm/arm-gnu-toolchain/bin/../lib/gcc/arm-none-eabi/5.3.1/../../../../arm-none-eabi/lib/armv7e-m\libc.a(lib_a-lseekr.o)
                0x0040580c                _lseek_r
 .text._read_r  0x00405838       0x2c c:/program files (x86)/atmel/studio/7.0/toolchain/arm/arm-gnu-toolchain/bin/../lib/gcc/arm-none-eabi/5.3.1/../../../../arm-none-eabi/lib/armv7e-m\libc.a(lib_a-readr.o)
                0x00405838                _read_r
 *(.glue_7t)
 .glue_7t       0x00405864        0x0 linker stubs
 *(.glue_7)
 .glue_7        0x00405864        0x0 linker stubs
 *(.rodata .rodata* .gnu.linkonce.r.*)
 .rodata        0x00405864       0x18 src/senBuffIOPDC.o
 .rodata        0x0040587c       0x18 src/main.o
 .rodata.str1.4
                0x00405894        0x4 c:/program files (x86)/atmel/studio/7.0/toolchain/arm/arm-gnu-toolchain/bin/../lib/gcc/arm-none-eabi/5.3.1/../../../../arm-none-eabi/lib/armv7e-m\libc.a(lib_a-impure.o)
                                  0x2 (size before relaxing)
 .rodata._global_impure_ptr
                0x00405898        0x4 c:/program files (x86)/atmel/studio/7.0/toolchain/arm/arm-gnu-toolchain/bin/../lib/gcc/arm-none-eabi/5.3.1/../../../../arm-none-eabi/lib/armv7e-m\libc.a(lib_a-impure.o)
                0x00405898                _global_impure_ptr
 *(.ARM.extab* .gnu.linkonce.armextab.*)
                0x0040589c                . = ALIGN (0x4)
 *(.init)
 .init          0x0040589c        0x4 c:/program files (x86)/atmel/studio/7.0/toolchain/arm/arm-gnu-toolchain/bin/../lib/gcc/arm-none-eabi/5.3.1/armv7e-m/crti.o
                0x0040589c                _init
 .init          0x004058a0        0x8 c:/program files (x86)/atmel/studio/7.0/toolchain/arm/arm-gnu-toolchain/bin/../lib/gcc/arm-none-eabi/5.3.1/armv7e-m/crtn.o
                0x004058a8                . = ALIGN (0x4)
                0x004058a8                __preinit_array_start = .
 *(.preinit_array)
                0x004058a8                __preinit_array_end = .
                0x004058a8                . = ALIGN (0x4)
                0x004058a8                __init_array_start = .
 *(SORT(.init_array.*))
 .init_array.00000
                0x004058a8        0x4 c:/program files (x86)/atmel/studio/7.0/toolchain/arm/arm-gnu-toolchain/bin/../lib/gcc/arm-none-eabi/5.3.1/../../../../arm-none-eabi/lib/armv7e-m\libc.a(lib_a-__call_atexit.o)
 *(.init_array)
 .init_array    0x004058ac        0x4 c:/program files (x86)/atmel/studio/7.0/toolchain/arm/arm-gnu-toolchain/bin/../lib/gcc/arm-none-eabi/5.3.1/armv7e-m/crtbegin.o
                0x004058b0                __init_array_end = .
                0x004058b0                . = ALIGN (0x4)
 *crtbegin.o(.ctors)
 *(EXCLUDE_FILE(*crtend.o) .ctors)
 *(SORT(.ctors.*))
 *crtend.o(.ctors)
                0x004058b0                . = ALIGN (0x4)
 *(.fini)
 .fini          0x004058b0        0x4 c:/program files (x86)/atmel/studio/7.0/toolchain/arm/arm-gnu-toolchain/bin/../lib/gcc/arm-none-eabi/5.3.1/armv7e-m/crti.o
                0x004058b0                _fini
 .fini          0x004058b4        0x8 c:/program files (x86)/atmel/studio/7.0/toolchain/arm/arm-gnu-toolchain/bin/../lib/gcc/arm-none-eabi/5.3.1/armv7e-m/crtn.o
                0x004058bc                . = ALIGN (0x4)
                0x004058bc                __fini_array_start = .
 *(.fini_array)
 .fini_array    0x004058bc        0x4 c:/program files (x86)/atmel/studio/7.0/toolchain/arm/arm-gnu-toolchain/bin/../lib/gcc/arm-none-eabi/5.3.1/armv7e-m/crtbegin.o
 *(SORT(.fini_array.*))
                0x004058c0                __fini_array_end = .
 *crtbegin.o(.dtors)
 *(EXCLUDE_FILE(*crtend.o) .dtors)
 *(SORT(.dtors.*))
 *crtend.o(.dtors)
                0x004058c0                . = ALIGN (0x4)
                0x004058c0                _efixed = .
                [!provide]                PROVIDE (__exidx_start, .)

.vfp11_veneer   0x004058c0        0x0
 .vfp11_veneer  0x004058c0        0x0 linker stubs

.v4_bx          0x004058c0        0x0
 .v4_bx         0x004058c0        0x0 linker stubs

.iplt           0x004058c0        0x0
 .iplt          0x004058c0        0x0 c:/program files (x86)/atmel/studio/7.0/toolchain/arm/arm-gnu-toolchain/bin/../lib/gcc/arm-none-eabi/5.3.1/armv7e-m/crtbegin.o

.ARM.exidx      0x004058c0        0x8
 *(.ARM.exidx* .gnu.linkonce.armexidx.*)
 .ARM.exidx     0x004058c0        0x8 c:/program files (x86)/atmel/studio/7.0/toolchain/arm/arm-gnu-toolchain/bin/../lib/gcc/arm-none-eabi/5.3.1/armv7e-m\libgcc.a(_udivmoddi4.o)
                [!provide]                PROVIDE (__exidx_end, .)

.eh_frame       0x004058c8        0x0
 .eh_frame      0x004058c8        0x0 c:/program files (x86)/atmel/studio/7.0/toolchain/arm/arm-gnu-toolchain/bin/../lib/gcc/arm-none-eabi/5.3.1/armv7e-m/crtbegin.o

.rel.dyn        0x004058c8        0x0
 .rel.iplt      0x004058c8        0x0 c:/program files (x86)/atmel/studio/7.0/toolchain/arm/arm-gnu-toolchain/bin/../lib/gcc/arm-none-eabi/5.3.1/armv7e-m/crtbegin.o

.jcr            0x004058c8        0x0
 .jcr           0x004058c8        0x0 c:/program files (x86)/atmel/studio/7.0/toolchain/arm/arm-gnu-toolchain/bin/../lib/gcc/arm-none-eabi/5.3.1/armv7e-m/crtbegin.o

.igot.plt       0x004058c8        0x0
 .igot.plt      0x004058c8        0x0 c:/program files (x86)/atmel/studio/7.0/toolchain/arm/arm-gnu-toolchain/bin/../lib/gcc/arm-none-eabi/5.3.1/armv7e-m/crtbegin.o
                0x004058c8                . = ALIGN (0x4)
                0x004058c8                _etext = .

.relocate       0x20000000      0x85c load address 0x004058c8
                0x20000000                . = ALIGN (0x4)
                0x20000000                _srelocate = .
 *(.ramfunc .ramfunc.*)
 .ramfunc       0x20000000        0xc src/ASF/common/services/delay/sam/cycle_counter.o
                0x20000000                portable_delay_cycles
 *(.data .data.*)
 .data.SystemCoreClock
                0x2000000c        0x4 src/ASF/sam/utils/cmsis/sam4s/source/templates/system_sam4s.o
                0x2000000c                SystemCoreClock
 .data.nextCtrlState
                0x20000010        0x1 src/main.o
                0x20000010                nextCtrlState
 *fill*         0x20000011        0x3 
 .data.pSetPt   0x20000014        0x4 src/main.o
                0x20000014                pSetPt
 .data.holdDur  0x20000018        0x4 src/main.o
                0x20000018                holdDur
 .data.delayParam
                0x2000001c        0x4 src/main.o
                0x2000001c                delayParam
 .data.impure_data
                0x20000020      0x428 c:/program files (x86)/atmel/studio/7.0/toolchain/arm/arm-gnu-toolchain/bin/../lib/gcc/arm-none-eabi/5.3.1/../../../../arm-none-eabi/lib/armv7e-m\libc.a(lib_a-impure.o)
 .data._impure_ptr
                0x20000448        0x4 c:/program files (x86)/atmel/studio/7.0/toolchain/arm/arm-gnu-toolchain/bin/../lib/gcc/arm-none-eabi/5.3.1/../../../../arm-none-eabi/lib/armv7e-m\libc.a(lib_a-impure.o)
                0x20000448                _impure_ptr
 .data.__malloc_av_
                0x2000044c      0x408 c:/program files (x86)/atmel/studio/7.0/toolchain/arm/arm-gnu-toolchain/bin/../lib/gcc/arm-none-eabi/5.3.1/../../../../arm-none-eabi/lib/armv7e-m\libc.a(lib_a-mallocr.o)
                0x2000044c                __malloc_av_
 .data.__malloc_trim_threshold
                0x20000854        0x4 c:/program files (x86)/atmel/studio/7.0/toolchain/arm/arm-gnu-toolchain/bin/../lib/gcc/arm-none-eabi/5.3.1/../../../../arm-none-eabi/lib/armv7e-m\libc.a(lib_a-mallocr.o)
                0x20000854                __malloc_trim_threshold
 .data.__malloc_sbrk_base
                0x20000858        0x4 c:/program files (x86)/atmel/studio/7.0/toolchain/arm/arm-gnu-toolchain/bin/../lib/gcc/arm-none-eabi/5.3.1/../../../../arm-none-eabi/lib/armv7e-m\libc.a(lib_a-mallocr.o)
                0x20000858                __malloc_sbrk_base
                0x2000085c                . = ALIGN (0x4)
                0x2000085c                _erelocate = .

.bss            0x2000085c      0x5d4 load address 0x00406124
                0x2000085c                . = ALIGN (0x4)
                0x2000085c                _sbss = .
                0x2000085c                _szero = .
 *(.bss .bss.*)
 .bss           0x2000085c       0x1c c:/program files (x86)/atmel/studio/7.0/toolchain/arm/arm-gnu-toolchain/bin/../lib/gcc/arm-none-eabi/5.3.1/armv7e-m/crtbegin.o
 .bss.sen1Buff  0x20000878       0xc8 src/senBuffIOPDC.o
                0x20000878                sen1Buff
 .bss.sen2Buff  0x20000940       0xc8 src/senBuffIOPDC.o
                0x20000940                sen2Buff
 .bss.sen1Rptr  0x20000a08        0x2 src/senBuffIOPDC.o
                0x20000a08                sen1Rptr
 .bss.sen2Rptr  0x20000a0a        0x2 src/senBuffIOPDC.o
                0x20000a0a                sen2Rptr
 .bss.sen1Wptr  0x20000a0c        0x2 src/senBuffIOPDC.o
                0x20000a0c                sen1Wptr
 .bss.sen2Wptr  0x20000a0e        0x2 src/senBuffIOPDC.o
                0x20000a0e                sen2Wptr
 .bss.gs_interrupt_sources
                0x20000a10       0x70 src/ASF/sam/drivers/pio/pio_handler.o
 .bss.gs_ul_nb_sources
                0x20000a80        0x4 src/ASF/sam/drivers/pio/pio_handler.o
 .bss.pio_capture_handler
                0x20000a84        0x4 src/ASF/sam/drivers/pio/pio_handler.o
 .bss.ul_reg_val.7456
                0x20000a88        0x4 src/ASF/sam/drivers/usart/usart.o
 .bss.heap.5287
                0x20000a8c        0x4 src/ASF/sam/utils/syscalls/gcc/syscalls.o
 .bss.trigFound
                0x20000a90        0x1 src/main.o
                0x20000a90                trigFound
 .bss.prevPleath
                0x20000a91        0x1 src/main.o
                0x20000a91                prevPleath
 .bss.rising    0x20000a92        0x1 src/main.o
                0x20000a92                rising
 *fill*         0x20000a93        0x1 
 .bss.prevCycleTime
                0x20000a94        0xc src/main.o
                0x20000a94                prevCycleTime
 .bss.avgCycleTime
                0x20000aa0        0x4 src/main.o
                0x20000aa0                avgCycleTime
 .bss.cycleTime
                0x20000aa4        0x4 src/main.o
                0x20000aa4                cycleTime
 .bss.ctrlState
                0x20000aa8        0x1 src/main.o
                0x20000aa8                ctrlState
 *fill*         0x20000aa9        0x3 
 .bss.tickCount
                0x20000aac        0x4 src/main.o
                0x20000aac                tickCount
 .bss.tickDur   0x20000ab0        0x4 src/main.o
                0x20000ab0                tickDur
 .bss.ctr.8694  0x20000ab4        0x1 src/main.o
 *fill*         0x20000ab5        0x3 
 .bss.__malloc_max_total_mem
                0x20000ab8        0x4 c:/program files (x86)/atmel/studio/7.0/toolchain/arm/arm-gnu-toolchain/bin/../lib/gcc/arm-none-eabi/5.3.1/../../../../arm-none-eabi/lib/armv7e-m\libc.a(lib_a-mallocr.o)
                0x20000ab8                __malloc_max_total_mem
 .bss.__malloc_max_sbrked_mem
                0x20000abc        0x4 c:/program files (x86)/atmel/studio/7.0/toolchain/arm/arm-gnu-toolchain/bin/../lib/gcc/arm-none-eabi/5.3.1/../../../../arm-none-eabi/lib/armv7e-m\libc.a(lib_a-mallocr.o)
                0x20000abc                __malloc_max_sbrked_mem
 .bss.__malloc_top_pad
                0x20000ac0        0x4 c:/program files (x86)/atmel/studio/7.0/toolchain/arm/arm-gnu-toolchain/bin/../lib/gcc/arm-none-eabi/5.3.1/../../../../arm-none-eabi/lib/armv7e-m\libc.a(lib_a-mallocr.o)
                0x20000ac0                __malloc_top_pad
 .bss.__malloc_current_mallinfo
                0x20000ac4       0x28 c:/program files (x86)/atmel/studio/7.0/toolchain/arm/arm-gnu-toolchain/bin/../lib/gcc/arm-none-eabi/5.3.1/../../../../arm-none-eabi/lib/armv7e-m\libc.a(lib_a-mallocr.o)
                0x20000ac4                __malloc_current_mallinfo
 *(COMMON)
 COMMON         0x20000aec       0x10 src/senBuffIOPDC.o
                0x20000aec                pdcPkt
                0x20000af4                sen2PdcBase
                0x20000af8                sen1PdcBase
 COMMON         0x20000afc        0x4 src/ASF/common/utils/stdio/read.o
                0x20000afc                ptr_get
 COMMON         0x20000b00        0x8 src/ASF/common/utils/stdio/write.o
                0x20000b00                ptr_put
                0x20000b04                stdio_base
 COMMON         0x20000b08        0x4 src/ASF/sam/drivers/pio/pio.o
                0x20000b08                pio_capture_enable_flag
 COMMON         0x20000b0c      0x320 src/main.o
                0x20000b0c                sen2Data
                0x20000bdc                sen1Data
                0x20000cac                dispPkt
                0x20000d44                trigBuff
                0x20000e10                dispPdcPkt
                0x20000e18                sen2State
                0x20000e20                sen1State
                0x20000e28                dispUartPdcBase
 COMMON         0x20000e2c        0x4 c:/program files (x86)/atmel/studio/7.0/toolchain/arm/arm-gnu-toolchain/bin/../lib/gcc/arm-none-eabi/5.3.1/../../../../arm-none-eabi/lib/armv7e-m\libc.a(lib_a-reent.o)
                0x20000e2c                errno
                0x20000e30                . = ALIGN (0x4)
                0x20000e30                _ebss = .
                0x20000e30                _ezero = .

.stack          0x20000e30     0x3000 load address 0x004066f8
                0x20000e30                . = ALIGN (0x8)
                0x20000e30                _sstack = .
                0x20003e30                . = (. + __stack_size__)
 *fill*         0x20000e30     0x3000 
                0x20003e30                . = ALIGN (0x8)
                0x20003e30                _estack = .
                0x20003e30                . = ALIGN (0x4)
                0x20003e30                _end = .
OUTPUT(SAMGELHEALERS.elf elf32-littlearm)

.ARM.attributes
                0x00000000       0x2a
 .ARM.attributes
                0x00000000       0x1e c:/program files (x86)/atmel/studio/7.0/toolchain/arm/arm-gnu-toolchain/bin/../lib/gcc/arm-none-eabi/5.3.1/armv7e-m/crti.o
 .ARM.attributes
                0x0000001e       0x2e c:/program files (x86)/atmel/studio/7.0/toolchain/arm/arm-gnu-toolchain/bin/../lib/gcc/arm-none-eabi/5.3.1/armv7e-m/crtbegin.o
 .ARM.attributes
                0x0000004c       0x33 src/cBuff.o
 .ARM.attributes
                0x0000007f       0x33 src/pressureSens.o
 .ARM.attributes
                0x000000b2       0x33 src/senBuffIOPDC.o
 .ARM.attributes
                0x000000e5       0x33 src/ASF/common/utils/stdio/read.o
 .ARM.attributes
                0x00000118       0x33 src/ASF/common/utils/stdio/write.o
 .ARM.attributes
                0x0000014b       0x33 src/ASF/sam/drivers/pio/pio_handler.o
 .ARM.attributes
                0x0000017e       0x33 src/ASF/sam/drivers/twi/twi.o
 .ARM.attributes
                0x000001b1       0x33 src/ASF/sam/drivers/uart/uart.o
 .ARM.attributes
                0x000001e4       0x33 src/ASF/sam/drivers/usart/usart.o
 .ARM.attributes
                0x00000217       0x33 src/ASF/common/services/delay/sam/cycle_counter.o
 .ARM.attributes
                0x0000024a       0x33 src/ASF/common/services/clock/sam4s/sysclk.o
 .ARM.attributes
                0x0000027d       0x33 src/ASF/sam/drivers/pdc/pdc.o
 .ARM.attributes
                0x000002b0       0x33 src/ASF/sam/drivers/pio/pio.o
 .ARM.attributes
                0x000002e3       0x33 src/ASF/sam/drivers/pmc/pmc.o
 .ARM.attributes
                0x00000316       0x33 src/ASF/common/boards/user_board/init.o
 .ARM.attributes
                0x00000349       0x33 src/ASF/sam/utils/cmsis/sam4s/source/templates/gcc/startup_sam4s.o
 .ARM.attributes
                0x0000037c       0x33 src/ASF/sam/utils/cmsis/sam4s/source/templates/system_sam4s.o
 .ARM.attributes
                0x000003af       0x33 src/ASF/sam/utils/syscalls/gcc/syscalls.o
 .ARM.attributes
                0x000003e2       0x33 src/main.o
 .ARM.attributes
                0x00000415       0x1e c:/program files (x86)/atmel/studio/7.0/toolchain/arm/arm-gnu-toolchain/bin/../lib/gcc/arm-none-eabi/5.3.1/armv7e-m\libgcc.a(_arm_addsubsf3.o)
 .ARM.attributes
                0x00000433       0x1e c:/program files (x86)/atmel/studio/7.0/toolchain/arm/arm-gnu-toolchain/bin/../lib/gcc/arm-none-eabi/5.3.1/armv7e-m\libgcc.a(_arm_muldivsf3.o)
 .ARM.attributes
                0x00000451       0x1e c:/program files (x86)/atmel/studio/7.0/toolchain/arm/arm-gnu-toolchain/bin/../lib/gcc/arm-none-eabi/5.3.1/armv7e-m\libgcc.a(_arm_cmpsf2.o)
 .ARM.attributes
                0x0000046f       0x1e c:/program files (x86)/atmel/studio/7.0/toolchain/arm/arm-gnu-toolchain/bin/../lib/gcc/arm-none-eabi/5.3.1/armv7e-m\libgcc.a(_aeabi_uldivmod.o)
 .ARM.attributes
                0x0000048d       0x2e c:/program files (x86)/atmel/studio/7.0/toolchain/arm/arm-gnu-toolchain/bin/../lib/gcc/arm-none-eabi/5.3.1/armv7e-m\libgcc.a(_udivmoddi4.o)
 .ARM.attributes
                0x000004bb       0x1e c:/program files (x86)/atmel/studio/7.0/toolchain/arm/arm-gnu-toolchain/bin/../lib/gcc/arm-none-eabi/5.3.1/armv7e-m\libgcc.a(_dvmd_tls.o)
 .ARM.attributes
                0x000004d9       0x2e c:/program files (x86)/atmel/studio/7.0/toolchain/arm/arm-gnu-toolchain/bin/../lib/gcc/arm-none-eabi/5.3.1/../../../../arm-none-eabi/lib/armv7e-m\libc.a(lib_a-impure.o)
 .ARM.attributes
                0x00000507       0x2e c:/program files (x86)/atmel/studio/7.0/toolchain/arm/arm-gnu-toolchain/bin/../lib/gcc/arm-none-eabi/5.3.1/../../../../arm-none-eabi/lib/armv7e-m\libc.a(lib_a-init.o)
 .ARM.attributes
                0x00000535       0x2e c:/program files (x86)/atmel/studio/7.0/toolchain/arm/arm-gnu-toolchain/bin/../lib/gcc/arm-none-eabi/5.3.1/../../../../arm-none-eabi/lib/armv7e-m\libc.a(lib_a-memset.o)
 .ARM.attributes
                0x00000563       0x2e c:/program files (x86)/atmel/studio/7.0/toolchain/arm/arm-gnu-toolchain/bin/../lib/gcc/arm-none-eabi/5.3.1/../../../../arm-none-eabi/lib/armv7e-m\libc.a(lib_a-setbuf.o)
 .ARM.attributes
                0x00000591       0x2e c:/program files (x86)/atmel/studio/7.0/toolchain/arm/arm-gnu-toolchain/bin/../lib/gcc/arm-none-eabi/5.3.1/../../../../arm-none-eabi/lib/armv7e-m\libc.a(lib_a-setvbuf.o)
 .ARM.attributes
                0x000005bf       0x2e c:/program files (x86)/atmel/studio/7.0/toolchain/arm/arm-gnu-toolchain/bin/../lib/gcc/arm-none-eabi/5.3.1/../../../../arm-none-eabi/lib/armv7e-m\libc.a(lib_a-__call_atexit.o)
 .ARM.attributes
                0x000005ed       0x2e c:/program files (x86)/atmel/studio/7.0/toolchain/arm/arm-gnu-toolchain/bin/../lib/gcc/arm-none-eabi/5.3.1/../../../../arm-none-eabi/lib/armv7e-m\libc.a(lib_a-atexit.o)
 .ARM.attributes
                0x0000061b       0x2e c:/program files (x86)/atmel/studio/7.0/toolchain/arm/arm-gnu-toolchain/bin/../lib/gcc/arm-none-eabi/5.3.1/../../../../arm-none-eabi/lib/armv7e-m\libc.a(lib_a-fflush.o)
 .ARM.attributes
                0x00000649       0x2e c:/program files (x86)/atmel/studio/7.0/toolchain/arm/arm-gnu-toolchain/bin/../lib/gcc/arm-none-eabi/5.3.1/../../../../arm-none-eabi/lib/armv7e-m\libc.a(lib_a-findfp.o)
 .ARM.attributes
                0x00000677       0x2e c:/program files (x86)/atmel/studio/7.0/toolchain/arm/arm-gnu-toolchain/bin/../lib/gcc/arm-none-eabi/5.3.1/../../../../arm-none-eabi/lib/armv7e-m\libc.a(lib_a-fini.o)
 .ARM.attributes
                0x000006a5       0x2e c:/program files (x86)/atmel/studio/7.0/toolchain/arm/arm-gnu-toolchain/bin/../lib/gcc/arm-none-eabi/5.3.1/../../../../arm-none-eabi/lib/armv7e-m\libc.a(lib_a-freer.o)
 .ARM.attributes
                0x000006d3       0x2e c:/program files (x86)/atmel/studio/7.0/toolchain/arm/arm-gnu-toolchain/bin/../lib/gcc/arm-none-eabi/5.3.1/../../../../arm-none-eabi/lib/armv7e-m\libc.a(lib_a-fwalk.o)
 .ARM.attributes
                0x00000701       0x2e c:/program files (x86)/atmel/studio/7.0/toolchain/arm/arm-gnu-toolchain/bin/../lib/gcc/arm-none-eabi/5.3.1/../../../../arm-none-eabi/lib/armv7e-m\libc.a(lib_a-makebuf.o)
 .ARM.attributes
                0x0000072f       0x2e c:/program files (x86)/atmel/studio/7.0/toolchain/arm/arm-gnu-toolchain/bin/../lib/gcc/arm-none-eabi/5.3.1/../../../../arm-none-eabi/lib/armv7e-m\libc.a(lib_a-malloc.o)
 .ARM.attributes
                0x0000075d       0x2e c:/program files (x86)/atmel/studio/7.0/toolchain/arm/arm-gnu-toolchain/bin/../lib/gcc/arm-none-eabi/5.3.1/../../../../arm-none-eabi/lib/armv7e-m\libc.a(lib_a-mallocr.o)
 .ARM.attributes
                0x0000078b       0x2e c:/program files (x86)/atmel/studio/7.0/toolchain/arm/arm-gnu-toolchain/bin/../lib/gcc/arm-none-eabi/5.3.1/../../../../arm-none-eabi/lib/armv7e-m\libc.a(lib_a-mlock.o)
 .ARM.attributes
                0x000007b9       0x2e c:/program files (x86)/atmel/studio/7.0/toolchain/arm/arm-gnu-toolchain/bin/../lib/gcc/arm-none-eabi/5.3.1/../../../../arm-none-eabi/lib/armv7e-m\libc.a(lib_a-sbrkr.o)
 .ARM.attributes
                0x000007e7       0x2e c:/program files (x86)/atmel/studio/7.0/toolchain/arm/arm-gnu-toolchain/bin/../lib/gcc/arm-none-eabi/5.3.1/../../../../arm-none-eabi/lib/armv7e-m\libc.a(lib_a-stdio.o)
 .ARM.attributes
                0x00000815       0x2e c:/program files (x86)/atmel/studio/7.0/toolchain/arm/arm-gnu-toolchain/bin/../lib/gcc/arm-none-eabi/5.3.1/../../../../arm-none-eabi/lib/armv7e-m\libc.a(lib_a-writer.o)
 .ARM.attributes
                0x00000843       0x2e c:/program files (x86)/atmel/studio/7.0/toolchain/arm/arm-gnu-toolchain/bin/../lib/gcc/arm-none-eabi/5.3.1/../../../../arm-none-eabi/lib/armv7e-m\libc.a(lib_a-__atexit.o)
 .ARM.attributes
                0x00000871       0x2e c:/program files (x86)/atmel/studio/7.0/toolchain/arm/arm-gnu-toolchain/bin/../lib/gcc/arm-none-eabi/5.3.1/../../../../arm-none-eabi/lib/armv7e-m\libc.a(lib_a-closer.o)
 .ARM.attributes
                0x0000089f       0x2e c:/program files (x86)/atmel/studio/7.0/toolchain/arm/arm-gnu-toolchain/bin/../lib/gcc/arm-none-eabi/5.3.1/../../../../arm-none-eabi/lib/armv7e-m\libc.a(lib_a-fclose.o)
 .ARM.attributes
                0x000008cd       0x2e c:/program files (x86)/atmel/studio/7.0/toolchain/arm/arm-gnu-toolchain/bin/../lib/gcc/arm-none-eabi/5.3.1/../../../../arm-none-eabi/lib/armv7e-m\libc.a(lib_a-fstatr.o)
 .ARM.attributes
                0x000008fb       0x2e c:/program files (x86)/atmel/studio/7.0/toolchain/arm/arm-gnu-toolchain/bin/../lib/gcc/arm-none-eabi/5.3.1/../../../../arm-none-eabi/lib/armv7e-m\libc.a(lib_a-lseekr.o)
 .ARM.attributes
                0x00000929       0x2e c:/program files (x86)/atmel/studio/7.0/toolchain/arm/arm-gnu-toolchain/bin/../lib/gcc/arm-none-eabi/5.3.1/../../../../arm-none-eabi/lib/armv7e-m\libc.a(lib_a-readr.o)
 .ARM.attributes
                0x00000957       0x2e c:/program files (x86)/atmel/studio/7.0/toolchain/arm/arm-gnu-toolchain/bin/../lib/gcc/arm-none-eabi/5.3.1/../../../../arm-none-eabi/lib/armv7e-m\libc.a(lib_a-reent.o)
 .ARM.attributes
                0x00000985       0x1e c:/program files (x86)/atmel/studio/7.0/toolchain/arm/arm-gnu-toolchain/bin/../lib/gcc/arm-none-eabi/5.3.1/armv7e-m/crtn.o

.comment        0x00000000       0x59
 .comment       0x00000000       0x59 src/cBuff.o
                                 0x5a (size before relaxing)
 .comment       0x00000059       0x5a src/pressureSens.o
 .comment       0x00000059       0x5a src/senBuffIOPDC.o
 .comment       0x00000059       0x5a src/ASF/common/utils/stdio/read.o
 .comment       0x00000059       0x5a src/ASF/common/utils/stdio/write.o
 .comment       0x00000059       0x5a src/ASF/sam/drivers/pio/pio_handler.o
 .comment       0x00000059       0x5a src/ASF/sam/drivers/twi/twi.o
 .comment       0x00000059       0x5a src/ASF/sam/drivers/uart/uart.o
 .comment       0x00000059       0x5a src/ASF/sam/drivers/usart/usart.o
 .comment       0x00000059       0x5a src/ASF/common/services/delay/sam/cycle_counter.o
 .comment       0x00000059       0x5a src/ASF/common/services/clock/sam4s/sysclk.o
 .comment       0x00000059       0x5a src/ASF/sam/drivers/pdc/pdc.o
 .comment       0x00000059       0x5a src/ASF/sam/drivers/pio/pio.o
 .comment       0x00000059       0x5a src/ASF/sam/drivers/pmc/pmc.o
 .comment       0x00000059       0x5a src/ASF/common/boards/user_board/init.o
 .comment       0x00000059       0x5a src/ASF/sam/utils/cmsis/sam4s/source/templates/gcc/startup_sam4s.o
 .comment       0x00000059       0x5a src/ASF/sam/utils/cmsis/sam4s/source/templates/system_sam4s.o
 .comment       0x00000059       0x5a src/ASF/sam/utils/syscalls/gcc/syscalls.o
 .comment       0x00000059       0x5a src/main.o

.debug_info     0x00000000     0xd516
 .debug_info    0x00000000      0xb54 src/cBuff.o
 .debug_info    0x00000b54      0xcc1 src/pressureSens.o
 .debug_info    0x00001815     0x1361 src/senBuffIOPDC.o
 .debug_info    0x00002b76      0x1ae src/ASF/common/utils/stdio/read.o
 .debug_info    0x00002d24      0x1bc src/ASF/common/utils/stdio/write.o
 .debug_info    0x00002ee0      0xddf src/ASF/sam/drivers/pio/pio_handler.o
 .debug_info    0x00003cbf      0xa27 src/ASF/sam/drivers/twi/twi.o
 .debug_info    0x000046e6      0x880 src/ASF/sam/drivers/uart/uart.o
 .debug_info    0x00004f66     0x14b2 src/ASF/sam/drivers/usart/usart.o
 .debug_info    0x00006418      0x134 src/ASF/common/services/delay/sam/cycle_counter.o
 .debug_info    0x0000654c      0x6da src/ASF/common/services/clock/sam4s/sysclk.o
 .debug_info    0x00006c26      0x4b3 src/ASF/sam/drivers/pdc/pdc.o
 .debug_info    0x000070d9     0x1378 src/ASF/sam/drivers/pio/pio.o
 .debug_info    0x00008451     0x1108 src/ASF/sam/drivers/pmc/pmc.o
 .debug_info    0x00009559     0x1313 src/ASF/common/boards/user_board/init.o
 .debug_info    0x0000a86c      0x696 src/ASF/sam/utils/cmsis/sam4s/source/templates/gcc/startup_sam4s.o
 .debug_info    0x0000af02      0x46d src/ASF/sam/utils/cmsis/sam4s/source/templates/system_sam4s.o
 .debug_info    0x0000b36f      0x435 src/ASF/sam/utils/syscalls/gcc/syscalls.o
 .debug_info    0x0000b7a4     0x1d72 src/main.o

.debug_abbrev   0x00000000     0x20b6
 .debug_abbrev  0x00000000      0x1cd src/cBuff.o
 .debug_abbrev  0x000001cd      0x1da src/pressureSens.o
 .debug_abbrev  0x000003a7      0x2e2 src/senBuffIOPDC.o
 .debug_abbrev  0x00000689       0xdd src/ASF/common/utils/stdio/read.o
 .debug_abbrev  0x00000766       0xe6 src/ASF/common/utils/stdio/write.o
 .debug_abbrev  0x0000084c      0x234 src/ASF/sam/drivers/pio/pio_handler.o
 .debug_abbrev  0x00000a80      0x1eb src/ASF/sam/drivers/twi/twi.o
 .debug_abbrev  0x00000c6b      0x183 src/ASF/sam/drivers/uart/uart.o
 .debug_abbrev  0x00000dee      0x214 src/ASF/sam/drivers/usart/usart.o
 .debug_abbrev  0x00001002       0x9d src/ASF/common/services/delay/sam/cycle_counter.o
 .debug_abbrev  0x0000109f      0x1ce src/ASF/common/services/clock/sam4s/sysclk.o
 .debug_abbrev  0x0000126d      0x12c src/ASF/sam/drivers/pdc/pdc.o
 .debug_abbrev  0x00001399      0x1cf src/ASF/sam/drivers/pio/pio.o
 .debug_abbrev  0x00001568      0x20d src/ASF/sam/drivers/pmc/pmc.o
 .debug_abbrev  0x00001775      0x280 src/ASF/common/boards/user_board/init.o
 .debug_abbrev  0x000019f5      0x15f src/ASF/sam/utils/cmsis/sam4s/source/templates/gcc/startup_sam4s.o
 .debug_abbrev  0x00001b54       0xf5 src/ASF/sam/utils/cmsis/sam4s/source/templates/system_sam4s.o
 .debug_abbrev  0x00001c49      0x120 src/ASF/sam/utils/syscalls/gcc/syscalls.o
 .debug_abbrev  0x00001d69      0x34d src/main.o

.debug_loc      0x00000000     0x6dd4
 .debug_loc     0x00000000      0x114 src/cBuff.o
 .debug_loc     0x00000114       0x50 src/pressureSens.o
 .debug_loc     0x00000164      0x378 src/senBuffIOPDC.o
 .debug_loc     0x000004dc       0x50 src/ASF/common/utils/stdio/read.o
 .debug_loc     0x0000052c       0x50 src/ASF/common/utils/stdio/write.o
 .debug_loc     0x0000057c      0x364 src/ASF/sam/drivers/pio/pio_handler.o
 .debug_loc     0x000008e0      0x7ac src/ASF/sam/drivers/twi/twi.o
 .debug_loc     0x0000108c      0x958 src/ASF/sam/drivers/uart/uart.o
 .debug_loc     0x000019e4     0x17d4 src/ASF/sam/drivers/usart/usart.o
 .debug_loc     0x000031b8      0x4a0 src/ASF/common/services/clock/sam4s/sysclk.o
 .debug_loc     0x00003658      0x508 src/ASF/sam/drivers/pdc/pdc.o
 .debug_loc     0x00003b60     0x1174 src/ASF/sam/drivers/pio/pio.o
 .debug_loc     0x00004cd4     0x1468 src/ASF/sam/drivers/pmc/pmc.o
 .debug_loc     0x0000613c      0x128 src/ASF/common/boards/user_board/init.o
 .debug_loc     0x00006264       0x64 src/ASF/sam/utils/cmsis/sam4s/source/templates/gcc/startup_sam4s.o
 .debug_loc     0x000062c8       0xe4 src/ASF/sam/utils/cmsis/sam4s/source/templates/system_sam4s.o
 .debug_loc     0x000063ac      0x300 src/ASF/sam/utils/syscalls/gcc/syscalls.o
 .debug_loc     0x000066ac      0x728 src/main.o

.debug_aranges  0x00000000      0xc20
 .debug_aranges
                0x00000000       0x30 src/cBuff.o
 .debug_aranges
                0x00000030       0x20 src/pressureSens.o
 .debug_aranges
                0x00000050       0x78 src/senBuffIOPDC.o
 .debug_aranges
                0x000000c8       0x20 src/ASF/common/utils/stdio/read.o
 .debug_aranges
                0x000000e8       0x20 src/ASF/common/utils/stdio/write.o
 .debug_aranges
                0x00000108       0x70 src/ASF/sam/drivers/pio/pio_handler.o
 .debug_aranges
                0x00000178       0xc8 src/ASF/sam/drivers/twi/twi.o
 .debug_aranges
                0x00000240       0xe8 src/ASF/sam/drivers/uart/uart.o
 .debug_aranges
                0x00000328      0x238 src/ASF/sam/drivers/usart/usart.o
 .debug_aranges
                0x00000560       0x20 src/ASF/common/services/delay/sam/cycle_counter.o
 .debug_aranges
                0x00000580       0x98 src/ASF/common/services/clock/sam4s/sysclk.o
 .debug_aranges
                0x00000618       0x88 src/ASF/sam/drivers/pdc/pdc.o
 .debug_aranges
                0x000006a0      0x1a8 src/ASF/sam/drivers/pio/pio.o
 .debug_aranges
                0x00000848      0x208 src/ASF/sam/drivers/pmc/pmc.o
 .debug_aranges
                0x00000a50       0x38 src/ASF/common/boards/user_board/init.o
 .debug_aranges
                0x00000a88       0x28 src/ASF/sam/utils/cmsis/sam4s/source/templates/gcc/startup_sam4s.o
 .debug_aranges
                0x00000ab0       0x30 src/ASF/sam/utils/cmsis/sam4s/source/templates/system_sam4s.o
 .debug_aranges
                0x00000ae0       0x60 src/ASF/sam/utils/syscalls/gcc/syscalls.o
 .debug_aranges
                0x00000b40       0xe0 src/main.o

.debug_ranges   0x00000000      0xaf0
 .debug_ranges  0x00000000       0x20 src/cBuff.o
 .debug_ranges  0x00000020       0x10 src/pressureSens.o
 .debug_ranges  0x00000030       0x68 src/senBuffIOPDC.o
 .debug_ranges  0x00000098       0x10 src/ASF/common/utils/stdio/read.o
 .debug_ranges  0x000000a8       0x10 src/ASF/common/utils/stdio/write.o
 .debug_ranges  0x000000b8       0x60 src/ASF/sam/drivers/pio/pio_handler.o
 .debug_ranges  0x00000118       0xb8 src/ASF/sam/drivers/twi/twi.o
 .debug_ranges  0x000001d0       0xd8 src/ASF/sam/drivers/uart/uart.o
 .debug_ranges  0x000002a8      0x228 src/ASF/sam/drivers/usart/usart.o
 .debug_ranges  0x000004d0       0x10 src/ASF/common/services/delay/sam/cycle_counter.o
 .debug_ranges  0x000004e0       0x88 src/ASF/common/services/clock/sam4s/sysclk.o
 .debug_ranges  0x00000568       0x78 src/ASF/sam/drivers/pdc/pdc.o
 .debug_ranges  0x000005e0      0x198 src/ASF/sam/drivers/pio/pio.o
 .debug_ranges  0x00000778      0x1f8 src/ASF/sam/drivers/pmc/pmc.o
 .debug_ranges  0x00000970       0x28 src/ASF/common/boards/user_board/init.o
 .debug_ranges  0x00000998       0x18 src/ASF/sam/utils/cmsis/sam4s/source/templates/gcc/startup_sam4s.o
 .debug_ranges  0x000009b0       0x20 src/ASF/sam/utils/cmsis/sam4s/source/templates/system_sam4s.o
 .debug_ranges  0x000009d0       0x50 src/ASF/sam/utils/syscalls/gcc/syscalls.o
 .debug_ranges  0x00000a20       0xd0 src/main.o

.debug_macro    0x00000000    0x13faf
 .debug_macro   0x00000000      0x5fc src/cBuff.o
 .debug_macro   0x000005fc      0x89e src/cBuff.o
 .debug_macro   0x00000e9a      0x16d src/cBuff.o
 .debug_macro   0x00001007      0x64b src/cBuff.o
 .debug_macro   0x00001652       0x76 src/cBuff.o
 .debug_macro   0x000016c8       0x16 src/cBuff.o
 .debug_macro   0x000016de      0x6e4 src/cBuff.o
 .debug_macro   0x00001dc2       0x22 src/cBuff.o
 .debug_macro   0x00001de4       0x87 src/cBuff.o
 .debug_macro   0x00001e6b       0x44 src/cBuff.o
 .debug_macro   0x00001eaf       0xfd src/cBuff.o
 .debug_macro   0x00001fac       0x22 src/cBuff.o
 .debug_macro   0x00001fce      0x1df src/cBuff.o
 .debug_macro   0x000021ad       0x27 src/cBuff.o
 .debug_macro   0x000021d4       0x3b src/cBuff.o
 .debug_macro   0x0000220f       0x2d src/cBuff.o
 .debug_macro   0x0000223c       0x26 src/cBuff.o
 .debug_macro   0x00002262      0xbbf src/cBuff.o
 .debug_macro   0x00002e21      0x159 src/cBuff.o
 .debug_macro   0x00002f7a      0xaaf src/cBuff.o
 .debug_macro   0x00003a29      0x1b9 src/cBuff.o
 .debug_macro   0x00003be2       0xac src/cBuff.o
 .debug_macro   0x00003c8e      0x401 src/cBuff.o
 .debug_macro   0x0000408f      0x106 src/cBuff.o
 .debug_macro   0x00004195       0x1c src/cBuff.o
 .debug_macro   0x000041b1      0x738 src/cBuff.o
 .debug_macro   0x000048e9      0x2d2 src/cBuff.o
 .debug_macro   0x00004bbb       0xbe src/cBuff.o
 .debug_macro   0x00004c79     0x280b src/cBuff.o
 .debug_macro   0x00007484      0x777 src/cBuff.o
 .debug_macro   0x00007bfb      0xa8e src/cBuff.o
 .debug_macro   0x00008689       0x9a src/cBuff.o
 .debug_macro   0x00008723      0x3d8 src/cBuff.o
 .debug_macro   0x00008afb       0x64 src/cBuff.o
 .debug_macro   0x00008b5f      0x386 src/cBuff.o
 .debug_macro   0x00008ee5      0x624 src/cBuff.o
 .debug_macro   0x00009509      0x690 src/cBuff.o
 .debug_macro   0x00009b99      0x59f src/cBuff.o
 .debug_macro   0x0000a138      0x34d src/cBuff.o
 .debug_macro   0x0000a485      0x28c src/cBuff.o
 .debug_macro   0x0000a711      0x2d6 src/cBuff.o
 .debug_macro   0x0000a9e7      0x6d9 src/cBuff.o
 .debug_macro   0x0000b0c0       0x76 src/cBuff.o
 .debug_macro   0x0000b136       0xb8 src/cBuff.o
 .debug_macro   0x0000b1ee       0xb2 src/cBuff.o
 .debug_macro   0x0000b2a0       0x88 src/cBuff.o
 .debug_macro   0x0000b328      0x105 src/cBuff.o
 .debug_macro   0x0000b42d       0x88 src/cBuff.o
 .debug_macro   0x0000b4b5       0x88 src/cBuff.o
 .debug_macro   0x0000b53d      0x2cd src/cBuff.o
 .debug_macro   0x0000b80a       0xb2 src/cBuff.o
 .debug_macro   0x0000b8bc       0xb2 src/cBuff.o
 .debug_macro   0x0000b96e       0x52 src/cBuff.o
 .debug_macro   0x0000b9c0       0xac src/cBuff.o
 .debug_macro   0x0000ba6c       0x7c src/cBuff.o
 .debug_macro   0x0000bae8       0x40 src/cBuff.o
 .debug_macro   0x0000bb28       0x64 src/cBuff.o
 .debug_macro   0x0000bb8c       0x4c src/cBuff.o
 .debug_macro   0x0000bbd8       0xa6 src/cBuff.o
 .debug_macro   0x0000bc7e       0x7c src/cBuff.o
 .debug_macro   0x0000bcfa       0x16 src/cBuff.o
 .debug_macro   0x0000bd10       0x7c src/cBuff.o
 .debug_macro   0x0000bd8c       0x22 src/cBuff.o
 .debug_macro   0x0000bdae      0x195 src/cBuff.o
 .debug_macro   0x0000bf43      0x165 src/cBuff.o
 .debug_macro   0x0000c0a8       0x1c src/cBuff.o
 .debug_macro   0x0000c0c4       0x2e src/cBuff.o
 .debug_macro   0x0000c0f2       0x22 src/cBuff.o
 .debug_macro   0x0000c114       0x1c src/cBuff.o
 .debug_macro   0x0000c130       0x52 src/cBuff.o
 .debug_macro   0x0000c182       0x10 src/cBuff.o
 .debug_macro   0x0000c192      0x1e7 src/cBuff.o
 .debug_macro   0x0000c379      0x60e src/cBuff.o
 .debug_macro   0x0000c987      0x107 src/cBuff.o
 .debug_macro   0x0000ca8e       0x52 src/cBuff.o
 .debug_macro   0x0000cae0       0x35 src/cBuff.o
 .debug_macro   0x0000cb15       0x9c src/cBuff.o
 .debug_macro   0x0000cbb1       0x16 src/cBuff.o
 .debug_macro   0x0000cbc7       0x35 src/cBuff.o
 .debug_macro   0x0000cbfc      0x330 src/cBuff.o
 .debug_macro   0x0000cf2c       0x10 src/cBuff.o
 .debug_macro   0x0000cf3c       0x52 src/cBuff.o
 .debug_macro   0x0000cf8e       0x16 src/cBuff.o
 .debug_macro   0x0000cfa4       0x43 src/cBuff.o
 .debug_macro   0x0000cfe7      0x187 src/cBuff.o
 .debug_macro   0x0000d16e       0x22 src/cBuff.o
 .debug_macro   0x0000d190       0x3a src/cBuff.o
 .debug_macro   0x0000d1ca       0x10 src/cBuff.o
 .debug_macro   0x0000d1da       0x40 src/cBuff.o
 .debug_macro   0x0000d21a       0x6c src/cBuff.o
 .debug_macro   0x0000d286       0x16 src/cBuff.o
 .debug_macro   0x0000d29c      0x182 src/cBuff.o
 .debug_macro   0x0000d41e       0x22 src/cBuff.o
 .debug_macro   0x0000d440       0x16 src/cBuff.o
 .debug_macro   0x0000d456       0x16 src/cBuff.o
 .debug_macro   0x0000d46c       0x29 src/cBuff.o
 .debug_macro   0x0000d495       0x75 src/cBuff.o
 .debug_macro   0x0000d50a       0x3f src/cBuff.o
 .debug_macro   0x0000d549      0x3ca src/cBuff.o
 .debug_macro   0x0000d913       0x70 src/cBuff.o
 .debug_macro   0x0000d983       0xac src/cBuff.o
 .debug_macro   0x0000da2f       0x46 src/cBuff.o
 .debug_macro   0x0000da75      0x2c6 src/cBuff.o
 .debug_macro   0x0000dd3b       0x58 src/cBuff.o
 .debug_macro   0x0000dd93       0x64 src/cBuff.o
 .debug_macro   0x0000ddf7       0x46 src/cBuff.o
 .debug_macro   0x0000de3d       0x90 src/cBuff.o
 .debug_macro   0x0000decd       0x28 src/cBuff.o
 .debug_macro   0x0000def5       0x23 src/cBuff.o
 .debug_macro   0x0000df18       0x94 src/cBuff.o
 .debug_macro   0x0000dfac       0x40 src/cBuff.o
 .debug_macro   0x0000dfec       0x88 src/cBuff.o
 .debug_macro   0x0000e074       0x34 src/cBuff.o
 .debug_macro   0x0000e0a8       0x1c src/cBuff.o
 .debug_macro   0x0000e0c4       0x2e src/cBuff.o
 .debug_macro   0x0000e0f2       0x4c src/cBuff.o
 .debug_macro   0x0000e13e       0x1c src/cBuff.o
 .debug_macro   0x0000e15a      0x602 src/pressureSens.o
 .debug_macro   0x0000e75c       0x1c src/pressureSens.o
 .debug_macro   0x0000e778      0x5fd src/senBuffIOPDC.o
 .debug_macro   0x0000ed75      0x4b3 src/ASF/common/utils/stdio/read.o
 .debug_macro   0x0000f228      0x4b3 src/ASF/common/utils/stdio/write.o
 .debug_macro   0x0000f6db      0x4d2 src/ASF/sam/drivers/pio/pio_handler.o
 .debug_macro   0x0000fbad       0x8e src/ASF/sam/drivers/pio/pio_handler.o
 .debug_macro   0x0000fc3b      0x4ec src/ASF/sam/drivers/twi/twi.o
 .debug_macro   0x00010127       0x46 src/ASF/sam/drivers/twi/twi.o
 .debug_macro   0x0001016d      0x4c2 src/ASF/sam/drivers/uart/uart.o
 .debug_macro   0x0001062f       0x16 src/ASF/sam/drivers/uart/uart.o
 .debug_macro   0x00010645      0x4f8 src/ASF/sam/drivers/usart/usart.o
 .debug_macro   0x00010b3d       0x28 src/ASF/sam/drivers/usart/usart.o
 .debug_macro   0x00010b65      0x4c2 src/ASF/common/services/delay/sam/cycle_counter.o
 .debug_macro   0x00011027       0x22 src/ASF/common/services/delay/sam/cycle_counter.o
 .debug_macro   0x00011049      0x532 src/ASF/common/services/clock/sam4s/sysclk.o
 .debug_macro   0x0001157b      0x2c0 src/ASF/common/services/clock/sam4s/sysclk.o
 .debug_macro   0x0001183b      0x4bd src/ASF/sam/drivers/pdc/pdc.o
 .debug_macro   0x00011cf8      0x4c8 src/ASF/sam/drivers/pio/pio.o
 .debug_macro   0x000121c0      0x4c8 src/ASF/sam/drivers/pmc/pmc.o
 .debug_macro   0x00012688       0x52 src/ASF/sam/drivers/pmc/pmc.o
 .debug_macro   0x000126da      0x5f2 src/ASF/common/boards/user_board/init.o
 .debug_macro   0x00012ccc      0x2df src/ASF/sam/utils/cmsis/sam4s/source/templates/gcc/startup_sam4s.o
 .debug_macro   0x00012fab      0x2e7 src/ASF/sam/utils/cmsis/sam4s/source/templates/system_sam4s.o
 .debug_macro   0x00013292      0x19c src/ASF/sam/utils/syscalls/gcc/syscalls.o
 .debug_macro   0x0001342e       0x4c src/ASF/sam/utils/syscalls/gcc/syscalls.o
 .debug_macro   0x0001347a       0x8d src/ASF/sam/utils/syscalls/gcc/syscalls.o
 .debug_macro   0x00013507       0x4a src/ASF/sam/utils/syscalls/gcc/syscalls.o
 .debug_macro   0x00013551       0x97 src/ASF/sam/utils/syscalls/gcc/syscalls.o
 .debug_macro   0x000135e8       0xf6 src/ASF/sam/utils/syscalls/gcc/syscalls.o
 .debug_macro   0x000136de       0x52 src/ASF/sam/utils/syscalls/gcc/syscalls.o
 .debug_macro   0x00013730       0x16 src/ASF/sam/utils/syscalls/gcc/syscalls.o
 .debug_macro   0x00013746       0x10 src/ASF/sam/utils/syscalls/gcc/syscalls.o
 .debug_macro   0x00013756       0x41 src/ASF/sam/utils/syscalls/gcc/syscalls.o
 .debug_macro   0x00013797      0x122 src/ASF/sam/utils/syscalls/gcc/syscalls.o
 .debug_macro   0x000138b9      0x6a8 src/main.o
 .debug_macro   0x00013f61       0x16 src/main.o
 .debug_macro   0x00013f77       0x16 src/main.o
 .debug_macro   0x00013f8d       0x22 src/main.o

.debug_line     0x00000000     0xe6f1
 .debug_line    0x00000000      0xe06 src/cBuff.o
 .debug_line    0x00000e06      0xded src/pressureSens.o
 .debug_line    0x00001bf3      0xf87 src/senBuffIOPDC.o
 .debug_line    0x00002b7a      0x9ff src/ASF/common/utils/stdio/read.o
 .debug_line    0x00003579      0x9fc src/ASF/common/utils/stdio/write.o
 .debug_line    0x00003f75      0xb03 src/ASF/sam/drivers/pio/pio_handler.o
 .debug_line    0x00004a78      0xc45 src/ASF/sam/drivers/twi/twi.o
 .debug_line    0x000056bd      0xbc7 src/ASF/sam/drivers/uart/uart.o
 .debug_line    0x00006284      0xfd0 src/ASF/sam/drivers/usart/usart.o
 .debug_line    0x00007254      0xa02 src/ASF/common/services/delay/sam/cycle_counter.o
 .debug_line    0x00007c56      0xc7c src/ASF/common/services/clock/sam4s/sysclk.o
 .debug_line    0x000088d2      0xadd src/ASF/sam/drivers/pdc/pdc.o
 .debug_line    0x000093af      0xe1b src/ASF/sam/drivers/pio/pio.o
 .debug_line    0x0000a1ca     0x1000 src/ASF/sam/drivers/pmc/pmc.o
 .debug_line    0x0000b1ca      0xe2b src/ASF/common/boards/user_board/init.o
 .debug_line    0x0000bff5      0x819 src/ASF/sam/utils/cmsis/sam4s/source/templates/gcc/startup_sam4s.o
 .debug_line    0x0000c80e      0x858 src/ASF/sam/utils/cmsis/sam4s/source/templates/system_sam4s.o
 .debug_line    0x0000d066      0x3de src/ASF/sam/utils/syscalls/gcc/syscalls.o
 .debug_line    0x0000d444     0x12ad src/main.o

.debug_str      0x00000000    0x4cc2b
 .debug_str     0x00000000    0x49067 src/cBuff.o
                              0x49444 (size before relaxing)
 .debug_str     0x00049067      0x178 src/pressureSens.o
                              0x49511 (size before relaxing)
 .debug_str     0x000491df      0x556 src/senBuffIOPDC.o
                              0x4993e (size before relaxing)
 .debug_str     0x00049735       0x2c src/ASF/common/utils/stdio/read.o
                              0x46a99 (size before relaxing)
 .debug_str     0x00049761       0x26 src/ASF/common/utils/stdio/write.o
                              0x46a9b (size before relaxing)
 .debug_str     0x00049787      0x670 src/ASF/sam/drivers/pio/pio_handler.o
                              0x474ed (size before relaxing)
 .debug_str     0x00049df7      0x301 src/ASF/sam/drivers/twi/twi.o
                              0x46fd9 (size before relaxing)
 .debug_str     0x0004a0f8      0x1f8 src/ASF/sam/drivers/uart/uart.o
                              0x46e4d (size before relaxing)
 .debug_str     0x0004a2f0      0x796 src/ASF/sam/drivers/usart/usart.o
                              0x47493 (size before relaxing)
 .debug_str     0x0004aa86       0x35 src/ASF/common/services/delay/sam/cycle_counter.o
                              0x46c0e (size before relaxing)
 .debug_str     0x0004aabb      0x24d src/ASF/common/services/clock/sam4s/sysclk.o
                              0x484e5 (size before relaxing)
 .debug_str     0x0004ad08      0x147 src/ASF/sam/drivers/pdc/pdc.o
                              0x46c4b (size before relaxing)
 .debug_str     0x0004ae4f      0x591 src/ASF/sam/drivers/pio/pio.o
                              0x476ae (size before relaxing)
 .debug_str     0x0004b3e0      0x6e3 src/ASF/sam/drivers/pmc/pmc.o
                              0x4750c (size before relaxing)
 .debug_str     0x0004bac3       0x5c src/ASF/common/boards/user_board/init.o
                              0x49964 (size before relaxing)
 .debug_str     0x0004bb1f      0x401 src/ASF/sam/utils/cmsis/sam4s/source/templates/gcc/startup_sam4s.o
                              0x37d31 (size before relaxing)
 .debug_str     0x0004bf20       0xf1 src/ASF/sam/utils/cmsis/sam4s/source/templates/system_sam4s.o
                              0x37b07 (size before relaxing)
 .debug_str     0x0004c011      0x741 src/ASF/sam/utils/syscalls/gcc/syscalls.o
                               0x69c6 (size before relaxing)
 .debug_str     0x0004c752      0x4d9 src/main.o
                              0x4a00c (size before relaxing)

.debug_frame    0x00000000     0x3a08
 .debug_frame   0x00000000       0x88 src/cBuff.o
 .debug_frame   0x00000088       0x34 src/pressureSens.o
 .debug_frame   0x000000bc      0x1b8 src/senBuffIOPDC.o
 .debug_frame   0x00000274       0x34 src/ASF/common/utils/stdio/read.o
 .debug_frame   0x000002a8       0x34 src/ASF/common/utils/stdio/write.o
 .debug_frame   0x000002dc      0x1a4 src/ASF/sam/drivers/pio/pio_handler.o
 .debug_frame   0x00000480      0x36c src/ASF/sam/drivers/twi/twi.o
 .debug_frame   0x000007ec      0x420 src/ASF/sam/drivers/uart/uart.o
 .debug_frame   0x00000c0c      0xa7c src/ASF/sam/drivers/usart/usart.o
 .debug_frame   0x00001688       0x20 src/ASF/common/services/delay/sam/cycle_counter.o
 .debug_frame   0x000016a8      0x244 src/ASF/common/services/clock/sam4s/sysclk.o
 .debug_frame   0x000018ec      0x240 src/ASF/sam/drivers/pdc/pdc.o
 .debug_frame   0x00001b2c      0x7c0 src/ASF/sam/drivers/pio/pio.o
 .debug_frame   0x000022ec      0x920 src/ASF/sam/drivers/pmc/pmc.o
 .debug_frame   0x00002c0c       0xa0 src/ASF/common/boards/user_board/init.o
 .debug_frame   0x00002cac       0x48 src/ASF/sam/utils/cmsis/sam4s/source/templates/gcc/startup_sam4s.o
 .debug_frame   0x00002cf4       0x78 src/ASF/sam/utils/cmsis/sam4s/source/templates/system_sam4s.o
 .debug_frame   0x00002d6c      0x164 src/ASF/sam/utils/syscalls/gcc/syscalls.o
 .debug_frame   0x00002ed0      0x38c src/main.o
 .debug_frame   0x0000325c       0x2c c:/program files (x86)/atmel/studio/7.0/toolchain/arm/arm-gnu-toolchain/bin/../lib/gcc/arm-none-eabi/5.3.1/armv7e-m\libgcc.a(_aeabi_uldivmod.o)
 .debug_frame   0x00003288       0x34 c:/program files (x86)/atmel/studio/7.0/toolchain/arm/arm-gnu-toolchain/bin/../lib/gcc/arm-none-eabi/5.3.1/armv7e-m\libgcc.a(_udivmoddi4.o)
 .debug_frame   0x000032bc       0x2c c:/program files (x86)/atmel/studio/7.0/toolchain/arm/arm-gnu-toolchain/bin/../lib/gcc/arm-none-eabi/5.3.1/../../../../arm-none-eabi/lib/armv7e-m\libc.a(lib_a-init.o)
 .debug_frame   0x000032e8       0x34 c:/program files (x86)/atmel/studio/7.0/toolchain/arm/arm-gnu-toolchain/bin/../lib/gcc/arm-none-eabi/5.3.1/../../../../arm-none-eabi/lib/armv7e-m\libc.a(lib_a-memset.o)
 .debug_frame   0x0000331c       0x20 c:/program files (x86)/atmel/studio/7.0/toolchain/arm/arm-gnu-toolchain/bin/../lib/gcc/arm-none-eabi/5.3.1/../../../../arm-none-eabi/lib/armv7e-m\libc.a(lib_a-setbuf.o)
 .debug_frame   0x0000333c       0x50 c:/program files (x86)/atmel/studio/7.0/toolchain/arm/arm-gnu-toolchain/bin/../lib/gcc/arm-none-eabi/5.3.1/../../../../arm-none-eabi/lib/armv7e-m\libc.a(lib_a-setvbuf.o)
 .debug_frame   0x0000338c       0x50 c:/program files (x86)/atmel/studio/7.0/toolchain/arm/arm-gnu-toolchain/bin/../lib/gcc/arm-none-eabi/5.3.1/../../../../arm-none-eabi/lib/armv7e-m\libc.a(lib_a-__call_atexit.o)
 .debug_frame   0x000033dc       0x20 c:/program files (x86)/atmel/studio/7.0/toolchain/arm/arm-gnu-toolchain/bin/../lib/gcc/arm-none-eabi/5.3.1/../../../../arm-none-eabi/lib/armv7e-m\libc.a(lib_a-atexit.o)
 .debug_frame   0x000033fc       0x6c c:/program files (x86)/atmel/studio/7.0/toolchain/arm/arm-gnu-toolchain/bin/../lib/gcc/arm-none-eabi/5.3.1/../../../../arm-none-eabi/lib/armv7e-m\libc.a(lib_a-fflush.o)
 .debug_frame   0x00003468      0x124 c:/program files (x86)/atmel/studio/7.0/toolchain/arm/arm-gnu-toolchain/bin/../lib/gcc/arm-none-eabi/5.3.1/../../../../arm-none-eabi/lib/armv7e-m\libc.a(lib_a-findfp.o)
 .debug_frame   0x0000358c       0x34 c:/program files (x86)/atmel/studio/7.0/toolchain/arm/arm-gnu-toolchain/bin/../lib/gcc/arm-none-eabi/5.3.1/../../../../arm-none-eabi/lib/armv7e-m\libc.a(lib_a-fini.o)
 .debug_frame   0x000035c0       0x74 c:/program files (x86)/atmel/studio/7.0/toolchain/arm/arm-gnu-toolchain/bin/../lib/gcc/arm-none-eabi/5.3.1/../../../../arm-none-eabi/lib/armv7e-m\libc.a(lib_a-freer.o)
 .debug_frame   0x00003634       0x54 c:/program files (x86)/atmel/studio/7.0/toolchain/arm/arm-gnu-toolchain/bin/../lib/gcc/arm-none-eabi/5.3.1/../../../../arm-none-eabi/lib/armv7e-m\libc.a(lib_a-fwalk.o)
 .debug_frame   0x00003688       0x68 c:/program files (x86)/atmel/studio/7.0/toolchain/arm/arm-gnu-toolchain/bin/../lib/gcc/arm-none-eabi/5.3.1/../../../../arm-none-eabi/lib/armv7e-m\libc.a(lib_a-makebuf.o)
 .debug_frame   0x000036f0       0x30 c:/program files (x86)/atmel/studio/7.0/toolchain/arm/arm-gnu-toolchain/bin/../lib/gcc/arm-none-eabi/5.3.1/../../../../arm-none-eabi/lib/armv7e-m\libc.a(lib_a-malloc.o)
 .debug_frame   0x00003720       0x58 c:/program files (x86)/atmel/studio/7.0/toolchain/arm/arm-gnu-toolchain/bin/../lib/gcc/arm-none-eabi/5.3.1/../../../../arm-none-eabi/lib/armv7e-m\libc.a(lib_a-mallocr.o)
 .debug_frame   0x00003778       0x30 c:/program files (x86)/atmel/studio/7.0/toolchain/arm/arm-gnu-toolchain/bin/../lib/gcc/arm-none-eabi/5.3.1/../../../../arm-none-eabi/lib/armv7e-m\libc.a(lib_a-mlock.o)
 .debug_frame   0x000037a8       0x2c c:/program files (x86)/atmel/studio/7.0/toolchain/arm/arm-gnu-toolchain/bin/../lib/gcc/arm-none-eabi/5.3.1/../../../../arm-none-eabi/lib/armv7e-m\libc.a(lib_a-sbrkr.o)
 .debug_frame   0x000037d4       0x88 c:/program files (x86)/atmel/studio/7.0/toolchain/arm/arm-gnu-toolchain/bin/../lib/gcc/arm-none-eabi/5.3.1/../../../../arm-none-eabi/lib/armv7e-m\libc.a(lib_a-stdio.o)
 .debug_frame   0x0000385c       0x2c c:/program files (x86)/atmel/studio/7.0/toolchain/arm/arm-gnu-toolchain/bin/../lib/gcc/arm-none-eabi/5.3.1/../../../../arm-none-eabi/lib/armv7e-m\libc.a(lib_a-writer.o)
 .debug_frame   0x00003888       0x34 c:/program files (x86)/atmel/studio/7.0/toolchain/arm/arm-gnu-toolchain/bin/../lib/gcc/arm-none-eabi/5.3.1/../../../../arm-none-eabi/lib/armv7e-m\libc.a(lib_a-__atexit.o)
 .debug_frame   0x000038bc       0x2c c:/program files (x86)/atmel/studio/7.0/toolchain/arm/arm-gnu-toolchain/bin/../lib/gcc/arm-none-eabi/5.3.1/../../../../arm-none-eabi/lib/armv7e-m\libc.a(lib_a-closer.o)
 .debug_frame   0x000038e8       0x44 c:/program files (x86)/atmel/studio/7.0/toolchain/arm/arm-gnu-toolchain/bin/../lib/gcc/arm-none-eabi/5.3.1/../../../../arm-none-eabi/lib/armv7e-m\libc.a(lib_a-fclose.o)
 .debug_frame   0x0000392c       0x2c c:/program files (x86)/atmel/studio/7.0/toolchain/arm/arm-gnu-toolchain/bin/../lib/gcc/arm-none-eabi/5.3.1/../../../../arm-none-eabi/lib/armv7e-m\libc.a(lib_a-fstatr.o)
 .debug_frame   0x00003958       0x2c c:/program files (x86)/atmel/studio/7.0/toolchain/arm/arm-gnu-toolchain/bin/../lib/gcc/arm-none-eabi/5.3.1/../../../../arm-none-eabi/lib/armv7e-m\libc.a(lib_a-lseekr.o)
 .debug_frame   0x00003984       0x2c c:/program files (x86)/atmel/studio/7.0/toolchain/arm/arm-gnu-toolchain/bin/../lib/gcc/arm-none-eabi/5.3.1/../../../../arm-none-eabi/lib/armv7e-m\libc.a(lib_a-readr.o)
 .debug_frame   0x000039b0       0x58 c:/program files (x86)/atmel/studio/7.0/toolchain/arm/arm-gnu-toolchain/bin/../lib/gcc/arm-none-eabi/5.3.1/../../../../arm-none-eabi/lib/armv7e-m\libc.a(lib_a-reent.o)

Cross Reference Table

Symbol                                            File
ACC_Handler                                       src/ASF/sam/utils/cmsis/sam4s/source/templates/gcc/startup_sam4s.o
ADC_Handler                                       src/ASF/sam/utils/cmsis/sam4s/source/templates/gcc/startup_sam4s.o
ActivateValves                                    src/main.o
BusFault_Handler                                  src/ASF/sam/utils/cmsis/sam4s/source/templates/gcc/startup_sam4s.o
CBuffGetRxBytes                                   src/cBuff.o
                                                  src/main.o
CBuffReadByte                                     src/cBuff.o
                                                  src/main.o
CBuffWriteByte                                    src/cBuff.o
                                                  src/main.o
CRCCU_Handler                                     src/ASF/sam/utils/cmsis/sam4s/source/templates/gcc/startup_sam4s.o
CalcChkSum                                        src/main.o
DACC_Handler                                      src/ASF/sam/utils/cmsis/sam4s/source/templates/gcc/startup_sam4s.o
DebugMon_Handler                                  src/ASF/sam/utils/cmsis/sam4s/source/templates/gcc/startup_sam4s.o
Dummy_Handler                                     src/ASF/sam/utils/cmsis/sam4s/source/templates/gcc/startup_sam4s.o
EFC0_Handler                                      src/ASF/sam/utils/cmsis/sam4s/source/templates/gcc/startup_sam4s.o
GetTrigger                                        src/main.o
HSMCI_Handler                                     src/ASF/sam/utils/cmsis/sam4s/source/templates/gcc/startup_sam4s.o
HardFault_Handler                                 src/ASF/sam/utils/cmsis/sam4s/source/templates/gcc/startup_sam4s.o
InitDispUart                                      src/main.o
InitPeripherals                                   src/main.o
InitSystick                                       src/main.o
InitTWI                                           src/main.o
ManageResP                                        src/main.o
MemManage_Handler                                 src/ASF/sam/utils/cmsis/sam4s/source/templates/gcc/startup_sam4s.o
NMI_Handler                                       src/ASF/sam/utils/cmsis/sam4s/source/templates/gcc/startup_sam4s.o
PIOA_Handler                                      src/ASF/sam/drivers/pio/pio_handler.o
PIOB_Handler                                      src/ASF/sam/drivers/pio/pio_handler.o
PMC_Handler                                       src/ASF/sam/utils/cmsis/sam4s/source/templates/gcc/startup_sam4s.o
PWM_Handler                                       src/ASF/sam/utils/cmsis/sam4s/source/templates/gcc/startup_sam4s.o
PendSV_Handler                                    src/ASF/sam/utils/cmsis/sam4s/source/templates/gcc/startup_sam4s.o
PollSwitches                                      src/main.o
RSTC_Handler                                      src/ASF/sam/utils/cmsis/sam4s/source/templates/gcc/startup_sam4s.o
RTC_Handler                                       src/ASF/sam/utils/cmsis/sam4s/source/templates/gcc/startup_sam4s.o
RTT_Handler                                       src/ASF/sam/utils/cmsis/sam4s/source/templates/gcc/startup_sam4s.o
ReadEEPROM                                        src/main.o
ReadPressureSen                                   src/pressureSens.o
                                                  src/main.o
Reset_Handler                                     src/ASF/sam/utils/cmsis/sam4s/source/templates/gcc/startup_sam4s.o
SPI_Handler                                       src/ASF/sam/utils/cmsis/sam4s/source/templates/gcc/startup_sam4s.o
SSC_Handler                                       src/ASF/sam/utils/cmsis/sam4s/source/templates/gcc/startup_sam4s.o
SUPC_Handler                                      src/ASF/sam/utils/cmsis/sam4s/source/templates/gcc/startup_sam4s.o
SVC_Handler                                       src/ASF/sam/utils/cmsis/sam4s/source/templates/gcc/startup_sam4s.o
SenGetByte                                        src/senBuffIOPDC.o
                                                  src/main.o
SenGetRxBytes                                     src/senBuffIOPDC.o
                                                  src/main.o
SenInitUsart                                      src/senBuffIOPDC.o
                                                  src/main.o
SenParseFrame                                     src/main.o
SenPdcManageBuff                                  src/senBuffIOPDC.o
                                                  src/main.o
SenProcessData                                    src/main.o
SendDispData                                      src/main.o
SetValveState                                     src/main.o
SosIntHandler                                     src/main.o
                                                  src/ASF/common/boards/user_board/init.o
SysTick_Handler                                   src/main.o
                                                  src/ASF/sam/utils/cmsis/sam4s/source/templates/gcc/startup_sam4s.o
SystemCoreClock                                   src/ASF/sam/utils/cmsis/sam4s/source/templates/system_sam4s.o
SystemCoreClockUpdate                             src/ASF/sam/utils/cmsis/sam4s/source/templates/system_sam4s.o
                                                  src/ASF/common/services/clock/sam4s/sysclk.o
SystemInit                                        src/ASF/sam/utils/cmsis/sam4s/source/templates/system_sam4s.o
TC0_Handler                                       src/ASF/sam/utils/cmsis/sam4s/source/templates/gcc/startup_sam4s.o
TC1_Handler                                       src/ASF/sam/utils/cmsis/sam4s/source/templates/gcc/startup_sam4s.o
TC2_Handler                                       src/ASF/sam/utils/cmsis/sam4s/source/templates/gcc/startup_sam4s.o
TWI0_Handler                                      src/ASF/sam/utils/cmsis/sam4s/source/templates/gcc/startup_sam4s.o
TWI1_Handler                                      src/ASF/sam/utils/cmsis/sam4s/source/templates/gcc/startup_sam4s.o
UART0_Handler                                     src/ASF/sam/utils/cmsis/sam4s/source/templates/gcc/startup_sam4s.o
UART1_Handler                                     src/ASF/sam/utils/cmsis/sam4s/source/templates/gcc/startup_sam4s.o
UDP_Handler                                       src/ASF/sam/utils/cmsis/sam4s/source/templates/gcc/startup_sam4s.o
USART0_Handler                                    src/ASF/sam/utils/cmsis/sam4s/source/templates/gcc/startup_sam4s.o
USART1_Handler                                    src/ASF/sam/utils/cmsis/sam4s/source/templates/gcc/startup_sam4s.o
UsageFault_Handler                                src/ASF/sam/utils/cmsis/sam4s/source/templates/gcc/startup_sam4s.o
WDT_Handler                                       src/ASF/sam/utils/cmsis/sam4s/source/templates/gcc/startup_sam4s.o
WriteEEPROM                                       src/main.o
_Jv_RegisterClasses                               c:/program files (x86)/atmel/studio/7.0/toolchain/arm/arm-gnu-toolchain/bin/../lib/gcc/arm-none-eabi/5.3.1/armv7e-m/crtbegin.o
__addsf3                                          c:/program files (x86)/atmel/studio/7.0/toolchain/arm/arm-gnu-toolchain/bin/../lib/gcc/arm-none-eabi/5.3.1/armv7e-m\libgcc.a(_arm_addsubsf3.o)
__aeabi_cfcmpeq                                   c:/program files (x86)/atmel/studio/7.0/toolchain/arm/arm-gnu-toolchain/bin/../lib/gcc/arm-none-eabi/5.3.1/armv7e-m\libgcc.a(_arm_cmpsf2.o)
__aeabi_cfcmple                                   c:/program files (x86)/atmel/studio/7.0/toolchain/arm/arm-gnu-toolchain/bin/../lib/gcc/arm-none-eabi/5.3.1/armv7e-m\libgcc.a(_arm_cmpsf2.o)
__aeabi_cfrcmple                                  c:/program files (x86)/atmel/studio/7.0/toolchain/arm/arm-gnu-toolchain/bin/../lib/gcc/arm-none-eabi/5.3.1/armv7e-m\libgcc.a(_arm_cmpsf2.o)
__aeabi_fadd                                      c:/program files (x86)/atmel/studio/7.0/toolchain/arm/arm-gnu-toolchain/bin/../lib/gcc/arm-none-eabi/5.3.1/armv7e-m\libgcc.a(_arm_addsubsf3.o)
                                                  src/main.o